running egg_info
creating ../build/arm_control/arm_control.egg-info
writing ../build/arm_control/arm_control.egg-info/PKG-INFO
writing dependency_links to ../build/arm_control/arm_control.egg-info/dependency_links.txt
writing requirements to ../build/arm_control/arm_control.egg-info/requires.txt
writing top-level names to ../build/arm_control/arm_control.egg-info/top_level.txt
writing manifest file '../build/arm_control/arm_control.egg-info/SOURCES.txt'
reading manifest file '../build/arm_control/arm_control.egg-info/SOURCES.txt'
writing manifest file '../build/arm_control/arm_control.egg-info/SOURCES.txt'
running build
running build_py
creating /home/ritvik/Documents/MRT_ROS_WS/build/arm_control/build
creating /home/ritvik/Documents/MRT_ROS_WS/build/arm_control/build/lib
creating /home/ritvik/Documents/MRT_ROS_WS/build/arm_control/build/lib/arm_control
copying arm_control/__init__.py -> /home/ritvik/Documents/MRT_ROS_WS/build/arm_control/build/lib/arm_control
running install
running install_lib
creating /home/ritvik/Documents/MRT_ROS_WS/install/arm_control/lib/python3.12/site-packages/arm_control
copying /home/ritvik/Documents/MRT_ROS_WS/build/arm_control/build/lib/arm_control/__init__.py -> /home/ritvik/Documents/MRT_ROS_WS/install/arm_control/lib/python3.12/site-packages/arm_control
byte-compiling /home/ritvik/Documents/MRT_ROS_WS/install/arm_control/lib/python3.12/site-packages/arm_control/__init__.py to __init__.cpython-312.pyc
running install_data
creating /home/ritvik/Documents/MRT_ROS_WS/install/arm_control/share/ament_index
creating /home/ritvik/Documents/MRT_ROS_WS/install/arm_control/share/ament_index/resource_index
creating /home/ritvik/Documents/MRT_ROS_WS/install/arm_control/share/ament_index/resource_index/packages
copying resource/arm_control -> /home/ritvik/Documents/MRT_ROS_WS/install/arm_control/share/ament_index/resource_index/packages
copying package.xml -> /home/ritvik/Documents/MRT_ROS_WS/install/arm_control/share/arm_control
running install_egg_info
Copying ../build/arm_control/arm_control.egg-info to /home/ritvik/Documents/MRT_ROS_WS/install/arm_control/lib/python3.12/site-packages/arm_control-0.0.0-py3.12.egg-info
running install_scripts
writing list of installed files to '/home/ritvik/Documents/MRT_ROS_WS/build/arm_control/install.log'
