running egg_info
creating ../../build/can_controller/can_controller.egg-info
writing ../../build/can_controller/can_controller.egg-info/PKG-INFO
writing dependency_links to ../../build/can_controller/can_controller.egg-info/dependency_links.txt
writing entry points to ../../build/can_controller/can_controller.egg-info/entry_points.txt
writing requirements to ../../build/can_controller/can_controller.egg-info/requires.txt
writing top-level names to ../../build/can_controller/can_controller.egg-info/top_level.txt
writing manifest file '../../build/can_controller/can_controller.egg-info/SOURCES.txt'
reading manifest file '../../build/can_controller/can_controller.egg-info/SOURCES.txt'
writing manifest file '../../build/can_controller/can_controller.egg-info/SOURCES.txt'
running build
running build_py
creating /home/ritvik/Documents/MRT_ROS_WS/build/can_controller/build
creating /home/ritvik/Documents/MRT_ROS_WS/build/can_controller/build/lib
creating /home/ritvik/Documents/MRT_ROS_WS/build/can_controller/build/lib/can_controller
copying can_controller/can_sender.py -> /home/ritvik/Documents/MRT_ROS_WS/build/can_controller/build/lib/can_controller
copying can_controller/__init__.py -> /home/ritvik/Documents/MRT_ROS_WS/build/can_controller/build/lib/can_controller
copying can_controller/arbitration_id.py -> /home/ritvik/Documents/MRT_ROS_WS/build/can_controller/build/lib/can_controller
copying can_controller/can_controller.py -> /home/ritvik/Documents/MRT_ROS_WS/build/can_controller/build/lib/can_controller
running install
running install_lib
creating /home/ritvik/Documents/MRT_ROS_WS/install/can_controller/lib/python3.12/site-packages/can_controller
copying /home/ritvik/Documents/MRT_ROS_WS/build/can_controller/build/lib/can_controller/can_sender.py -> /home/ritvik/Documents/MRT_ROS_WS/install/can_controller/lib/python3.12/site-packages/can_controller
copying /home/ritvik/Documents/MRT_ROS_WS/build/can_controller/build/lib/can_controller/__init__.py -> /home/ritvik/Documents/MRT_ROS_WS/install/can_controller/lib/python3.12/site-packages/can_controller
copying /home/ritvik/Documents/MRT_ROS_WS/build/can_controller/build/lib/can_controller/arbitration_id.py -> /home/ritvik/Documents/MRT_ROS_WS/install/can_controller/lib/python3.12/site-packages/can_controller
copying /home/ritvik/Documents/MRT_ROS_WS/build/can_controller/build/lib/can_controller/can_controller.py -> /home/ritvik/Documents/MRT_ROS_WS/install/can_controller/lib/python3.12/site-packages/can_controller
byte-compiling /home/ritvik/Documents/MRT_ROS_WS/install/can_controller/lib/python3.12/site-packages/can_controller/can_sender.py to can_sender.cpython-312.pyc
byte-compiling /home/ritvik/Documents/MRT_ROS_WS/install/can_controller/lib/python3.12/site-packages/can_controller/__init__.py to __init__.cpython-312.pyc
byte-compiling /home/ritvik/Documents/MRT_ROS_WS/install/can_controller/lib/python3.12/site-packages/can_controller/arbitration_id.py to arbitration_id.cpython-312.pyc
byte-compiling /home/ritvik/Documents/MRT_ROS_WS/install/can_controller/lib/python3.12/site-packages/can_controller/can_controller.py to can_controller.cpython-312.pyc
running install_data
creating /home/ritvik/Documents/MRT_ROS_WS/install/can_controller/share/ament_index
creating /home/ritvik/Documents/MRT_ROS_WS/install/can_controller/share/ament_index/resource_index
creating /home/ritvik/Documents/MRT_ROS_WS/install/can_controller/share/ament_index/resource_index/packages
copying resource/can_controller -> /home/ritvik/Documents/MRT_ROS_WS/install/can_controller/share/ament_index/resource_index/packages
copying package.xml -> /home/ritvik/Documents/MRT_ROS_WS/install/can_controller/share/can_controller
running install_egg_info
Copying ../../build/can_controller/can_controller.egg-info to /home/ritvik/Documents/MRT_ROS_WS/install/can_controller/lib/python3.12/site-packages/can_controller-0.0.0-py3.12.egg-info
running install_scripts
Installing can_controller script to /home/ritvik/Documents/MRT_ROS_WS/install/can_controller/lib/can_controller
writing list of installed files to '/home/ritvik/Documents/MRT_ROS_WS/build/can_controller/install.log'
