[2.969s] Invoking command in '/home/ritvik/Documents/MRT_ROS_WS/src/drive_commands': DEBUGINFOD_URLS=https://debuginfod.ubuntu.com PYTHONPATH=/home/ritvik/Documents/MRT_ROS_WS/build/drive_commands/prefix_override:/usr/lib/python3/dist-packages/colcon_core/task/python/colcon_distutils_commands:/home/ritvik/Documents/MRT_ROS_WS/install/drive_commands/lib/python3.12/site-packages:${PYTHONPATH} /usr/bin/python3 -W ignore:setup.py install is deprecated -W ignore:easy_install command is deprecated setup.py egg_info --egg-base ../../build/drive_commands build --build-base /home/ritvik/Documents/MRT_ROS_WS/build/drive_commands/build install --record /home/ritvik/Documents/MRT_ROS_WS/build/drive_commands/install.log --single-version-externally-managed install_data
[3.481s] running egg_info
[3.517s] writing ../../build/drive_commands/drive_commands.egg-info/PKG-INFO
[3.517s] writing dependency_links to ../../build/drive_commands/drive_commands.egg-info/dependency_links.txt
[3.518s] writing entry points to ../../build/drive_commands/drive_commands.egg-info/entry_points.txt
[3.518s] writing requirements to ../../build/drive_commands/drive_commands.egg-info/requires.txt
[3.518s] writing top-level names to ../../build/drive_commands/drive_commands.egg-info/top_level.txt
[3.593s] reading manifest file '../../build/drive_commands/drive_commands.egg-info/SOURCES.txt'
[3.595s] writing manifest file '../../build/drive_commands/drive_commands.egg-info/SOURCES.txt'
[3.596s] running build
[3.596s] running build_py
[3.596s] running install
[3.608s] running install_lib
[3.645s] running install_data
[3.645s] running install_egg_info
[3.685s] removing '/home/ritvik/Documents/MRT_ROS_WS/install/drive_commands/lib/python3.12/site-packages/drive_commands-0.0.0-py3.12.egg-info' (and everything under it)
[3.686s] Copying ../../build/drive_commands/drive_commands.egg-info to /home/ritvik/Documents/MRT_ROS_WS/install/drive_commands/lib/python3.12/site-packages/drive_commands-0.0.0-py3.12.egg-info
[3.688s] running install_scripts
[3.939s] Installing drive_command_test script to /home/ritvik/Documents/MRT_ROS_WS/install/drive_commands/lib/drive_commands
[3.939s] writing list of installed files to '/home/ritvik/Documents/MRT_ROS_WS/build/drive_commands/install.log'
[4.006s] Invoked command in '/home/ritvik/Documents/MRT_ROS_WS/src/drive_commands' returned '0': DEBUGINFOD_URLS=https://debuginfod.ubuntu.com PYTHONPATH=/home/ritvik/Documents/MRT_ROS_WS/build/drive_commands/prefix_override:/usr/lib/python3/dist-packages/colcon_core/task/python/colcon_distutils_commands:/home/ritvik/Documents/MRT_ROS_WS/install/drive_commands/lib/python3.12/site-packages:${PYTHONPATH} /usr/bin/python3 -W ignore:setup.py install is deprecated -W ignore:easy_install command is deprecated setup.py egg_info --egg-base ../../build/drive_commands build --build-base /home/ritvik/Documents/MRT_ROS_WS/build/drive_commands/build install --record /home/ritvik/Documents/MRT_ROS_WS/build/drive_commands/install.log --single-version-externally-managed install_data
