[0.489s] DEBUG:colcon:Command line arguments: ['/usr/bin/colcon', 'build']
[0.489s] DEBUG:colcon:Parsed command line arguments: Namespace(log_base=None, log_level=None, verb_name='build', build_base='build', install_base='install', merge_install=False, symlink_install=False, test_result_base=None, continue_on_error=False, executor='parallel', parallel_workers=16, event_handlers=None, ignore_user_meta=False, metas=['./colcon.meta'], base_paths=['.'], packages_ignore=None, packages_ignore_regex=None, paths=None, packages_up_to=None, packages_up_to_regex=None, packages_above=None, packages_above_and_dependencies=None, packages_above_depth=None, packages_select_by_dep=None, packages_skip_by_dep=None, packages_skip_up_to=None, packages_select_build_failed=False, packages_skip_build_finished=False, packages_select_test_failures=False, packages_skip_test_passed=False, packages_select=None, packages_skip=None, packages_select_regex=None, packages_skip_regex=None, packages_start=None, packages_end=None, allow_overriding=[], cmake_args=None, cmake_target=None, cmake_target_skip_unavailable=False, cmake_clean_cache=False, cmake_clean_first=False, cmake_force_configure=False, ament_cmake_args=None, catkin_cmake_args=None, catkin_skip_building_tests=False, mixin_files=None, mixin=None, verb_parser=<colcon_mixin.mixin.mixin_argument.MixinArgumentDecorator object at 0x772efb31b920>, verb_extension=<colcon_core.verb.build.BuildVerb object at 0x772efb31b4a0>, main=<bound method BuildVerb.main of <colcon_core.verb.build.BuildVerb object at 0x772efb31b4a0>>, mixin_verb=('build',))
[0.627s] Level 1:colcon.colcon_core.package_discovery:discover_packages(colcon_meta) check parameters
[0.627s] Level 1:colcon.colcon_core.package_discovery:discover_packages(recursive) check parameters
[0.628s] Level 1:colcon.colcon_core.package_discovery:discover_packages(ignore) check parameters
[0.628s] Level 1:colcon.colcon_core.package_discovery:discover_packages(path) check parameters
[0.628s] Level 1:colcon.colcon_core.package_discovery:discover_packages(colcon_meta) discover
[0.628s] Level 1:colcon.colcon_core.package_discovery:discover_packages(recursive) discover
[0.628s] INFO:colcon.colcon_core.package_discovery:Crawling recursively for packages in '/home/ritvik/Documents/MRT_ROS_WS'
[0.628s] Level 1:colcon.colcon_core.package_identification:_identify(.) by extensions ['ignore', 'ignore_ament_install']
[0.628s] Level 1:colcon.colcon_core.package_identification:_identify(.) by extension 'ignore'
[0.628s] Level 1:colcon.colcon_core.package_identification:_identify(.) by extension 'ignore_ament_install'
[0.629s] Level 1:colcon.colcon_core.package_identification:_identify(.) by extensions ['colcon_pkg']
[0.629s] Level 1:colcon.colcon_core.package_identification:_identify(.) by extension 'colcon_pkg'
[0.629s] Level 1:colcon.colcon_core.package_identification:_identify(.) by extensions ['colcon_meta']
[0.629s] Level 1:colcon.colcon_core.package_identification:_identify(.) by extension 'colcon_meta'
[0.629s] Level 1:colcon.colcon_core.package_identification:_identify(.) by extensions ['ros']
[0.629s] Level 1:colcon.colcon_core.package_identification:_identify(.) by extension 'ros'
[0.684s] Level 1:colcon.colcon_core.package_identification:_identify(.) by extensions ['cmake', 'python']
[0.684s] Level 1:colcon.colcon_core.package_identification:_identify(.) by extension 'cmake'
[0.684s] Level 1:colcon.colcon_core.package_identification:_identify(.) by extension 'python'
[0.685s] Level 1:colcon.colcon_core.package_identification:_identify(.) by extensions ['python_setup_py']
[0.685s] Level 1:colcon.colcon_core.package_identification:_identify(.) by extension 'python_setup_py'
[0.685s] Level 1:colcon.colcon_core.package_identification:_identify(arm_control) by extensions ['ignore', 'ignore_ament_install']
[0.686s] Level 1:colcon.colcon_core.package_identification:_identify(arm_control) by extension 'ignore'
[0.686s] Level 1:colcon.colcon_core.package_identification:_identify(arm_control) by extension 'ignore_ament_install'
[0.686s] Level 1:colcon.colcon_core.package_identification:_identify(arm_control) by extensions ['colcon_pkg']
[0.686s] Level 1:colcon.colcon_core.package_identification:_identify(arm_control) by extension 'colcon_pkg'
[0.687s] Level 1:colcon.colcon_core.package_identification:_identify(arm_control) by extensions ['colcon_meta']
[0.687s] Level 1:colcon.colcon_core.package_identification:_identify(arm_control) by extension 'colcon_meta'
[0.687s] Level 1:colcon.colcon_core.package_identification:_identify(arm_control) by extensions ['ros']
[0.687s] Level 1:colcon.colcon_core.package_identification:_identify(arm_control) by extension 'ros'
[0.696s] DEBUG:colcon.colcon_core.package_identification:Package 'arm_control' with type 'ros.ament_python' and name 'arm_control'
[0.696s] Level 1:colcon.colcon_core.package_identification:_identify(build) by extensions ['ignore', 'ignore_ament_install']
[0.696s] Level 1:colcon.colcon_core.package_identification:_identify(build) by extension 'ignore'
[0.696s] Level 1:colcon.colcon_core.package_identification:_identify(build) ignored
[0.697s] Level 1:colcon.colcon_core.package_identification:_identify(install) by extensions ['ignore', 'ignore_ament_install']
[0.697s] Level 1:colcon.colcon_core.package_identification:_identify(install) by extension 'ignore'
[0.697s] Level 1:colcon.colcon_core.package_identification:_identify(install) ignored
[0.697s] Level 1:colcon.colcon_core.package_identification:_identify(log) by extensions ['ignore', 'ignore_ament_install']
[0.697s] Level 1:colcon.colcon_core.package_identification:_identify(log) by extension 'ignore'
[0.698s] Level 1:colcon.colcon_core.package_identification:_identify(log) ignored
[0.698s] Level 1:colcon.colcon_core.package_identification:_identify(src) by extensions ['ignore', 'ignore_ament_install']
[0.698s] Level 1:colcon.colcon_core.package_identification:_identify(src) by extension 'ignore'
[0.698s] Level 1:colcon.colcon_core.package_identification:_identify(src) by extension 'ignore_ament_install'
[0.698s] Level 1:colcon.colcon_core.package_identification:_identify(src) by extensions ['colcon_pkg']
[0.698s] Level 1:colcon.colcon_core.package_identification:_identify(src) by extension 'colcon_pkg'
[0.698s] Level 1:colcon.colcon_core.package_identification:_identify(src) by extensions ['colcon_meta']
[0.698s] Level 1:colcon.colcon_core.package_identification:_identify(src) by extension 'colcon_meta'
[0.698s] Level 1:colcon.colcon_core.package_identification:_identify(src) by extensions ['ros']
[0.698s] Level 1:colcon.colcon_core.package_identification:_identify(src) by extension 'ros'
[0.699s] Level 1:colcon.colcon_core.package_identification:_identify(src) by extensions ['cmake', 'python']
[0.699s] Level 1:colcon.colcon_core.package_identification:_identify(src) by extension 'cmake'
[0.699s] Level 1:colcon.colcon_core.package_identification:_identify(src) by extension 'python'
[0.699s] Level 1:colcon.colcon_core.package_identification:_identify(src) by extensions ['python_setup_py']
[0.699s] Level 1:colcon.colcon_core.package_identification:_identify(src) by extension 'python_setup_py'
[0.699s] Level 1:colcon.colcon_core.package_identification:_identify(src/can_controller) by extensions ['ignore', 'ignore_ament_install']
[0.699s] Level 1:colcon.colcon_core.package_identification:_identify(src/can_controller) by extension 'ignore'
[0.699s] Level 1:colcon.colcon_core.package_identification:_identify(src/can_controller) by extension 'ignore_ament_install'
[0.699s] Level 1:colcon.colcon_core.package_identification:_identify(src/can_controller) by extensions ['colcon_pkg']
[0.700s] Level 1:colcon.colcon_core.package_identification:_identify(src/can_controller) by extension 'colcon_pkg'
[0.700s] Level 1:colcon.colcon_core.package_identification:_identify(src/can_controller) by extensions ['colcon_meta']
[0.700s] Level 1:colcon.colcon_core.package_identification:_identify(src/can_controller) by extension 'colcon_meta'
[0.700s] Level 1:colcon.colcon_core.package_identification:_identify(src/can_controller) by extensions ['ros']
[0.700s] Level 1:colcon.colcon_core.package_identification:_identify(src/can_controller) by extension 'ros'
[0.701s] DEBUG:colcon.colcon_core.package_identification:Package 'src/can_controller' with type 'ros.ament_python' and name 'can_controller'
[0.701s] Level 1:colcon.colcon_core.package_identification:_identify(src/can_interfaces) by extensions ['ignore', 'ignore_ament_install']
[0.702s] Level 1:colcon.colcon_core.package_identification:_identify(src/can_interfaces) by extension 'ignore'
[0.702s] Level 1:colcon.colcon_core.package_identification:_identify(src/can_interfaces) by extension 'ignore_ament_install'
[0.702s] Level 1:colcon.colcon_core.package_identification:_identify(src/can_interfaces) by extensions ['colcon_pkg']
[0.702s] Level 1:colcon.colcon_core.package_identification:_identify(src/can_interfaces) by extension 'colcon_pkg'
[0.702s] Level 1:colcon.colcon_core.package_identification:_identify(src/can_interfaces) by extensions ['colcon_meta']
[0.702s] Level 1:colcon.colcon_core.package_identification:_identify(src/can_interfaces) by extension 'colcon_meta'
[0.702s] Level 1:colcon.colcon_core.package_identification:_identify(src/can_interfaces) by extensions ['ros']
[0.702s] Level 1:colcon.colcon_core.package_identification:_identify(src/can_interfaces) by extension 'ros'
[0.703s] DEBUG:colcon.colcon_core.package_identification:Package 'src/can_interfaces' with type 'ros.ament_cmake' and name 'can_interfaces'
[0.704s] Level 1:colcon.colcon_core.package_identification:_identify(src/drive_commands) by extensions ['ignore', 'ignore_ament_install']
[0.704s] Level 1:colcon.colcon_core.package_identification:_identify(src/drive_commands) by extension 'ignore'
[0.704s] Level 1:colcon.colcon_core.package_identification:_identify(src/drive_commands) by extension 'ignore_ament_install'
[0.704s] Level 1:colcon.colcon_core.package_identification:_identify(src/drive_commands) by extensions ['colcon_pkg']
[0.704s] Level 1:colcon.colcon_core.package_identification:_identify(src/drive_commands) by extension 'colcon_pkg'
[0.704s] Level 1:colcon.colcon_core.package_identification:_identify(src/drive_commands) by extensions ['colcon_meta']
[0.704s] Level 1:colcon.colcon_core.package_identification:_identify(src/drive_commands) by extension 'colcon_meta'
[0.705s] Level 1:colcon.colcon_core.package_identification:_identify(src/drive_commands) by extensions ['ros']
[0.705s] Level 1:colcon.colcon_core.package_identification:_identify(src/drive_commands) by extension 'ros'
[0.708s] DEBUG:colcon.colcon_core.package_identification:Package 'src/drive_commands' with type 'ros.ament_python' and name 'drive_commands'
[0.708s] Level 1:colcon.colcon_core.package_discovery:discover_packages(recursive) using defaults
[0.708s] Level 1:colcon.colcon_core.package_discovery:discover_packages(ignore) discover
[0.708s] Level 1:colcon.colcon_core.package_discovery:discover_packages(ignore) using defaults
[0.708s] Level 1:colcon.colcon_core.package_discovery:discover_packages(path) discover
[0.709s] Level 1:colcon.colcon_core.package_discovery:discover_packages(path) using defaults
[0.757s] Level 1:colcon.colcon_core.package_discovery:discover_packages(prefix_path) check parameters
[0.757s] Level 1:colcon.colcon_core.package_discovery:discover_packages(prefix_path) discover
[0.766s] DEBUG:colcon.colcon_installed_package_information.package_discovery:Found 1 installed packages in /home/ritvik/rover_arm_ws/install
[0.771s] DEBUG:colcon.colcon_installed_package_information.package_discovery:Found 385 installed packages in /opt/ros/jazzy
[0.773s] Level 1:colcon.colcon_core.package_discovery:discover_packages(prefix_path) using defaults
[0.876s] Level 5:colcon.colcon_core.verb:set package 'arm_control' build argument 'cmake_args' from command line to 'None'
[0.877s] Level 5:colcon.colcon_core.verb:set package 'arm_control' build argument 'cmake_target' from command line to 'None'
[0.877s] Level 5:colcon.colcon_core.verb:set package 'arm_control' build argument 'cmake_target_skip_unavailable' from command line to 'False'
[0.877s] Level 5:colcon.colcon_core.verb:set package 'arm_control' build argument 'cmake_clean_cache' from command line to 'False'
[0.877s] Level 5:colcon.colcon_core.verb:set package 'arm_control' build argument 'cmake_clean_first' from command line to 'False'
[0.877s] Level 5:colcon.colcon_core.verb:set package 'arm_control' build argument 'cmake_force_configure' from command line to 'False'
[0.877s] Level 5:colcon.colcon_core.verb:set package 'arm_control' build argument 'ament_cmake_args' from command line to 'None'
[0.877s] Level 5:colcon.colcon_core.verb:set package 'arm_control' build argument 'catkin_cmake_args' from command line to 'None'
[0.877s] Level 5:colcon.colcon_core.verb:set package 'arm_control' build argument 'catkin_skip_building_tests' from command line to 'False'
[0.877s] DEBUG:colcon.colcon_core.verb:Building package 'arm_control' with the following arguments: {'ament_cmake_args': None, 'build_base': '/home/ritvik/Documents/MRT_ROS_WS/build/arm_control', 'catkin_cmake_args': None, 'catkin_skip_building_tests': False, 'cmake_args': None, 'cmake_clean_cache': False, 'cmake_clean_first': False, 'cmake_force_configure': False, 'cmake_target': None, 'cmake_target_skip_unavailable': False, 'install_base': '/home/ritvik/Documents/MRT_ROS_WS/install/arm_control', 'merge_install': False, 'path': '/home/ritvik/Documents/MRT_ROS_WS/arm_control', 'symlink_install': False, 'test_result_base': None}
[0.878s] Level 5:colcon.colcon_core.verb:set package 'can_controller' build argument 'cmake_args' from command line to 'None'
[0.878s] Level 5:colcon.colcon_core.verb:set package 'can_controller' build argument 'cmake_target' from command line to 'None'
[0.878s] Level 5:colcon.colcon_core.verb:set package 'can_controller' build argument 'cmake_target_skip_unavailable' from command line to 'False'
[0.878s] Level 5:colcon.colcon_core.verb:set package 'can_controller' build argument 'cmake_clean_cache' from command line to 'False'
[0.878s] Level 5:colcon.colcon_core.verb:set package 'can_controller' build argument 'cmake_clean_first' from command line to 'False'
[0.878s] Level 5:colcon.colcon_core.verb:set package 'can_controller' build argument 'cmake_force_configure' from command line to 'False'
[0.878s] Level 5:colcon.colcon_core.verb:set package 'can_controller' build argument 'ament_cmake_args' from command line to 'None'
[0.878s] Level 5:colcon.colcon_core.verb:set package 'can_controller' build argument 'catkin_cmake_args' from command line to 'None'
[0.878s] Level 5:colcon.colcon_core.verb:set package 'can_controller' build argument 'catkin_skip_building_tests' from command line to 'False'
[0.878s] DEBUG:colcon.colcon_core.verb:Building package 'can_controller' with the following arguments: {'ament_cmake_args': None, 'build_base': '/home/ritvik/Documents/MRT_ROS_WS/build/can_controller', 'catkin_cmake_args': None, 'catkin_skip_building_tests': False, 'cmake_args': None, 'cmake_clean_cache': False, 'cmake_clean_first': False, 'cmake_force_configure': False, 'cmake_target': None, 'cmake_target_skip_unavailable': False, 'install_base': '/home/ritvik/Documents/MRT_ROS_WS/install/can_controller', 'merge_install': False, 'path': '/home/ritvik/Documents/MRT_ROS_WS/src/can_controller', 'symlink_install': False, 'test_result_base': None}
[0.878s] Level 5:colcon.colcon_core.verb:set package 'can_interfaces' build argument 'cmake_args' from command line to 'None'
[0.879s] Level 5:colcon.colcon_core.verb:set package 'can_interfaces' build argument 'cmake_target' from command line to 'None'
[0.879s] Level 5:colcon.colcon_core.verb:set package 'can_interfaces' build argument 'cmake_target_skip_unavailable' from command line to 'False'
[0.879s] Level 5:colcon.colcon_core.verb:set package 'can_interfaces' build argument 'cmake_clean_cache' from command line to 'False'
[0.879s] Level 5:colcon.colcon_core.verb:set package 'can_interfaces' build argument 'cmake_clean_first' from command line to 'False'
[0.879s] Level 5:colcon.colcon_core.verb:set package 'can_interfaces' build argument 'cmake_force_configure' from command line to 'False'
[0.879s] Level 5:colcon.colcon_core.verb:set package 'can_interfaces' build argument 'ament_cmake_args' from command line to 'None'
[0.879s] Level 5:colcon.colcon_core.verb:set package 'can_interfaces' build argument 'catkin_cmake_args' from command line to 'None'
[0.879s] Level 5:colcon.colcon_core.verb:set package 'can_interfaces' build argument 'catkin_skip_building_tests' from command line to 'False'
[0.879s] DEBUG:colcon.colcon_core.verb:Building package 'can_interfaces' with the following arguments: {'ament_cmake_args': None, 'build_base': '/home/ritvik/Documents/MRT_ROS_WS/build/can_interfaces', 'catkin_cmake_args': None, 'catkin_skip_building_tests': False, 'cmake_args': None, 'cmake_clean_cache': False, 'cmake_clean_first': False, 'cmake_force_configure': False, 'cmake_target': None, 'cmake_target_skip_unavailable': False, 'install_base': '/home/ritvik/Documents/MRT_ROS_WS/install/can_interfaces', 'merge_install': False, 'path': '/home/ritvik/Documents/MRT_ROS_WS/src/can_interfaces', 'symlink_install': False, 'test_result_base': None}
[0.879s] Level 5:colcon.colcon_core.verb:set package 'drive_commands' build argument 'cmake_args' from command line to 'None'
[0.879s] Level 5:colcon.colcon_core.verb:set package 'drive_commands' build argument 'cmake_target' from command line to 'None'
[0.879s] Level 5:colcon.colcon_core.verb:set package 'drive_commands' build argument 'cmake_target_skip_unavailable' from command line to 'False'
[0.879s] Level 5:colcon.colcon_core.verb:set package 'drive_commands' build argument 'cmake_clean_cache' from command line to 'False'
[0.879s] Level 5:colcon.colcon_core.verb:set package 'drive_commands' build argument 'cmake_clean_first' from command line to 'False'
[0.880s] Level 5:colcon.colcon_core.verb:set package 'drive_commands' build argument 'cmake_force_configure' from command line to 'False'
[0.880s] Level 5:colcon.colcon_core.verb:set package 'drive_commands' build argument 'ament_cmake_args' from command line to 'None'
[0.880s] Level 5:colcon.colcon_core.verb:set package 'drive_commands' build argument 'catkin_cmake_args' from command line to 'None'
[0.880s] Level 5:colcon.colcon_core.verb:set package 'drive_commands' build argument 'catkin_skip_building_tests' from command line to 'False'
[0.880s] DEBUG:colcon.colcon_core.verb:Building package 'drive_commands' with the following arguments: {'ament_cmake_args': None, 'build_base': '/home/ritvik/Documents/MRT_ROS_WS/build/drive_commands', 'catkin_cmake_args': None, 'catkin_skip_building_tests': False, 'cmake_args': None, 'cmake_clean_cache': False, 'cmake_clean_first': False, 'cmake_force_configure': False, 'cmake_target': None, 'cmake_target_skip_unavailable': False, 'install_base': '/home/ritvik/Documents/MRT_ROS_WS/install/drive_commands', 'merge_install': False, 'path': '/home/ritvik/Documents/MRT_ROS_WS/src/drive_commands', 'symlink_install': False, 'test_result_base': None}
[0.880s] INFO:colcon.colcon_core.executor:Executing jobs using 'parallel' executor
[0.882s] DEBUG:colcon.colcon_parallel_executor.executor.parallel:run_until_complete
[0.882s] INFO:colcon.colcon_ros.task.ament_python.build:Building ROS package in '/home/ritvik/Documents/MRT_ROS_WS/arm_control' with build type 'ament_python'
[0.882s] Level 1:colcon.colcon_core.shell:create_environment_hook('arm_control', 'ament_prefix_path')
[0.897s] INFO:colcon.colcon_core.plugin_system:Skipping extension 'colcon_core.shell.bat': Not used on non-Windows systems
[0.897s] INFO:colcon.colcon_core.shell:Creating environment hook '/home/ritvik/Documents/MRT_ROS_WS/install/arm_control/share/arm_control/hook/ament_prefix_path.ps1'
[0.899s] INFO:colcon.colcon_core.shell:Creating environment descriptor '/home/ritvik/Documents/MRT_ROS_WS/install/arm_control/share/arm_control/hook/ament_prefix_path.dsv'
[0.901s] INFO:colcon.colcon_core.shell:Creating environment hook '/home/ritvik/Documents/MRT_ROS_WS/install/arm_control/share/arm_control/hook/ament_prefix_path.sh'
[0.903s] INFO:colcon.colcon_core.shell:Skip shell extension 'powershell' for command environment: Not usable outside of PowerShell
[0.903s] DEBUG:colcon.colcon_core.shell:Skip shell extension 'dsv' for command environment
[0.913s] INFO:colcon.colcon_ros.task.ament_python.build:Building ROS package in '/home/ritvik/Documents/MRT_ROS_WS/src/can_controller' with build type 'ament_python'
[0.914s] Level 1:colcon.colcon_core.shell:create_environment_hook('can_controller', 'ament_prefix_path')
[0.914s] INFO:colcon.colcon_core.shell:Creating environment hook '/home/ritvik/Documents/MRT_ROS_WS/install/can_controller/share/can_controller/hook/ament_prefix_path.ps1'
[0.916s] INFO:colcon.colcon_core.shell:Creating environment descriptor '/home/ritvik/Documents/MRT_ROS_WS/install/can_controller/share/can_controller/hook/ament_prefix_path.dsv'
[0.917s] INFO:colcon.colcon_core.shell:Creating environment hook '/home/ritvik/Documents/MRT_ROS_WS/install/can_controller/share/can_controller/hook/ament_prefix_path.sh'
[0.918s] INFO:colcon.colcon_core.shell:Skip shell extension 'powershell' for command environment: Not usable outside of PowerShell
[0.918s] DEBUG:colcon.colcon_core.shell:Skip shell extension 'dsv' for command environment
[0.928s] INFO:colcon.colcon_ros.task.ament_cmake.build:Building ROS package in '/home/ritvik/Documents/MRT_ROS_WS/src/can_interfaces' with build type 'ament_cmake'
[0.929s] INFO:colcon.colcon_cmake.task.cmake.build:Building CMake package in '/home/ritvik/Documents/MRT_ROS_WS/src/can_interfaces'
[0.929s] INFO:colcon.colcon_core.shell:Skip shell extension 'powershell' for command environment: Not usable outside of PowerShell
[0.929s] DEBUG:colcon.colcon_core.shell:Skip shell extension 'dsv' for command environment
[0.939s] INFO:colcon.colcon_ros.task.ament_python.build:Building ROS package in '/home/ritvik/Documents/MRT_ROS_WS/src/drive_commands' with build type 'ament_python'
[0.940s] Level 1:colcon.colcon_core.shell:create_environment_hook('drive_commands', 'ament_prefix_path')
[0.941s] INFO:colcon.colcon_core.shell:Creating environment hook '/home/ritvik/Documents/MRT_ROS_WS/install/drive_commands/share/drive_commands/hook/ament_prefix_path.ps1'
[0.943s] INFO:colcon.colcon_core.shell:Creating environment descriptor '/home/ritvik/Documents/MRT_ROS_WS/install/drive_commands/share/drive_commands/hook/ament_prefix_path.dsv'
[0.944s] INFO:colcon.colcon_core.shell:Creating environment hook '/home/ritvik/Documents/MRT_ROS_WS/install/drive_commands/share/drive_commands/hook/ament_prefix_path.sh'
[0.945s] INFO:colcon.colcon_core.shell:Skip shell extension 'powershell' for command environment: Not usable outside of PowerShell
[0.945s] DEBUG:colcon.colcon_core.shell:Skip shell extension 'dsv' for command environment
[1.457s] INFO:colcon.colcon_core.task.python.build:Building Python package in '/home/ritvik/Documents/MRT_ROS_WS/arm_control'
[1.457s] INFO:colcon.colcon_core.shell:Skip shell extension 'powershell' for command environment: Not usable outside of PowerShell
[1.458s] DEBUG:colcon.colcon_core.shell:Skip shell extension 'dsv' for command environment
[1.930s] INFO:colcon.colcon_core.task.python.build:Building Python package in '/home/ritvik/Documents/MRT_ROS_WS/src/can_controller'
[1.930s] INFO:colcon.colcon_core.shell:Skip shell extension 'powershell' for command environment: Not usable outside of PowerShell
[1.931s] DEBUG:colcon.colcon_core.shell:Skip shell extension 'dsv' for command environment
[1.944s] DEBUG:colcon.colcon_core.event_handler.log_command:Invoking command in '/home/ritvik/Documents/MRT_ROS_WS/build/can_interfaces': CMAKE_PREFIX_PATH=${CMAKE_PREFIX_PATH}:/opt/ros/jazzy DEBUGINFOD_URLS=https://debuginfod.ubuntu.com /usr/bin/cmake --build /home/ritvik/Documents/MRT_ROS_WS/build/can_interfaces -- -j16 -l16
[2.388s] INFO:colcon.colcon_core.task.python.build:Building Python package in '/home/ritvik/Documents/MRT_ROS_WS/src/drive_commands'
[2.389s] INFO:colcon.colcon_core.shell:Skip shell extension 'powershell' for command environment: Not usable outside of PowerShell
[2.389s] DEBUG:colcon.colcon_core.shell:Skip shell extension 'dsv' for command environment
[3.897s] DEBUG:colcon.colcon_core.event_handler.log_command:Invoking command in '/home/ritvik/Documents/MRT_ROS_WS/src/can_controller': DEBUGINFOD_URLS=https://debuginfod.ubuntu.com PYTHONPATH=/home/ritvik/Documents/MRT_ROS_WS/build/can_controller/prefix_override:/usr/lib/python3/dist-packages/colcon_core/task/python/colcon_distutils_commands:/home/ritvik/Documents/MRT_ROS_WS/install/can_controller/lib/python3.12/site-packages:${PYTHONPATH} /usr/bin/python3 -W ignore:setup.py install is deprecated -W ignore:easy_install command is deprecated setup.py egg_info --egg-base ../../build/can_controller build --build-base /home/ritvik/Documents/MRT_ROS_WS/build/can_controller/build install --record /home/ritvik/Documents/MRT_ROS_WS/build/can_controller/install.log --single-version-externally-managed install_data
[3.901s] DEBUG:colcon.colcon_core.event_handler.log_command:Invoking command in '/home/ritvik/Documents/MRT_ROS_WS/src/drive_commands': DEBUGINFOD_URLS=https://debuginfod.ubuntu.com PYTHONPATH=/home/ritvik/Documents/MRT_ROS_WS/build/drive_commands/prefix_override:/usr/lib/python3/dist-packages/colcon_core/task/python/colcon_distutils_commands:/home/ritvik/Documents/MRT_ROS_WS/install/drive_commands/lib/python3.12/site-packages:${PYTHONPATH} /usr/bin/python3 -W ignore:setup.py install is deprecated -W ignore:easy_install command is deprecated setup.py egg_info --egg-base ../../build/drive_commands build --build-base /home/ritvik/Documents/MRT_ROS_WS/build/drive_commands/build install --record /home/ritvik/Documents/MRT_ROS_WS/build/drive_commands/install.log --single-version-externally-managed install_data
[3.903s] DEBUG:colcon.colcon_core.event_handler.log_command:Invoking command in '/home/ritvik/Documents/MRT_ROS_WS/arm_control': DEBUGINFOD_URLS=https://debuginfod.ubuntu.com PYTHONPATH=/home/ritvik/Documents/MRT_ROS_WS/build/arm_control/prefix_override:/usr/lib/python3/dist-packages/colcon_core/task/python/colcon_distutils_commands:/home/ritvik/Documents/MRT_ROS_WS/install/arm_control/lib/python3.12/site-packages:${PYTHONPATH} /usr/bin/python3 -W ignore:setup.py install is deprecated -W ignore:easy_install command is deprecated setup.py egg_info --egg-base ../build/arm_control build --build-base /home/ritvik/Documents/MRT_ROS_WS/build/arm_control/build install --record /home/ritvik/Documents/MRT_ROS_WS/build/arm_control/install.log --single-version-externally-managed install_data
[5.004s] DEBUG:colcon.colcon_core.event_handler.log_command:Invoked command in '/home/ritvik/Documents/MRT_ROS_WS/arm_control' returned '0': DEBUGINFOD_URLS=https://debuginfod.ubuntu.com PYTHONPATH=/home/ritvik/Documents/MRT_ROS_WS/build/arm_control/prefix_override:/usr/lib/python3/dist-packages/colcon_core/task/python/colcon_distutils_commands:/home/ritvik/Documents/MRT_ROS_WS/install/arm_control/lib/python3.12/site-packages:${PYTHONPATH} /usr/bin/python3 -W ignore:setup.py install is deprecated -W ignore:easy_install command is deprecated setup.py egg_info --egg-base ../build/arm_control build --build-base /home/ritvik/Documents/MRT_ROS_WS/build/arm_control/build install --record /home/ritvik/Documents/MRT_ROS_WS/build/arm_control/install.log --single-version-externally-managed install_data
[5.021s] Level 1:colcon.colcon_core.environment:checking '/home/ritvik/Documents/MRT_ROS_WS/install/arm_control' for CMake module files
[5.022s] Level 1:colcon.colcon_core.environment:checking '/home/ritvik/Documents/MRT_ROS_WS/install/arm_control' for CMake config files
[5.024s] Level 1:colcon.colcon_core.environment:checking '/home/ritvik/Documents/MRT_ROS_WS/install/arm_control/lib'
[5.024s] Level 1:colcon.colcon_core.environment:checking '/home/ritvik/Documents/MRT_ROS_WS/install/arm_control/bin'
[5.024s] Level 1:colcon.colcon_core.environment:checking '/home/ritvik/Documents/MRT_ROS_WS/install/arm_control/lib/pkgconfig/arm_control.pc'
[5.025s] Level 1:colcon.colcon_core.environment:checking '/home/ritvik/Documents/MRT_ROS_WS/install/arm_control/lib/python3.12/site-packages'
[5.025s] Level 1:colcon.colcon_core.shell:create_environment_hook('arm_control', 'pythonpath')
[5.026s] INFO:colcon.colcon_core.shell:Creating environment hook '/home/ritvik/Documents/MRT_ROS_WS/install/arm_control/share/arm_control/hook/pythonpath.ps1'
[5.027s] INFO:colcon.colcon_core.shell:Creating environment descriptor '/home/ritvik/Documents/MRT_ROS_WS/install/arm_control/share/arm_control/hook/pythonpath.dsv'
[5.028s] INFO:colcon.colcon_core.shell:Creating environment hook '/home/ritvik/Documents/MRT_ROS_WS/install/arm_control/share/arm_control/hook/pythonpath.sh'
[5.029s] Level 1:colcon.colcon_core.environment:checking '/home/ritvik/Documents/MRT_ROS_WS/install/arm_control/bin'
[5.029s] Level 1:colcon.colcon_core.environment:create_environment_scripts_only(arm_control)
[5.030s] INFO:colcon.colcon_core.shell:Creating package script '/home/ritvik/Documents/MRT_ROS_WS/install/arm_control/share/arm_control/package.ps1'
[5.031s] INFO:colcon.colcon_core.shell:Creating package descriptor '/home/ritvik/Documents/MRT_ROS_WS/install/arm_control/share/arm_control/package.dsv'
[5.032s] INFO:colcon.colcon_core.shell:Creating package script '/home/ritvik/Documents/MRT_ROS_WS/install/arm_control/share/arm_control/package.sh'
[5.033s] INFO:colcon.colcon_core.shell:Creating package script '/home/ritvik/Documents/MRT_ROS_WS/install/arm_control/share/arm_control/package.bash'
[5.034s] INFO:colcon.colcon_core.shell:Creating package script '/home/ritvik/Documents/MRT_ROS_WS/install/arm_control/share/arm_control/package.zsh'
[5.034s] Level 1:colcon.colcon_core.environment:create_file_with_runtime_dependencies(/home/ritvik/Documents/MRT_ROS_WS/install/arm_control/share/colcon-core/packages/arm_control)
[5.037s] Level 1:colcon.colcon_core.environment:checking '/home/ritvik/Documents/MRT_ROS_WS/install/can_controller' for CMake module files
[5.039s] DEBUG:colcon.colcon_core.event_handler.log_command:Invoked command in '/home/ritvik/Documents/MRT_ROS_WS/src/can_controller' returned '0': DEBUGINFOD_URLS=https://debuginfod.ubuntu.com PYTHONPATH=/home/ritvik/Documents/MRT_ROS_WS/build/can_controller/prefix_override:/usr/lib/python3/dist-packages/colcon_core/task/python/colcon_distutils_commands:/home/ritvik/Documents/MRT_ROS_WS/install/can_controller/lib/python3.12/site-packages:${PYTHONPATH} /usr/bin/python3 -W ignore:setup.py install is deprecated -W ignore:easy_install command is deprecated setup.py egg_info --egg-base ../../build/can_controller build --build-base /home/ritvik/Documents/MRT_ROS_WS/build/can_controller/build install --record /home/ritvik/Documents/MRT_ROS_WS/build/can_controller/install.log --single-version-externally-managed install_data
[5.040s] Level 1:colcon.colcon_core.environment:checking '/home/ritvik/Documents/MRT_ROS_WS/install/can_controller' for CMake config files
[5.041s] Level 1:colcon.colcon_core.environment:checking '/home/ritvik/Documents/MRT_ROS_WS/install/can_controller/lib'
[5.041s] Level 1:colcon.colcon_core.environment:checking '/home/ritvik/Documents/MRT_ROS_WS/install/can_controller/bin'
[5.041s] Level 1:colcon.colcon_core.environment:checking '/home/ritvik/Documents/MRT_ROS_WS/install/can_controller/lib/pkgconfig/can_controller.pc'
[5.042s] Level 1:colcon.colcon_core.environment:checking '/home/ritvik/Documents/MRT_ROS_WS/install/can_controller/lib/python3.12/site-packages'
[5.042s] Level 1:colcon.colcon_core.shell:create_environment_hook('can_controller', 'pythonpath')
[5.042s] INFO:colcon.colcon_core.shell:Creating environment hook '/home/ritvik/Documents/MRT_ROS_WS/install/can_controller/share/can_controller/hook/pythonpath.ps1'
[5.043s] INFO:colcon.colcon_core.shell:Creating environment descriptor '/home/ritvik/Documents/MRT_ROS_WS/install/can_controller/share/can_controller/hook/pythonpath.dsv'
[5.043s] INFO:colcon.colcon_core.shell:Creating environment hook '/home/ritvik/Documents/MRT_ROS_WS/install/can_controller/share/can_controller/hook/pythonpath.sh'
[5.044s] Level 1:colcon.colcon_core.environment:checking '/home/ritvik/Documents/MRT_ROS_WS/install/can_controller/bin'
[5.044s] Level 1:colcon.colcon_core.environment:create_environment_scripts_only(can_controller)
[5.045s] INFO:colcon.colcon_core.shell:Creating package script '/home/ritvik/Documents/MRT_ROS_WS/install/can_controller/share/can_controller/package.ps1'
[5.046s] INFO:colcon.colcon_core.shell:Creating package descriptor '/home/ritvik/Documents/MRT_ROS_WS/install/can_controller/share/can_controller/package.dsv'
[5.046s] INFO:colcon.colcon_core.shell:Creating package script '/home/ritvik/Documents/MRT_ROS_WS/install/can_controller/share/can_controller/package.sh'
[5.047s] INFO:colcon.colcon_core.shell:Creating package script '/home/ritvik/Documents/MRT_ROS_WS/install/can_controller/share/can_controller/package.bash'
[5.048s] INFO:colcon.colcon_core.shell:Creating package script '/home/ritvik/Documents/MRT_ROS_WS/install/can_controller/share/can_controller/package.zsh'
[5.048s] Level 1:colcon.colcon_core.environment:create_file_with_runtime_dependencies(/home/ritvik/Documents/MRT_ROS_WS/install/can_controller/share/colcon-core/packages/can_controller)
[5.050s] Level 1:colcon.colcon_core.environment:checking '/home/ritvik/Documents/MRT_ROS_WS/install/drive_commands' for CMake module files
[5.052s] Level 1:colcon.colcon_core.environment:checking '/home/ritvik/Documents/MRT_ROS_WS/install/drive_commands' for CMake config files
[5.053s] DEBUG:colcon.colcon_core.event_handler.log_command:Invoked command in '/home/ritvik/Documents/MRT_ROS_WS/src/drive_commands' returned '0': DEBUGINFOD_URLS=https://debuginfod.ubuntu.com PYTHONPATH=/home/ritvik/Documents/MRT_ROS_WS/build/drive_commands/prefix_override:/usr/lib/python3/dist-packages/colcon_core/task/python/colcon_distutils_commands:/home/ritvik/Documents/MRT_ROS_WS/install/drive_commands/lib/python3.12/site-packages:${PYTHONPATH} /usr/bin/python3 -W ignore:setup.py install is deprecated -W ignore:easy_install command is deprecated setup.py egg_info --egg-base ../../build/drive_commands build --build-base /home/ritvik/Documents/MRT_ROS_WS/build/drive_commands/build install --record /home/ritvik/Documents/MRT_ROS_WS/build/drive_commands/install.log --single-version-externally-managed install_data
[5.054s] Level 1:colcon.colcon_core.environment:checking '/home/ritvik/Documents/MRT_ROS_WS/install/drive_commands/lib'
[5.054s] Level 1:colcon.colcon_core.environment:checking '/home/ritvik/Documents/MRT_ROS_WS/install/drive_commands/bin'
[5.054s] Level 1:colcon.colcon_core.environment:checking '/home/ritvik/Documents/MRT_ROS_WS/install/drive_commands/lib/pkgconfig/drive_commands.pc'
[5.055s] Level 1:colcon.colcon_core.environment:checking '/home/ritvik/Documents/MRT_ROS_WS/install/drive_commands/lib/python3.12/site-packages'
[5.055s] Level 1:colcon.colcon_core.shell:create_environment_hook('drive_commands', 'pythonpath')
[5.056s] INFO:colcon.colcon_core.shell:Creating environment hook '/home/ritvik/Documents/MRT_ROS_WS/install/drive_commands/share/drive_commands/hook/pythonpath.ps1'
[5.057s] INFO:colcon.colcon_core.shell:Creating environment descriptor '/home/ritvik/Documents/MRT_ROS_WS/install/drive_commands/share/drive_commands/hook/pythonpath.dsv'
[5.058s] INFO:colcon.colcon_core.shell:Creating environment hook '/home/ritvik/Documents/MRT_ROS_WS/install/drive_commands/share/drive_commands/hook/pythonpath.sh'
[5.060s] Level 1:colcon.colcon_core.environment:checking '/home/ritvik/Documents/MRT_ROS_WS/install/drive_commands/bin'
[5.060s] Level 1:colcon.colcon_core.environment:create_environment_scripts_only(drive_commands)
[5.061s] INFO:colcon.colcon_core.shell:Creating package script '/home/ritvik/Documents/MRT_ROS_WS/install/drive_commands/share/drive_commands/package.ps1'
[5.062s] INFO:colcon.colcon_core.shell:Creating package descriptor '/home/ritvik/Documents/MRT_ROS_WS/install/drive_commands/share/drive_commands/package.dsv'
[5.064s] INFO:colcon.colcon_core.shell:Creating package script '/home/ritvik/Documents/MRT_ROS_WS/install/drive_commands/share/drive_commands/package.sh'
[5.065s] INFO:colcon.colcon_core.shell:Creating package script '/home/ritvik/Documents/MRT_ROS_WS/install/drive_commands/share/drive_commands/package.bash'
[5.065s] INFO:colcon.colcon_core.shell:Creating package script '/home/ritvik/Documents/MRT_ROS_WS/install/drive_commands/share/drive_commands/package.zsh'
[5.066s] Level 1:colcon.colcon_core.environment:create_file_with_runtime_dependencies(/home/ritvik/Documents/MRT_ROS_WS/install/drive_commands/share/colcon-core/packages/drive_commands)
[7.999s] DEBUG:colcon.colcon_core.event_handler.log_command:Invoked command in '/home/ritvik/Documents/MRT_ROS_WS/build/can_interfaces' returned '0': CMAKE_PREFIX_PATH=${CMAKE_PREFIX_PATH}:/opt/ros/jazzy DEBUGINFOD_URLS=https://debuginfod.ubuntu.com /usr/bin/cmake --build /home/ritvik/Documents/MRT_ROS_WS/build/can_interfaces -- -j16 -l16
[8.007s] DEBUG:colcon.colcon_core.event_handler.log_command:Invoking command in '/home/ritvik/Documents/MRT_ROS_WS/build/can_interfaces': CMAKE_PREFIX_PATH=${CMAKE_PREFIX_PATH}:/opt/ros/jazzy DEBUGINFOD_URLS=https://debuginfod.ubuntu.com /usr/bin/cmake --install /home/ritvik/Documents/MRT_ROS_WS/build/can_interfaces
[8.089s] Level 1:colcon.colcon_core.environment:create_environment_scripts_only(can_interfaces)
[8.089s] Level 1:colcon.colcon_core.environment:checking '/home/ritvik/Documents/MRT_ROS_WS/install/can_interfaces' for CMake module files
[8.089s] Level 1:colcon.colcon_core.environment:checking '/home/ritvik/Documents/MRT_ROS_WS/install/can_interfaces' for CMake config files
[8.090s] Level 1:colcon.colcon_core.shell:create_environment_hook('can_interfaces', 'cmake_prefix_path')
[8.090s] INFO:colcon.colcon_core.shell:Creating environment hook '/home/ritvik/Documents/MRT_ROS_WS/install/can_interfaces/share/can_interfaces/hook/cmake_prefix_path.ps1'
[8.090s] DEBUG:colcon.colcon_core.event_handler.log_command:Invoked command in '/home/ritvik/Documents/MRT_ROS_WS/build/can_interfaces' returned '0': CMAKE_PREFIX_PATH=${CMAKE_PREFIX_PATH}:/opt/ros/jazzy DEBUGINFOD_URLS=https://debuginfod.ubuntu.com /usr/bin/cmake --install /home/ritvik/Documents/MRT_ROS_WS/build/can_interfaces
[8.091s] INFO:colcon.colcon_core.shell:Creating environment descriptor '/home/ritvik/Documents/MRT_ROS_WS/install/can_interfaces/share/can_interfaces/hook/cmake_prefix_path.dsv'
[8.091s] INFO:colcon.colcon_core.shell:Creating environment hook '/home/ritvik/Documents/MRT_ROS_WS/install/can_interfaces/share/can_interfaces/hook/cmake_prefix_path.sh'
[8.091s] Level 1:colcon.colcon_core.environment:checking '/home/ritvik/Documents/MRT_ROS_WS/install/can_interfaces/lib'
[8.091s] Level 1:colcon.colcon_core.shell:create_environment_hook('can_interfaces', 'ld_library_path_lib')
[8.091s] INFO:colcon.colcon_core.shell:Creating environment hook '/home/ritvik/Documents/MRT_ROS_WS/install/can_interfaces/share/can_interfaces/hook/ld_library_path_lib.ps1'
[8.092s] INFO:colcon.colcon_core.shell:Creating environment descriptor '/home/ritvik/Documents/MRT_ROS_WS/install/can_interfaces/share/can_interfaces/hook/ld_library_path_lib.dsv'
[8.092s] INFO:colcon.colcon_core.shell:Creating environment hook '/home/ritvik/Documents/MRT_ROS_WS/install/can_interfaces/share/can_interfaces/hook/ld_library_path_lib.sh'
[8.092s] Level 1:colcon.colcon_core.environment:checking '/home/ritvik/Documents/MRT_ROS_WS/install/can_interfaces/bin'
[8.092s] Level 1:colcon.colcon_core.environment:checking '/home/ritvik/Documents/MRT_ROS_WS/install/can_interfaces/lib/pkgconfig/can_interfaces.pc'
[8.092s] Level 1:colcon.colcon_core.environment:checking '/home/ritvik/Documents/MRT_ROS_WS/install/can_interfaces/lib/python3.12/site-packages'
[8.092s] Level 1:colcon.colcon_core.shell:create_environment_hook('can_interfaces', 'pythonpath')
[8.093s] INFO:colcon.colcon_core.shell:Creating environment hook '/home/ritvik/Documents/MRT_ROS_WS/install/can_interfaces/share/can_interfaces/hook/pythonpath.ps1'
[8.093s] INFO:colcon.colcon_core.shell:Creating environment descriptor '/home/ritvik/Documents/MRT_ROS_WS/install/can_interfaces/share/can_interfaces/hook/pythonpath.dsv'
[8.093s] INFO:colcon.colcon_core.shell:Creating environment hook '/home/ritvik/Documents/MRT_ROS_WS/install/can_interfaces/share/can_interfaces/hook/pythonpath.sh'
[8.094s] Level 1:colcon.colcon_core.environment:checking '/home/ritvik/Documents/MRT_ROS_WS/install/can_interfaces/bin'
[8.094s] INFO:colcon.colcon_core.shell:Creating package script '/home/ritvik/Documents/MRT_ROS_WS/install/can_interfaces/share/can_interfaces/package.ps1'
[8.094s] INFO:colcon.colcon_core.shell:Creating package descriptor '/home/ritvik/Documents/MRT_ROS_WS/install/can_interfaces/share/can_interfaces/package.dsv'
[8.095s] INFO:colcon.colcon_core.shell:Creating package script '/home/ritvik/Documents/MRT_ROS_WS/install/can_interfaces/share/can_interfaces/package.sh'
[8.095s] INFO:colcon.colcon_core.shell:Creating package script '/home/ritvik/Documents/MRT_ROS_WS/install/can_interfaces/share/can_interfaces/package.bash'
[8.095s] INFO:colcon.colcon_core.shell:Creating package script '/home/ritvik/Documents/MRT_ROS_WS/install/can_interfaces/share/can_interfaces/package.zsh'
[8.096s] Level 1:colcon.colcon_core.environment:create_file_with_runtime_dependencies(/home/ritvik/Documents/MRT_ROS_WS/install/can_interfaces/share/colcon-core/packages/can_interfaces)
[8.096s] Level 1:colcon.colcon_core.environment:create_environment_scripts_only(can_interfaces)
[8.096s] Level 1:colcon.colcon_core.environment:checking '/home/ritvik/Documents/MRT_ROS_WS/install/can_interfaces' for CMake module files
[8.097s] Level 1:colcon.colcon_core.environment:checking '/home/ritvik/Documents/MRT_ROS_WS/install/can_interfaces' for CMake config files
[8.097s] Level 1:colcon.colcon_core.shell:create_environment_hook('can_interfaces', 'cmake_prefix_path')
[8.097s] INFO:colcon.colcon_core.shell:Creating environment hook '/home/ritvik/Documents/MRT_ROS_WS/install/can_interfaces/share/can_interfaces/hook/cmake_prefix_path.ps1'
[8.097s] INFO:colcon.colcon_core.shell:Creating environment descriptor '/home/ritvik/Documents/MRT_ROS_WS/install/can_interfaces/share/can_interfaces/hook/cmake_prefix_path.dsv'
[8.098s] INFO:colcon.colcon_core.shell:Creating environment hook '/home/ritvik/Documents/MRT_ROS_WS/install/can_interfaces/share/can_interfaces/hook/cmake_prefix_path.sh'
[8.098s] Level 1:colcon.colcon_core.environment:checking '/home/ritvik/Documents/MRT_ROS_WS/install/can_interfaces/lib'
[8.098s] Level 1:colcon.colcon_core.shell:create_environment_hook('can_interfaces', 'ld_library_path_lib')
[8.098s] INFO:colcon.colcon_core.shell:Creating environment hook '/home/ritvik/Documents/MRT_ROS_WS/install/can_interfaces/share/can_interfaces/hook/ld_library_path_lib.ps1'
[8.098s] INFO:colcon.colcon_core.shell:Creating environment descriptor '/home/ritvik/Documents/MRT_ROS_WS/install/can_interfaces/share/can_interfaces/hook/ld_library_path_lib.dsv'
[8.099s] INFO:colcon.colcon_core.shell:Creating environment hook '/home/ritvik/Documents/MRT_ROS_WS/install/can_interfaces/share/can_interfaces/hook/ld_library_path_lib.sh'
[8.099s] Level 1:colcon.colcon_core.environment:checking '/home/ritvik/Documents/MRT_ROS_WS/install/can_interfaces/bin'
[8.099s] Level 1:colcon.colcon_core.environment:checking '/home/ritvik/Documents/MRT_ROS_WS/install/can_interfaces/lib/pkgconfig/can_interfaces.pc'
[8.099s] Level 1:colcon.colcon_core.environment:checking '/home/ritvik/Documents/MRT_ROS_WS/install/can_interfaces/lib/python3.12/site-packages'
[8.099s] Level 1:colcon.colcon_core.shell:create_environment_hook('can_interfaces', 'pythonpath')
[8.099s] INFO:colcon.colcon_core.shell:Creating environment hook '/home/ritvik/Documents/MRT_ROS_WS/install/can_interfaces/share/can_interfaces/hook/pythonpath.ps1'
[8.099s] INFO:colcon.colcon_core.shell:Creating environment descriptor '/home/ritvik/Documents/MRT_ROS_WS/install/can_interfaces/share/can_interfaces/hook/pythonpath.dsv'
[8.100s] INFO:colcon.colcon_core.shell:Creating environment hook '/home/ritvik/Documents/MRT_ROS_WS/install/can_interfaces/share/can_interfaces/hook/pythonpath.sh'
[8.100s] Level 1:colcon.colcon_core.environment:checking '/home/ritvik/Documents/MRT_ROS_WS/install/can_interfaces/bin'
[8.100s] INFO:colcon.colcon_core.shell:Creating package script '/home/ritvik/Documents/MRT_ROS_WS/install/can_interfaces/share/can_interfaces/package.ps1'
[8.101s] INFO:colcon.colcon_core.shell:Creating package descriptor '/home/ritvik/Documents/MRT_ROS_WS/install/can_interfaces/share/can_interfaces/package.dsv'
[8.101s] INFO:colcon.colcon_core.shell:Creating package script '/home/ritvik/Documents/MRT_ROS_WS/install/can_interfaces/share/can_interfaces/package.sh'
[8.101s] INFO:colcon.colcon_core.shell:Creating package script '/home/ritvik/Documents/MRT_ROS_WS/install/can_interfaces/share/can_interfaces/package.bash'
[8.102s] INFO:colcon.colcon_core.shell:Creating package script '/home/ritvik/Documents/MRT_ROS_WS/install/can_interfaces/share/can_interfaces/package.zsh'
[8.102s] Level 1:colcon.colcon_core.environment:create_file_with_runtime_dependencies(/home/ritvik/Documents/MRT_ROS_WS/install/can_interfaces/share/colcon-core/packages/can_interfaces)
[8.103s] DEBUG:colcon.colcon_parallel_executor.executor.parallel:closing loop
[8.103s] DEBUG:colcon.colcon_parallel_executor.executor.parallel:loop closed
[8.103s] DEBUG:colcon.colcon_parallel_executor.executor.parallel:run_until_complete finished with '0'
[8.103s] DEBUG:colcon.colcon_core.event_reactor:joining thread
[8.113s] INFO:colcon.colcon_core.plugin_system:Skipping extension 'colcon_notification.desktop_notification.terminal_notifier': Not used on non-Darwin systems
[8.113s] INFO:colcon.colcon_core.plugin_system:Skipping extension 'colcon_notification.desktop_notification.win32': Not used on non-Windows systems
[8.114s] INFO:colcon.colcon_notification.desktop_notification:Sending desktop notification using 'notify2'
[8.133s] DEBUG:colcon.colcon_core.event_reactor:joined thread
[8.133s] INFO:colcon.colcon_core.shell:Creating prefix script '/home/ritvik/Documents/MRT_ROS_WS/install/local_setup.ps1'
[8.134s] INFO:colcon.colcon_core.shell:Creating prefix util module '/home/ritvik/Documents/MRT_ROS_WS/install/_local_setup_util_ps1.py'
[8.136s] INFO:colcon.colcon_core.shell:Creating prefix chain script '/home/ritvik/Documents/MRT_ROS_WS/install/setup.ps1'
[8.137s] INFO:colcon.colcon_core.shell:Creating prefix script '/home/ritvik/Documents/MRT_ROS_WS/install/local_setup.sh'
[8.137s] INFO:colcon.colcon_core.shell:Creating prefix util module '/home/ritvik/Documents/MRT_ROS_WS/install/_local_setup_util_sh.py'
[8.138s] INFO:colcon.colcon_core.shell:Creating prefix chain script '/home/ritvik/Documents/MRT_ROS_WS/install/setup.sh'
[8.139s] INFO:colcon.colcon_core.shell:Creating prefix script '/home/ritvik/Documents/MRT_ROS_WS/install/local_setup.bash'
[8.139s] INFO:colcon.colcon_core.shell:Creating prefix chain script '/home/ritvik/Documents/MRT_ROS_WS/install/setup.bash'
[8.140s] INFO:colcon.colcon_core.shell:Creating prefix script '/home/ritvik/Documents/MRT_ROS_WS/install/local_setup.zsh'
[8.141s] INFO:colcon.colcon_core.shell:Creating prefix chain script '/home/ritvik/Documents/MRT_ROS_WS/install/setup.zsh'
