[2.373s] Invoking command in '/home/ritvik/Documents/MRT_ROS_WS/src/can_controller': DEBUGINFOD_URLS=https://debuginfod.ubuntu.com PYTHONPATH=/home/ritvik/Documents/MRT_ROS_WS/build/can_controller/prefix_override:/usr/lib/python3/dist-packages/colcon_core/task/python/colcon_distutils_commands:/home/ritvik/Documents/MRT_ROS_WS/install/can_controller/lib/python3.12/site-packages:${PYTHONPATH} /usr/bin/python3 -W ignore:setup.py install is deprecated -W ignore:easy_install command is deprecated setup.py egg_info --egg-base ../../build/can_controller build --build-base /home/ritvik/Documents/MRT_ROS_WS/build/can_controller/build install --record /home/ritvik/Documents/MRT_ROS_WS/build/can_controller/install.log --single-version-externally-managed install_data
[2.941s] running egg_info
[2.977s] writing ../../build/can_controller/can_controller.egg-info/PKG-INFO
[2.977s] writing dependency_links to ../../build/can_controller/can_controller.egg-info/dependency_links.txt
[2.978s] writing entry points to ../../build/can_controller/can_controller.egg-info/entry_points.txt
[2.978s] writing requirements to ../../build/can_controller/can_controller.egg-info/requires.txt
[2.978s] writing top-level names to ../../build/can_controller/can_controller.egg-info/top_level.txt
[3.053s] reading manifest file '../../build/can_controller/can_controller.egg-info/SOURCES.txt'
[3.055s] writing manifest file '../../build/can_controller/can_controller.egg-info/SOURCES.txt'
[3.055s] running build
[3.055s] running build_py
[3.056s] copying can_controller/can_controller.py -> /home/ritvik/Documents/MRT_ROS_WS/build/can_controller/build/lib/can_controller
[3.056s] running install
[3.069s] running install_lib
[3.105s] copying /home/ritvik/Documents/MRT_ROS_WS/build/can_controller/build/lib/can_controller/can_controller.py -> /home/ritvik/Documents/MRT_ROS_WS/install/can_controller/lib/python3.12/site-packages/can_controller
[3.106s] byte-compiling /home/ritvik/Documents/MRT_ROS_WS/install/can_controller/lib/python3.12/site-packages/can_controller/can_controller.py to can_controller.cpython-312.pyc
[3.109s] running install_data
[3.109s] running install_egg_info
[3.150s] removing '/home/ritvik/Documents/MRT_ROS_WS/install/can_controller/lib/python3.12/site-packages/can_controller-0.0.0-py3.12.egg-info' (and everything under it)
[3.151s] Copying ../../build/can_controller/can_controller.egg-info to /home/ritvik/Documents/MRT_ROS_WS/install/can_controller/lib/python3.12/site-packages/can_controller-0.0.0-py3.12.egg-info
[3.154s] running install_scripts
[3.432s] Installing can_controller script to /home/ritvik/Documents/MRT_ROS_WS/install/can_controller/lib/can_controller
[3.433s] writing list of installed files to '/home/ritvik/Documents/MRT_ROS_WS/build/can_controller/install.log'
