[2.400s] Invoking command in '/home/ritvik/Documents/MRT_ROS_WS/src/can_controller': DEBUGINFOD_URLS=https://debuginfod.ubuntu.com PYTHONPATH=/home/ritvik/Documents/MRT_ROS_WS/build/can_controller/prefix_override:/usr/lib/python3/dist-packages/colcon_core/task/python/colcon_distutils_commands:/home/ritvik/Documents/MRT_ROS_WS/install/can_controller/lib/python3.12/site-packages:${PYTHONPATH} /usr/bin/python3 -W ignore:setup.py install is deprecated -W ignore:easy_install command is deprecated setup.py egg_info --egg-base ../../build/can_controller build --build-base /home/ritvik/Documents/MRT_ROS_WS/build/can_controller/build install --record /home/ritvik/Documents/MRT_ROS_WS/build/can_controller/install.log --single-version-externally-managed install_data
[2.899s] running egg_info
[2.936s] writing ../../build/can_controller/can_controller.egg-info/PKG-INFO
[2.937s] writing dependency_links to ../../build/can_controller/can_controller.egg-info/dependency_links.txt
[2.938s] writing entry points to ../../build/can_controller/can_controller.egg-info/entry_points.txt
[2.938s] writing requirements to ../../build/can_controller/can_controller.egg-info/requires.txt
[2.938s] writing top-level names to ../../build/can_controller/can_controller.egg-info/top_level.txt
[3.009s] reading manifest file '../../build/can_controller/can_controller.egg-info/SOURCES.txt'
[3.011s] writing manifest file '../../build/can_controller/can_controller.egg-info/SOURCES.txt'
[3.011s] running build
[3.011s] running build_py
[3.012s] running install
[3.026s] running install_lib
[3.063s] running install_data
[3.063s] running install_egg_info
[3.102s] removing '/home/ritvik/Documents/MRT_ROS_WS/install/can_controller/lib/python3.12/site-packages/can_controller-0.0.0-py3.12.egg-info' (and everything under it)
[3.103s] Copying ../../build/can_controller/can_controller.egg-info to /home/ritvik/Documents/MRT_ROS_WS/install/can_controller/lib/python3.12/site-packages/can_controller-0.0.0-py3.12.egg-info
[3.105s] running install_scripts
[3.368s] Installing can_controller script to /home/ritvik/Documents/MRT_ROS_WS/install/can_controller/lib/can_controller
[3.369s] writing list of installed files to '/home/ritvik/Documents/MRT_ROS_WS/build/can_controller/install.log'
[3.424s] Invoked command in '/home/ritvik/Documents/MRT_ROS_WS/src/can_controller' returned '0': DEBUGINFOD_URLS=https://debuginfod.ubuntu.com PYTHONPATH=/home/ritvik/Documents/MRT_ROS_WS/build/can_controller/prefix_override:/usr/lib/python3/dist-packages/colcon_core/task/python/colcon_distutils_commands:/home/ritvik/Documents/MRT_ROS_WS/install/can_controller/lib/python3.12/site-packages:${PYTHONPATH} /usr/bin/python3 -W ignore:setup.py install is deprecated -W ignore:easy_install command is deprecated setup.py egg_info --egg-base ../../build/can_controller build --build-base /home/ritvik/Documents/MRT_ROS_WS/build/can_controller/build install --record /home/ritvik/Documents/MRT_ROS_WS/build/can_controller/install.log --single-version-externally-managed install_data
