[0.408s] DEBUG:colcon:Command line arguments: ['/usr/bin/colcon', 'build']
[0.408s] DEBUG:colcon:Parsed command line arguments: Namespace(log_base=None, log_level=None, verb_name='build', build_base='build', install_base='install', merge_install=False, symlink_install=False, test_result_base=None, continue_on_error=False, executor='parallel', parallel_workers=16, event_handlers=None, ignore_user_meta=False, metas=['./colcon.meta'], base_paths=['.'], packages_ignore=None, packages_ignore_regex=None, paths=None, packages_up_to=None, packages_up_to_regex=None, packages_above=None, packages_above_and_dependencies=None, packages_above_depth=None, packages_select_by_dep=None, packages_skip_by_dep=None, packages_skip_up_to=None, packages_select_build_failed=False, packages_skip_build_finished=False, packages_select_test_failures=False, packages_skip_test_passed=False, packages_select=None, packages_skip=None, packages_select_regex=None, packages_skip_regex=None, packages_start=None, packages_end=None, allow_overriding=[], cmake_args=None, cmake_target=None, cmake_target_skip_unavailable=False, cmake_clean_cache=False, cmake_clean_first=False, cmake_force_configure=False, ament_cmake_args=None, catkin_cmake_args=None, catkin_skip_building_tests=False, mixin_files=None, mixin=None, verb_parser=<colcon_mixin.mixin.mixin_argument.MixinArgumentDecorator object at 0x70fd5f114290>, verb_extension=<colcon_core.verb.build.BuildVerb object at 0x70fd5f1140e0>, main=<bound method BuildVerb.main of <colcon_core.verb.build.BuildVerb object at 0x70fd5f1140e0>>, mixin_verb=('build',))
[0.505s] Level 1:colcon.colcon_core.package_discovery:discover_packages(colcon_meta) check parameters
[0.506s] Level 1:colcon.colcon_core.package_discovery:discover_packages(recursive) check parameters
[0.506s] Level 1:colcon.colcon_core.package_discovery:discover_packages(ignore) check parameters
[0.506s] Level 1:colcon.colcon_core.package_discovery:discover_packages(path) check parameters
[0.506s] Level 1:colcon.colcon_core.package_discovery:discover_packages(colcon_meta) discover
[0.506s] Level 1:colcon.colcon_core.package_discovery:discover_packages(recursive) discover
[0.506s] INFO:colcon.colcon_core.package_discovery:Crawling recursively for packages in '/home/ritvik/Documents/MRT_ROS_WS'
[0.506s] Level 1:colcon.colcon_core.package_identification:_identify(.) by extensions ['ignore', 'ignore_ament_install']
[0.507s] Level 1:colcon.colcon_core.package_identification:_identify(.) by extension 'ignore'
[0.507s] Level 1:colcon.colcon_core.package_identification:_identify(.) by extension 'ignore_ament_install'
[0.507s] Level 1:colcon.colcon_core.package_identification:_identify(.) by extensions ['colcon_pkg']
[0.507s] Level 1:colcon.colcon_core.package_identification:_identify(.) by extension 'colcon_pkg'
[0.507s] Level 1:colcon.colcon_core.package_identification:_identify(.) by extensions ['colcon_meta']
[0.507s] Level 1:colcon.colcon_core.package_identification:_identify(.) by extension 'colcon_meta'
[0.507s] Level 1:colcon.colcon_core.package_identification:_identify(.) by extensions ['ros']
[0.507s] Level 1:colcon.colcon_core.package_identification:_identify(.) by extension 'ros'
[0.558s] Level 1:colcon.colcon_core.package_identification:_identify(.) by extensions ['cmake', 'python']
[0.558s] Level 1:colcon.colcon_core.package_identification:_identify(.) by extension 'cmake'
[0.558s] Level 1:colcon.colcon_core.package_identification:_identify(.) by extension 'python'
[0.558s] Level 1:colcon.colcon_core.package_identification:_identify(.) by extensions ['python_setup_py']
[0.558s] Level 1:colcon.colcon_core.package_identification:_identify(.) by extension 'python_setup_py'
[0.558s] Level 1:colcon.colcon_core.package_identification:_identify(arm_control) by extensions ['ignore', 'ignore_ament_install']
[0.558s] Level 1:colcon.colcon_core.package_identification:_identify(arm_control) by extension 'ignore'
[0.559s] Level 1:colcon.colcon_core.package_identification:_identify(arm_control) by extension 'ignore_ament_install'
[0.559s] Level 1:colcon.colcon_core.package_identification:_identify(arm_control) by extensions ['colcon_pkg']
[0.559s] Level 1:colcon.colcon_core.package_identification:_identify(arm_control) by extension 'colcon_pkg'
[0.559s] Level 1:colcon.colcon_core.package_identification:_identify(arm_control) by extensions ['colcon_meta']
[0.559s] Level 1:colcon.colcon_core.package_identification:_identify(arm_control) by extension 'colcon_meta'
[0.559s] Level 1:colcon.colcon_core.package_identification:_identify(arm_control) by extensions ['ros']
[0.559s] Level 1:colcon.colcon_core.package_identification:_identify(arm_control) by extension 'ros'
[0.565s] DEBUG:colcon.colcon_core.package_identification:Package 'arm_control' with type 'ros.ament_python' and name 'arm_control'
[0.565s] Level 1:colcon.colcon_core.package_identification:_identify(build) by extensions ['ignore', 'ignore_ament_install']
[0.566s] Level 1:colcon.colcon_core.package_identification:_identify(build) by extension 'ignore'
[0.566s] Level 1:colcon.colcon_core.package_identification:_identify(build) ignored
[0.566s] Level 1:colcon.colcon_core.package_identification:_identify(install) by extensions ['ignore', 'ignore_ament_install']
[0.566s] Level 1:colcon.colcon_core.package_identification:_identify(install) by extension 'ignore'
[0.566s] Level 1:colcon.colcon_core.package_identification:_identify(install) ignored
[0.566s] Level 1:colcon.colcon_core.package_identification:_identify(log) by extensions ['ignore', 'ignore_ament_install']
[0.567s] Level 1:colcon.colcon_core.package_identification:_identify(log) by extension 'ignore'
[0.567s] Level 1:colcon.colcon_core.package_identification:_identify(log) ignored
[0.567s] Level 1:colcon.colcon_core.package_identification:_identify(src) by extensions ['ignore', 'ignore_ament_install']
[0.567s] Level 1:colcon.colcon_core.package_identification:_identify(src) by extension 'ignore'
[0.567s] Level 1:colcon.colcon_core.package_identification:_identify(src) by extension 'ignore_ament_install'
[0.567s] Level 1:colcon.colcon_core.package_identification:_identify(src) by extensions ['colcon_pkg']
[0.567s] Level 1:colcon.colcon_core.package_identification:_identify(src) by extension 'colcon_pkg'
[0.567s] Level 1:colcon.colcon_core.package_identification:_identify(src) by extensions ['colcon_meta']
[0.567s] Level 1:colcon.colcon_core.package_identification:_identify(src) by extension 'colcon_meta'
[0.567s] Level 1:colcon.colcon_core.package_identification:_identify(src) by extensions ['ros']
[0.567s] Level 1:colcon.colcon_core.package_identification:_identify(src) by extension 'ros'
[0.568s] Level 1:colcon.colcon_core.package_identification:_identify(src) by extensions ['cmake', 'python']
[0.568s] Level 1:colcon.colcon_core.package_identification:_identify(src) by extension 'cmake'
[0.568s] Level 1:colcon.colcon_core.package_identification:_identify(src) by extension 'python'
[0.568s] Level 1:colcon.colcon_core.package_identification:_identify(src) by extensions ['python_setup_py']
[0.568s] Level 1:colcon.colcon_core.package_identification:_identify(src) by extension 'python_setup_py'
[0.568s] Level 1:colcon.colcon_core.package_identification:_identify(src/can_controller) by extensions ['ignore', 'ignore_ament_install']
[0.568s] Level 1:colcon.colcon_core.package_identification:_identify(src/can_controller) by extension 'ignore'
[0.568s] Level 1:colcon.colcon_core.package_identification:_identify(src/can_controller) by extension 'ignore_ament_install'
[0.568s] Level 1:colcon.colcon_core.package_identification:_identify(src/can_controller) by extensions ['colcon_pkg']
[0.568s] Level 1:colcon.colcon_core.package_identification:_identify(src/can_controller) by extension 'colcon_pkg'
[0.568s] Level 1:colcon.colcon_core.package_identification:_identify(src/can_controller) by extensions ['colcon_meta']
[0.568s] Level 1:colcon.colcon_core.package_identification:_identify(src/can_controller) by extension 'colcon_meta'
[0.569s] Level 1:colcon.colcon_core.package_identification:_identify(src/can_controller) by extensions ['ros']
[0.569s] Level 1:colcon.colcon_core.package_identification:_identify(src/can_controller) by extension 'ros'
[0.570s] DEBUG:colcon.colcon_core.package_identification:Package 'src/can_controller' with type 'ros.ament_python' and name 'can_controller'
[0.570s] Level 1:colcon.colcon_core.package_identification:_identify(src/can_interfaces) by extensions ['ignore', 'ignore_ament_install']
[0.570s] Level 1:colcon.colcon_core.package_identification:_identify(src/can_interfaces) by extension 'ignore'
[0.570s] Level 1:colcon.colcon_core.package_identification:_identify(src/can_interfaces) by extension 'ignore_ament_install'
[0.570s] Level 1:colcon.colcon_core.package_identification:_identify(src/can_interfaces) by extensions ['colcon_pkg']
[0.570s] Level 1:colcon.colcon_core.package_identification:_identify(src/can_interfaces) by extension 'colcon_pkg'
[0.570s] Level 1:colcon.colcon_core.package_identification:_identify(src/can_interfaces) by extensions ['colcon_meta']
[0.571s] Level 1:colcon.colcon_core.package_identification:_identify(src/can_interfaces) by extension 'colcon_meta'
[0.571s] Level 1:colcon.colcon_core.package_identification:_identify(src/can_interfaces) by extensions ['ros']
[0.571s] Level 1:colcon.colcon_core.package_identification:_identify(src/can_interfaces) by extension 'ros'
[0.572s] DEBUG:colcon.colcon_core.package_identification:Package 'src/can_interfaces' with type 'ros.ament_cmake' and name 'can_interfaces'
[0.572s] Level 1:colcon.colcon_core.package_identification:_identify(src/drive_commands) by extensions ['ignore', 'ignore_ament_install']
[0.572s] Level 1:colcon.colcon_core.package_identification:_identify(src/drive_commands) by extension 'ignore'
[0.572s] Level 1:colcon.colcon_core.package_identification:_identify(src/drive_commands) by extension 'ignore_ament_install'
[0.572s] Level 1:colcon.colcon_core.package_identification:_identify(src/drive_commands) by extensions ['colcon_pkg']
[0.572s] Level 1:colcon.colcon_core.package_identification:_identify(src/drive_commands) by extension 'colcon_pkg'
[0.572s] Level 1:colcon.colcon_core.package_identification:_identify(src/drive_commands) by extensions ['colcon_meta']
[0.572s] Level 1:colcon.colcon_core.package_identification:_identify(src/drive_commands) by extension 'colcon_meta'
[0.572s] Level 1:colcon.colcon_core.package_identification:_identify(src/drive_commands) by extensions ['ros']
[0.572s] Level 1:colcon.colcon_core.package_identification:_identify(src/drive_commands) by extension 'ros'
[0.575s] DEBUG:colcon.colcon_core.package_identification:Package 'src/drive_commands' with type 'ros.ament_python' and name 'drive_commands'
[0.575s] Level 1:colcon.colcon_core.package_discovery:discover_packages(recursive) using defaults
[0.576s] Level 1:colcon.colcon_core.package_discovery:discover_packages(ignore) discover
[0.576s] Level 1:colcon.colcon_core.package_discovery:discover_packages(ignore) using defaults
[0.576s] Level 1:colcon.colcon_core.package_discovery:discover_packages(path) discover
[0.576s] Level 1:colcon.colcon_core.package_discovery:discover_packages(path) using defaults
[0.619s] Level 1:colcon.colcon_core.package_discovery:discover_packages(prefix_path) check parameters
[0.619s] Level 1:colcon.colcon_core.package_discovery:discover_packages(prefix_path) discover
[0.627s] DEBUG:colcon.colcon_installed_package_information.package_discovery:Found 4 installed packages in /home/ritvik/Documents/MRT_ROS_WS/install
[0.627s] DEBUG:colcon.colcon_installed_package_information.package_discovery:Found 1 installed packages in /home/ritvik/rover_arm_ws/install
[0.632s] DEBUG:colcon.colcon_installed_package_information.package_discovery:Found 385 installed packages in /opt/ros/jazzy
[0.634s] Level 1:colcon.colcon_core.package_discovery:discover_packages(prefix_path) using defaults
[0.736s] Level 5:colcon.colcon_core.verb:set package 'arm_control' build argument 'cmake_args' from command line to 'None'
[0.736s] Level 5:colcon.colcon_core.verb:set package 'arm_control' build argument 'cmake_target' from command line to 'None'
[0.736s] Level 5:colcon.colcon_core.verb:set package 'arm_control' build argument 'cmake_target_skip_unavailable' from command line to 'False'
[0.736s] Level 5:colcon.colcon_core.verb:set package 'arm_control' build argument 'cmake_clean_cache' from command line to 'False'
[0.736s] Level 5:colcon.colcon_core.verb:set package 'arm_control' build argument 'cmake_clean_first' from command line to 'False'
[0.736s] Level 5:colcon.colcon_core.verb:set package 'arm_control' build argument 'cmake_force_configure' from command line to 'False'
[0.736s] Level 5:colcon.colcon_core.verb:set package 'arm_control' build argument 'ament_cmake_args' from command line to 'None'
[0.736s] Level 5:colcon.colcon_core.verb:set package 'arm_control' build argument 'catkin_cmake_args' from command line to 'None'
[0.736s] Level 5:colcon.colcon_core.verb:set package 'arm_control' build argument 'catkin_skip_building_tests' from command line to 'False'
[0.737s] DEBUG:colcon.colcon_core.verb:Building package 'arm_control' with the following arguments: {'ament_cmake_args': None, 'build_base': '/home/ritvik/Documents/MRT_ROS_WS/build/arm_control', 'catkin_cmake_args': None, 'catkin_skip_building_tests': False, 'cmake_args': None, 'cmake_clean_cache': False, 'cmake_clean_first': False, 'cmake_force_configure': False, 'cmake_target': None, 'cmake_target_skip_unavailable': False, 'install_base': '/home/ritvik/Documents/MRT_ROS_WS/install/arm_control', 'merge_install': False, 'path': '/home/ritvik/Documents/MRT_ROS_WS/arm_control', 'symlink_install': False, 'test_result_base': None}
[0.737s] Level 5:colcon.colcon_core.verb:set package 'can_controller' build argument 'cmake_args' from command line to 'None'
[0.737s] Level 5:colcon.colcon_core.verb:set package 'can_controller' build argument 'cmake_target' from command line to 'None'
[0.737s] Level 5:colcon.colcon_core.verb:set package 'can_controller' build argument 'cmake_target_skip_unavailable' from command line to 'False'
[0.737s] Level 5:colcon.colcon_core.verb:set package 'can_controller' build argument 'cmake_clean_cache' from command line to 'False'
[0.737s] Level 5:colcon.colcon_core.verb:set package 'can_controller' build argument 'cmake_clean_first' from command line to 'False'
[0.738s] Level 5:colcon.colcon_core.verb:set package 'can_controller' build argument 'cmake_force_configure' from command line to 'False'
[0.738s] Level 5:colcon.colcon_core.verb:set package 'can_controller' build argument 'ament_cmake_args' from command line to 'None'
[0.738s] Level 5:colcon.colcon_core.verb:set package 'can_controller' build argument 'catkin_cmake_args' from command line to 'None'
[0.738s] Level 5:colcon.colcon_core.verb:set package 'can_controller' build argument 'catkin_skip_building_tests' from command line to 'False'
[0.738s] DEBUG:colcon.colcon_core.verb:Building package 'can_controller' with the following arguments: {'ament_cmake_args': None, 'build_base': '/home/ritvik/Documents/MRT_ROS_WS/build/can_controller', 'catkin_cmake_args': None, 'catkin_skip_building_tests': False, 'cmake_args': None, 'cmake_clean_cache': False, 'cmake_clean_first': False, 'cmake_force_configure': False, 'cmake_target': None, 'cmake_target_skip_unavailable': False, 'install_base': '/home/ritvik/Documents/MRT_ROS_WS/install/can_controller', 'merge_install': False, 'path': '/home/ritvik/Documents/MRT_ROS_WS/src/can_controller', 'symlink_install': False, 'test_result_base': None}
[0.738s] Level 5:colcon.colcon_core.verb:set package 'can_interfaces' build argument 'cmake_args' from command line to 'None'
[0.738s] Level 5:colcon.colcon_core.verb:set package 'can_interfaces' build argument 'cmake_target' from command line to 'None'
[0.738s] Level 5:colcon.colcon_core.verb:set package 'can_interfaces' build argument 'cmake_target_skip_unavailable' from command line to 'False'
[0.739s] Level 5:colcon.colcon_core.verb:set package 'can_interfaces' build argument 'cmake_clean_cache' from command line to 'False'
[0.739s] Level 5:colcon.colcon_core.verb:set package 'can_interfaces' build argument 'cmake_clean_first' from command line to 'False'
[0.739s] Level 5:colcon.colcon_core.verb:set package 'can_interfaces' build argument 'cmake_force_configure' from command line to 'False'
[0.739s] Level 5:colcon.colcon_core.verb:set package 'can_interfaces' build argument 'ament_cmake_args' from command line to 'None'
[0.739s] Level 5:colcon.colcon_core.verb:set package 'can_interfaces' build argument 'catkin_cmake_args' from command line to 'None'
[0.739s] Level 5:colcon.colcon_core.verb:set package 'can_interfaces' build argument 'catkin_skip_building_tests' from command line to 'False'
[0.739s] DEBUG:colcon.colcon_core.verb:Building package 'can_interfaces' with the following arguments: {'ament_cmake_args': None, 'build_base': '/home/ritvik/Documents/MRT_ROS_WS/build/can_interfaces', 'catkin_cmake_args': None, 'catkin_skip_building_tests': False, 'cmake_args': None, 'cmake_clean_cache': False, 'cmake_clean_first': False, 'cmake_force_configure': False, 'cmake_target': None, 'cmake_target_skip_unavailable': False, 'install_base': '/home/ritvik/Documents/MRT_ROS_WS/install/can_interfaces', 'merge_install': False, 'path': '/home/ritvik/Documents/MRT_ROS_WS/src/can_interfaces', 'symlink_install': False, 'test_result_base': None}
[0.739s] Level 5:colcon.colcon_core.verb:set package 'drive_commands' build argument 'cmake_args' from command line to 'None'
[0.739s] Level 5:colcon.colcon_core.verb:set package 'drive_commands' build argument 'cmake_target' from command line to 'None'
[0.740s] Level 5:colcon.colcon_core.verb:set package 'drive_commands' build argument 'cmake_target_skip_unavailable' from command line to 'False'
[0.740s] Level 5:colcon.colcon_core.verb:set package 'drive_commands' build argument 'cmake_clean_cache' from command line to 'False'
[0.740s] Level 5:colcon.colcon_core.verb:set package 'drive_commands' build argument 'cmake_clean_first' from command line to 'False'
[0.740s] Level 5:colcon.colcon_core.verb:set package 'drive_commands' build argument 'cmake_force_configure' from command line to 'False'
[0.740s] Level 5:colcon.colcon_core.verb:set package 'drive_commands' build argument 'ament_cmake_args' from command line to 'None'
[0.740s] Level 5:colcon.colcon_core.verb:set package 'drive_commands' build argument 'catkin_cmake_args' from command line to 'None'
[0.740s] Level 5:colcon.colcon_core.verb:set package 'drive_commands' build argument 'catkin_skip_building_tests' from command line to 'False'
[0.740s] DEBUG:colcon.colcon_core.verb:Building package 'drive_commands' with the following arguments: {'ament_cmake_args': None, 'build_base': '/home/ritvik/Documents/MRT_ROS_WS/build/drive_commands', 'catkin_cmake_args': None, 'catkin_skip_building_tests': False, 'cmake_args': None, 'cmake_clean_cache': False, 'cmake_clean_first': False, 'cmake_force_configure': False, 'cmake_target': None, 'cmake_target_skip_unavailable': False, 'install_base': '/home/ritvik/Documents/MRT_ROS_WS/install/drive_commands', 'merge_install': False, 'path': '/home/ritvik/Documents/MRT_ROS_WS/src/drive_commands', 'symlink_install': False, 'test_result_base': None}
[0.740s] INFO:colcon.colcon_core.executor:Executing jobs using 'parallel' executor
[0.742s] DEBUG:colcon.colcon_parallel_executor.executor.parallel:run_until_complete
[0.743s] INFO:colcon.colcon_ros.task.ament_python.build:Building ROS package in '/home/ritvik/Documents/MRT_ROS_WS/arm_control' with build type 'ament_python'
[0.743s] Level 1:colcon.colcon_core.shell:create_environment_hook('arm_control', 'ament_prefix_path')
[0.756s] INFO:colcon.colcon_core.plugin_system:Skipping extension 'colcon_core.shell.bat': Not used on non-Windows systems
[0.757s] INFO:colcon.colcon_core.shell:Creating environment hook '/home/ritvik/Documents/MRT_ROS_WS/install/arm_control/share/arm_control/hook/ament_prefix_path.ps1'
[0.758s] INFO:colcon.colcon_core.shell:Creating environment descriptor '/home/ritvik/Documents/MRT_ROS_WS/install/arm_control/share/arm_control/hook/ament_prefix_path.dsv'
[0.760s] INFO:colcon.colcon_core.shell:Creating environment hook '/home/ritvik/Documents/MRT_ROS_WS/install/arm_control/share/arm_control/hook/ament_prefix_path.sh'
[0.763s] INFO:colcon.colcon_core.shell:Skip shell extension 'powershell' for command environment: Not usable outside of PowerShell
[0.763s] DEBUG:colcon.colcon_core.shell:Skip shell extension 'dsv' for command environment
[0.774s] INFO:colcon.colcon_ros.task.ament_python.build:Building ROS package in '/home/ritvik/Documents/MRT_ROS_WS/src/can_controller' with build type 'ament_python'
[0.775s] Level 1:colcon.colcon_core.shell:create_environment_hook('can_controller', 'ament_prefix_path')
[0.775s] INFO:colcon.colcon_core.shell:Creating environment hook '/home/ritvik/Documents/MRT_ROS_WS/install/can_controller/share/can_controller/hook/ament_prefix_path.ps1'
[0.777s] INFO:colcon.colcon_core.shell:Creating environment descriptor '/home/ritvik/Documents/MRT_ROS_WS/install/can_controller/share/can_controller/hook/ament_prefix_path.dsv'
[0.778s] INFO:colcon.colcon_core.shell:Creating environment hook '/home/ritvik/Documents/MRT_ROS_WS/install/can_controller/share/can_controller/hook/ament_prefix_path.sh'
[0.780s] INFO:colcon.colcon_core.shell:Skip shell extension 'powershell' for command environment: Not usable outside of PowerShell
[0.780s] DEBUG:colcon.colcon_core.shell:Skip shell extension 'dsv' for command environment
[0.790s] INFO:colcon.colcon_ros.task.ament_cmake.build:Building ROS package in '/home/ritvik/Documents/MRT_ROS_WS/src/can_interfaces' with build type 'ament_cmake'
[0.790s] INFO:colcon.colcon_cmake.task.cmake.build:Building CMake package in '/home/ritvik/Documents/MRT_ROS_WS/src/can_interfaces'
[0.791s] INFO:colcon.colcon_core.shell:Skip shell extension 'powershell' for command environment: Not usable outside of PowerShell
[0.791s] DEBUG:colcon.colcon_core.shell:Skip shell extension 'dsv' for command environment
[0.803s] INFO:colcon.colcon_ros.task.ament_python.build:Building ROS package in '/home/ritvik/Documents/MRT_ROS_WS/src/drive_commands' with build type 'ament_python'
[0.804s] Level 1:colcon.colcon_core.shell:create_environment_hook('drive_commands', 'ament_prefix_path')
[0.804s] INFO:colcon.colcon_core.shell:Creating environment hook '/home/ritvik/Documents/MRT_ROS_WS/install/drive_commands/share/drive_commands/hook/ament_prefix_path.ps1'
[0.806s] INFO:colcon.colcon_core.shell:Creating environment descriptor '/home/ritvik/Documents/MRT_ROS_WS/install/drive_commands/share/drive_commands/hook/ament_prefix_path.dsv'
[0.807s] INFO:colcon.colcon_core.shell:Creating environment hook '/home/ritvik/Documents/MRT_ROS_WS/install/drive_commands/share/drive_commands/hook/ament_prefix_path.sh'
[0.808s] INFO:colcon.colcon_core.shell:Skip shell extension 'powershell' for command environment: Not usable outside of PowerShell
[0.808s] DEBUG:colcon.colcon_core.shell:Skip shell extension 'dsv' for command environment
[1.310s] INFO:colcon.colcon_core.task.python.build:Building Python package in '/home/ritvik/Documents/MRT_ROS_WS/arm_control'
[1.310s] INFO:colcon.colcon_core.shell:Skip shell extension 'powershell' for command environment: Not usable outside of PowerShell
[1.310s] DEBUG:colcon.colcon_core.shell:Skip shell extension 'dsv' for command environment
[1.781s] INFO:colcon.colcon_core.task.python.build:Building Python package in '/home/ritvik/Documents/MRT_ROS_WS/src/can_controller'
[1.781s] INFO:colcon.colcon_core.shell:Skip shell extension 'powershell' for command environment: Not usable outside of PowerShell
[1.782s] DEBUG:colcon.colcon_core.shell:Skip shell extension 'dsv' for command environment
[1.798s] DEBUG:colcon.colcon_core.event_handler.log_command:Invoking command in '/home/ritvik/Documents/MRT_ROS_WS/build/can_interfaces': CMAKE_PREFIX_PATH=${CMAKE_PREFIX_PATH}:/home/ritvik/Documents/MRT_ROS_WS/install/drive_commands:/home/ritvik/Documents/MRT_ROS_WS/install/can_controller:/home/ritvik/Documents/MRT_ROS_WS/install/arm_control:/opt/ros/jazzy DEBUGINFOD_URLS=https://debuginfod.ubuntu.com /usr/bin/cmake --build /home/ritvik/Documents/MRT_ROS_WS/build/can_interfaces -- -j16 -l16
[2.312s] INFO:colcon.colcon_core.task.python.build:Building Python package in '/home/ritvik/Documents/MRT_ROS_WS/src/drive_commands'
[2.312s] INFO:colcon.colcon_core.shell:Skip shell extension 'powershell' for command environment: Not usable outside of PowerShell
[2.312s] DEBUG:colcon.colcon_core.shell:Skip shell extension 'dsv' for command environment
[2.712s] DEBUG:colcon.colcon_core.event_handler.log_command:Invoked command in '/home/ritvik/Documents/MRT_ROS_WS/build/can_interfaces' returned '0': CMAKE_PREFIX_PATH=${CMAKE_PREFIX_PATH}:/home/ritvik/Documents/MRT_ROS_WS/install/drive_commands:/home/ritvik/Documents/MRT_ROS_WS/install/can_controller:/home/ritvik/Documents/MRT_ROS_WS/install/arm_control:/opt/ros/jazzy DEBUGINFOD_URLS=https://debuginfod.ubuntu.com /usr/bin/cmake --build /home/ritvik/Documents/MRT_ROS_WS/build/can_interfaces -- -j16 -l16
[2.737s] DEBUG:colcon.colcon_core.event_handler.log_command:Invoking command in '/home/ritvik/Documents/MRT_ROS_WS/build/can_interfaces': CMAKE_PREFIX_PATH=${CMAKE_PREFIX_PATH}:/home/ritvik/Documents/MRT_ROS_WS/install/drive_commands:/home/ritvik/Documents/MRT_ROS_WS/install/can_controller:/home/ritvik/Documents/MRT_ROS_WS/install/arm_control:/opt/ros/jazzy DEBUGINFOD_URLS=https://debuginfod.ubuntu.com /usr/bin/cmake --install /home/ritvik/Documents/MRT_ROS_WS/build/can_interfaces
[2.887s] Level 1:colcon.colcon_core.environment:create_environment_scripts_only(can_interfaces)
[2.887s] DEBUG:colcon.colcon_core.event_handler.log_command:Invoked command in '/home/ritvik/Documents/MRT_ROS_WS/build/can_interfaces' returned '0': CMAKE_PREFIX_PATH=${CMAKE_PREFIX_PATH}:/home/ritvik/Documents/MRT_ROS_WS/install/drive_commands:/home/ritvik/Documents/MRT_ROS_WS/install/can_controller:/home/ritvik/Documents/MRT_ROS_WS/install/arm_control:/opt/ros/jazzy DEBUGINFOD_URLS=https://debuginfod.ubuntu.com /usr/bin/cmake --install /home/ritvik/Documents/MRT_ROS_WS/build/can_interfaces
[2.897s] Level 1:colcon.colcon_core.environment:checking '/home/ritvik/Documents/MRT_ROS_WS/install/can_interfaces' for CMake module files
[2.898s] Level 1:colcon.colcon_core.environment:checking '/home/ritvik/Documents/MRT_ROS_WS/install/can_interfaces' for CMake config files
[2.900s] Level 1:colcon.colcon_core.shell:create_environment_hook('can_interfaces', 'cmake_prefix_path')
[2.900s] INFO:colcon.colcon_core.shell:Creating environment hook '/home/ritvik/Documents/MRT_ROS_WS/install/can_interfaces/share/can_interfaces/hook/cmake_prefix_path.ps1'
[2.901s] INFO:colcon.colcon_core.shell:Creating environment descriptor '/home/ritvik/Documents/MRT_ROS_WS/install/can_interfaces/share/can_interfaces/hook/cmake_prefix_path.dsv'
[2.902s] INFO:colcon.colcon_core.shell:Creating environment hook '/home/ritvik/Documents/MRT_ROS_WS/install/can_interfaces/share/can_interfaces/hook/cmake_prefix_path.sh'
[2.903s] Level 1:colcon.colcon_core.environment:checking '/home/ritvik/Documents/MRT_ROS_WS/install/can_interfaces/lib'
[2.904s] Level 1:colcon.colcon_core.shell:create_environment_hook('can_interfaces', 'ld_library_path_lib')
[2.904s] INFO:colcon.colcon_core.shell:Creating environment hook '/home/ritvik/Documents/MRT_ROS_WS/install/can_interfaces/share/can_interfaces/hook/ld_library_path_lib.ps1'
[2.905s] INFO:colcon.colcon_core.shell:Creating environment descriptor '/home/ritvik/Documents/MRT_ROS_WS/install/can_interfaces/share/can_interfaces/hook/ld_library_path_lib.dsv'
[2.906s] INFO:colcon.colcon_core.shell:Creating environment hook '/home/ritvik/Documents/MRT_ROS_WS/install/can_interfaces/share/can_interfaces/hook/ld_library_path_lib.sh'
[2.907s] Level 1:colcon.colcon_core.environment:checking '/home/ritvik/Documents/MRT_ROS_WS/install/can_interfaces/bin'
[2.907s] Level 1:colcon.colcon_core.environment:checking '/home/ritvik/Documents/MRT_ROS_WS/install/can_interfaces/lib/pkgconfig/can_interfaces.pc'
[2.907s] Level 1:colcon.colcon_core.environment:checking '/home/ritvik/Documents/MRT_ROS_WS/install/can_interfaces/lib/python3.12/site-packages'
[2.907s] Level 1:colcon.colcon_core.shell:create_environment_hook('can_interfaces', 'pythonpath')
[2.908s] INFO:colcon.colcon_core.shell:Creating environment hook '/home/ritvik/Documents/MRT_ROS_WS/install/can_interfaces/share/can_interfaces/hook/pythonpath.ps1'
[2.908s] INFO:colcon.colcon_core.shell:Creating environment descriptor '/home/ritvik/Documents/MRT_ROS_WS/install/can_interfaces/share/can_interfaces/hook/pythonpath.dsv'
[2.909s] INFO:colcon.colcon_core.shell:Creating environment hook '/home/ritvik/Documents/MRT_ROS_WS/install/can_interfaces/share/can_interfaces/hook/pythonpath.sh'
[2.909s] Level 1:colcon.colcon_core.environment:checking '/home/ritvik/Documents/MRT_ROS_WS/install/can_interfaces/bin'
[2.910s] INFO:colcon.colcon_core.shell:Creating package script '/home/ritvik/Documents/MRT_ROS_WS/install/can_interfaces/share/can_interfaces/package.ps1'
[2.911s] INFO:colcon.colcon_core.shell:Creating package descriptor '/home/ritvik/Documents/MRT_ROS_WS/install/can_interfaces/share/can_interfaces/package.dsv'
[2.912s] INFO:colcon.colcon_core.shell:Creating package script '/home/ritvik/Documents/MRT_ROS_WS/install/can_interfaces/share/can_interfaces/package.sh'
[2.913s] INFO:colcon.colcon_core.shell:Creating package script '/home/ritvik/Documents/MRT_ROS_WS/install/can_interfaces/share/can_interfaces/package.bash'
[2.913s] INFO:colcon.colcon_core.shell:Creating package script '/home/ritvik/Documents/MRT_ROS_WS/install/can_interfaces/share/can_interfaces/package.zsh'
[2.914s] Level 1:colcon.colcon_core.environment:create_file_with_runtime_dependencies(/home/ritvik/Documents/MRT_ROS_WS/install/can_interfaces/share/colcon-core/packages/can_interfaces)
[2.915s] Level 1:colcon.colcon_core.environment:create_environment_scripts_only(can_interfaces)
[2.915s] Level 1:colcon.colcon_core.environment:checking '/home/ritvik/Documents/MRT_ROS_WS/install/can_interfaces' for CMake module files
[2.917s] Level 1:colcon.colcon_core.environment:checking '/home/ritvik/Documents/MRT_ROS_WS/install/can_interfaces' for CMake config files
[2.917s] Level 1:colcon.colcon_core.shell:create_environment_hook('can_interfaces', 'cmake_prefix_path')
[2.918s] INFO:colcon.colcon_core.shell:Creating environment hook '/home/ritvik/Documents/MRT_ROS_WS/install/can_interfaces/share/can_interfaces/hook/cmake_prefix_path.ps1'
[2.918s] INFO:colcon.colcon_core.shell:Creating environment descriptor '/home/ritvik/Documents/MRT_ROS_WS/install/can_interfaces/share/can_interfaces/hook/cmake_prefix_path.dsv'
[2.919s] INFO:colcon.colcon_core.shell:Creating environment hook '/home/ritvik/Documents/MRT_ROS_WS/install/can_interfaces/share/can_interfaces/hook/cmake_prefix_path.sh'
[2.920s] Level 1:colcon.colcon_core.environment:checking '/home/ritvik/Documents/MRT_ROS_WS/install/can_interfaces/lib'
[2.920s] Level 1:colcon.colcon_core.shell:create_environment_hook('can_interfaces', 'ld_library_path_lib')
[2.920s] INFO:colcon.colcon_core.shell:Creating environment hook '/home/ritvik/Documents/MRT_ROS_WS/install/can_interfaces/share/can_interfaces/hook/ld_library_path_lib.ps1'
[2.920s] INFO:colcon.colcon_core.shell:Creating environment descriptor '/home/ritvik/Documents/MRT_ROS_WS/install/can_interfaces/share/can_interfaces/hook/ld_library_path_lib.dsv'
[2.921s] INFO:colcon.colcon_core.shell:Creating environment hook '/home/ritvik/Documents/MRT_ROS_WS/install/can_interfaces/share/can_interfaces/hook/ld_library_path_lib.sh'
[2.921s] Level 1:colcon.colcon_core.environment:checking '/home/ritvik/Documents/MRT_ROS_WS/install/can_interfaces/bin'
[2.921s] Level 1:colcon.colcon_core.environment:checking '/home/ritvik/Documents/MRT_ROS_WS/install/can_interfaces/lib/pkgconfig/can_interfaces.pc'
[2.922s] Level 1:colcon.colcon_core.environment:checking '/home/ritvik/Documents/MRT_ROS_WS/install/can_interfaces/lib/python3.12/site-packages'
[2.922s] Level 1:colcon.colcon_core.shell:create_environment_hook('can_interfaces', 'pythonpath')
[2.922s] INFO:colcon.colcon_core.shell:Creating environment hook '/home/ritvik/Documents/MRT_ROS_WS/install/can_interfaces/share/can_interfaces/hook/pythonpath.ps1'
[2.922s] INFO:colcon.colcon_core.shell:Creating environment descriptor '/home/ritvik/Documents/MRT_ROS_WS/install/can_interfaces/share/can_interfaces/hook/pythonpath.dsv'
[2.923s] INFO:colcon.colcon_core.shell:Creating environment hook '/home/ritvik/Documents/MRT_ROS_WS/install/can_interfaces/share/can_interfaces/hook/pythonpath.sh'
[2.924s] Level 1:colcon.colcon_core.environment:checking '/home/ritvik/Documents/MRT_ROS_WS/install/can_interfaces/bin'
[2.924s] INFO:colcon.colcon_core.shell:Creating package script '/home/ritvik/Documents/MRT_ROS_WS/install/can_interfaces/share/can_interfaces/package.ps1'
[2.925s] INFO:colcon.colcon_core.shell:Creating package descriptor '/home/ritvik/Documents/MRT_ROS_WS/install/can_interfaces/share/can_interfaces/package.dsv'
[2.925s] INFO:colcon.colcon_core.shell:Creating package script '/home/ritvik/Documents/MRT_ROS_WS/install/can_interfaces/share/can_interfaces/package.sh'
[2.926s] INFO:colcon.colcon_core.shell:Creating package script '/home/ritvik/Documents/MRT_ROS_WS/install/can_interfaces/share/can_interfaces/package.bash'
[2.926s] INFO:colcon.colcon_core.shell:Creating package script '/home/ritvik/Documents/MRT_ROS_WS/install/can_interfaces/share/can_interfaces/package.zsh'
[2.927s] Level 1:colcon.colcon_core.environment:create_file_with_runtime_dependencies(/home/ritvik/Documents/MRT_ROS_WS/install/can_interfaces/share/colcon-core/packages/can_interfaces)
[3.613s] DEBUG:colcon.colcon_core.event_handler.log_command:Invoking command in '/home/ritvik/Documents/MRT_ROS_WS/src/can_controller': DEBUGINFOD_URLS=https://debuginfod.ubuntu.com PYTHONPATH=/home/ritvik/Documents/MRT_ROS_WS/build/can_controller/prefix_override:/usr/lib/python3/dist-packages/colcon_core/task/python/colcon_distutils_commands:/home/ritvik/Documents/MRT_ROS_WS/install/can_controller/lib/python3.12/site-packages:${PYTHONPATH} /usr/bin/python3 -W ignore:setup.py install is deprecated -W ignore:easy_install command is deprecated setup.py egg_info --egg-base ../../build/can_controller build --build-base /home/ritvik/Documents/MRT_ROS_WS/build/can_controller/build install --record /home/ritvik/Documents/MRT_ROS_WS/build/can_controller/install.log --single-version-externally-managed install_data
[3.628s] DEBUG:colcon.colcon_core.event_handler.log_command:Invoking command in '/home/ritvik/Documents/MRT_ROS_WS/arm_control': DEBUGINFOD_URLS=https://debuginfod.ubuntu.com PYTHONPATH=/home/ritvik/Documents/MRT_ROS_WS/build/arm_control/prefix_override:/usr/lib/python3/dist-packages/colcon_core/task/python/colcon_distutils_commands:/home/ritvik/Documents/MRT_ROS_WS/install/arm_control/lib/python3.12/site-packages:${PYTHONPATH} /usr/bin/python3 -W ignore:setup.py install is deprecated -W ignore:easy_install command is deprecated setup.py egg_info --egg-base ../build/arm_control build --build-base /home/ritvik/Documents/MRT_ROS_WS/build/arm_control/build install --record /home/ritvik/Documents/MRT_ROS_WS/build/arm_control/install.log --single-version-externally-managed install_data
[3.651s] DEBUG:colcon.colcon_core.event_handler.log_command:Invoking command in '/home/ritvik/Documents/MRT_ROS_WS/src/drive_commands': DEBUGINFOD_URLS=https://debuginfod.ubuntu.com PYTHONPATH=/home/ritvik/Documents/MRT_ROS_WS/build/drive_commands/prefix_override:/usr/lib/python3/dist-packages/colcon_core/task/python/colcon_distutils_commands:/home/ritvik/Documents/MRT_ROS_WS/install/drive_commands/lib/python3.12/site-packages:${PYTHONPATH} /usr/bin/python3 -W ignore:setup.py install is deprecated -W ignore:easy_install command is deprecated setup.py egg_info --egg-base ../../build/drive_commands build --build-base /home/ritvik/Documents/MRT_ROS_WS/build/drive_commands/build install --record /home/ritvik/Documents/MRT_ROS_WS/build/drive_commands/install.log --single-version-externally-managed install_data
[4.671s] Level 1:colcon.colcon_core.environment:checking '/home/ritvik/Documents/MRT_ROS_WS/install/can_controller' for CMake module files
[4.672s] DEBUG:colcon.colcon_core.event_handler.log_command:Invoked command in '/home/ritvik/Documents/MRT_ROS_WS/src/can_controller' returned '0': DEBUGINFOD_URLS=https://debuginfod.ubuntu.com PYTHONPATH=/home/ritvik/Documents/MRT_ROS_WS/build/can_controller/prefix_override:/usr/lib/python3/dist-packages/colcon_core/task/python/colcon_distutils_commands:/home/ritvik/Documents/MRT_ROS_WS/install/can_controller/lib/python3.12/site-packages:${PYTHONPATH} /usr/bin/python3 -W ignore:setup.py install is deprecated -W ignore:easy_install command is deprecated setup.py egg_info --egg-base ../../build/can_controller build --build-base /home/ritvik/Documents/MRT_ROS_WS/build/can_controller/build install --record /home/ritvik/Documents/MRT_ROS_WS/build/can_controller/install.log --single-version-externally-managed install_data
[4.673s] Level 1:colcon.colcon_core.environment:checking '/home/ritvik/Documents/MRT_ROS_WS/install/can_controller' for CMake config files
[4.674s] Level 1:colcon.colcon_core.environment:checking '/home/ritvik/Documents/MRT_ROS_WS/install/can_controller/lib'
[4.675s] Level 1:colcon.colcon_core.environment:checking '/home/ritvik/Documents/MRT_ROS_WS/install/can_controller/bin'
[4.675s] Level 1:colcon.colcon_core.environment:checking '/home/ritvik/Documents/MRT_ROS_WS/install/can_controller/lib/pkgconfig/can_controller.pc'
[4.675s] Level 1:colcon.colcon_core.environment:checking '/home/ritvik/Documents/MRT_ROS_WS/install/can_controller/lib/python3.12/site-packages'
[4.675s] Level 1:colcon.colcon_core.shell:create_environment_hook('can_controller', 'pythonpath')
[4.676s] INFO:colcon.colcon_core.shell:Creating environment hook '/home/ritvik/Documents/MRT_ROS_WS/install/can_controller/share/can_controller/hook/pythonpath.ps1'
[4.677s] INFO:colcon.colcon_core.shell:Creating environment descriptor '/home/ritvik/Documents/MRT_ROS_WS/install/can_controller/share/can_controller/hook/pythonpath.dsv'
[4.677s] INFO:colcon.colcon_core.shell:Creating environment hook '/home/ritvik/Documents/MRT_ROS_WS/install/can_controller/share/can_controller/hook/pythonpath.sh'
[4.679s] Level 1:colcon.colcon_core.environment:checking '/home/ritvik/Documents/MRT_ROS_WS/install/can_controller/bin'
[4.679s] Level 1:colcon.colcon_core.environment:create_environment_scripts_only(can_controller)
[4.680s] INFO:colcon.colcon_core.shell:Creating package script '/home/ritvik/Documents/MRT_ROS_WS/install/can_controller/share/can_controller/package.ps1'
[4.680s] INFO:colcon.colcon_core.shell:Creating package descriptor '/home/ritvik/Documents/MRT_ROS_WS/install/can_controller/share/can_controller/package.dsv'
[4.681s] INFO:colcon.colcon_core.shell:Creating package script '/home/ritvik/Documents/MRT_ROS_WS/install/can_controller/share/can_controller/package.sh'
[4.681s] INFO:colcon.colcon_core.shell:Creating package script '/home/ritvik/Documents/MRT_ROS_WS/install/can_controller/share/can_controller/package.bash'
[4.682s] INFO:colcon.colcon_core.shell:Creating package script '/home/ritvik/Documents/MRT_ROS_WS/install/can_controller/share/can_controller/package.zsh'
[4.682s] Level 1:colcon.colcon_core.environment:create_file_with_runtime_dependencies(/home/ritvik/Documents/MRT_ROS_WS/install/can_controller/share/colcon-core/packages/can_controller)
[4.686s] Level 1:colcon.colcon_core.environment:checking '/home/ritvik/Documents/MRT_ROS_WS/install/arm_control' for CMake module files
[4.686s] DEBUG:colcon.colcon_core.event_handler.log_command:Invoked command in '/home/ritvik/Documents/MRT_ROS_WS/arm_control' returned '0': DEBUGINFOD_URLS=https://debuginfod.ubuntu.com PYTHONPATH=/home/ritvik/Documents/MRT_ROS_WS/build/arm_control/prefix_override:/usr/lib/python3/dist-packages/colcon_core/task/python/colcon_distutils_commands:/home/ritvik/Documents/MRT_ROS_WS/install/arm_control/lib/python3.12/site-packages:${PYTHONPATH} /usr/bin/python3 -W ignore:setup.py install is deprecated -W ignore:easy_install command is deprecated setup.py egg_info --egg-base ../build/arm_control build --build-base /home/ritvik/Documents/MRT_ROS_WS/build/arm_control/build install --record /home/ritvik/Documents/MRT_ROS_WS/build/arm_control/install.log --single-version-externally-managed install_data
[4.687s] Level 1:colcon.colcon_core.environment:checking '/home/ritvik/Documents/MRT_ROS_WS/install/arm_control' for CMake config files
[4.688s] Level 1:colcon.colcon_core.environment:checking '/home/ritvik/Documents/MRT_ROS_WS/install/arm_control/lib'
[4.688s] Level 1:colcon.colcon_core.environment:checking '/home/ritvik/Documents/MRT_ROS_WS/install/arm_control/bin'
[4.688s] Level 1:colcon.colcon_core.environment:checking '/home/ritvik/Documents/MRT_ROS_WS/install/arm_control/lib/pkgconfig/arm_control.pc'
[4.688s] Level 1:colcon.colcon_core.environment:checking '/home/ritvik/Documents/MRT_ROS_WS/install/arm_control/lib/python3.12/site-packages'
[4.688s] Level 1:colcon.colcon_core.shell:create_environment_hook('arm_control', 'pythonpath')
[4.688s] INFO:colcon.colcon_core.shell:Creating environment hook '/home/ritvik/Documents/MRT_ROS_WS/install/arm_control/share/arm_control/hook/pythonpath.ps1'
[4.689s] INFO:colcon.colcon_core.shell:Creating environment descriptor '/home/ritvik/Documents/MRT_ROS_WS/install/arm_control/share/arm_control/hook/pythonpath.dsv'
[4.690s] INFO:colcon.colcon_core.shell:Creating environment hook '/home/ritvik/Documents/MRT_ROS_WS/install/arm_control/share/arm_control/hook/pythonpath.sh'
[4.691s] Level 1:colcon.colcon_core.environment:checking '/home/ritvik/Documents/MRT_ROS_WS/install/arm_control/bin'
[4.691s] Level 1:colcon.colcon_core.environment:create_environment_scripts_only(arm_control)
[4.691s] INFO:colcon.colcon_core.shell:Creating package script '/home/ritvik/Documents/MRT_ROS_WS/install/arm_control/share/arm_control/package.ps1'
[4.692s] INFO:colcon.colcon_core.shell:Creating package descriptor '/home/ritvik/Documents/MRT_ROS_WS/install/arm_control/share/arm_control/package.dsv'
[4.693s] INFO:colcon.colcon_core.shell:Creating package script '/home/ritvik/Documents/MRT_ROS_WS/install/arm_control/share/arm_control/package.sh'
[4.693s] INFO:colcon.colcon_core.shell:Creating package script '/home/ritvik/Documents/MRT_ROS_WS/install/arm_control/share/arm_control/package.bash'
[4.693s] INFO:colcon.colcon_core.shell:Creating package script '/home/ritvik/Documents/MRT_ROS_WS/install/arm_control/share/arm_control/package.zsh'
[4.694s] Level 1:colcon.colcon_core.environment:create_file_with_runtime_dependencies(/home/ritvik/Documents/MRT_ROS_WS/install/arm_control/share/colcon-core/packages/arm_control)
[4.717s] Level 1:colcon.colcon_core.environment:checking '/home/ritvik/Documents/MRT_ROS_WS/install/drive_commands' for CMake module files
[4.718s] DEBUG:colcon.colcon_core.event_handler.log_command:Invoked command in '/home/ritvik/Documents/MRT_ROS_WS/src/drive_commands' returned '0': DEBUGINFOD_URLS=https://debuginfod.ubuntu.com PYTHONPATH=/home/ritvik/Documents/MRT_ROS_WS/build/drive_commands/prefix_override:/usr/lib/python3/dist-packages/colcon_core/task/python/colcon_distutils_commands:/home/ritvik/Documents/MRT_ROS_WS/install/drive_commands/lib/python3.12/site-packages:${PYTHONPATH} /usr/bin/python3 -W ignore:setup.py install is deprecated -W ignore:easy_install command is deprecated setup.py egg_info --egg-base ../../build/drive_commands build --build-base /home/ritvik/Documents/MRT_ROS_WS/build/drive_commands/build install --record /home/ritvik/Documents/MRT_ROS_WS/build/drive_commands/install.log --single-version-externally-managed install_data
[4.719s] Level 1:colcon.colcon_core.environment:checking '/home/ritvik/Documents/MRT_ROS_WS/install/drive_commands' for CMake config files
[4.720s] Level 1:colcon.colcon_core.environment:checking '/home/ritvik/Documents/MRT_ROS_WS/install/drive_commands/lib'
[4.720s] Level 1:colcon.colcon_core.environment:checking '/home/ritvik/Documents/MRT_ROS_WS/install/drive_commands/bin'
[4.720s] Level 1:colcon.colcon_core.environment:checking '/home/ritvik/Documents/MRT_ROS_WS/install/drive_commands/lib/pkgconfig/drive_commands.pc'
[4.720s] Level 1:colcon.colcon_core.environment:checking '/home/ritvik/Documents/MRT_ROS_WS/install/drive_commands/lib/python3.12/site-packages'
[4.720s] Level 1:colcon.colcon_core.shell:create_environment_hook('drive_commands', 'pythonpath')
[4.721s] INFO:colcon.colcon_core.shell:Creating environment hook '/home/ritvik/Documents/MRT_ROS_WS/install/drive_commands/share/drive_commands/hook/pythonpath.ps1'
[4.721s] INFO:colcon.colcon_core.shell:Creating environment descriptor '/home/ritvik/Documents/MRT_ROS_WS/install/drive_commands/share/drive_commands/hook/pythonpath.dsv'
[4.722s] INFO:colcon.colcon_core.shell:Creating environment hook '/home/ritvik/Documents/MRT_ROS_WS/install/drive_commands/share/drive_commands/hook/pythonpath.sh'
[4.723s] Level 1:colcon.colcon_core.environment:checking '/home/ritvik/Documents/MRT_ROS_WS/install/drive_commands/bin'
[4.723s] Level 1:colcon.colcon_core.environment:create_environment_scripts_only(drive_commands)
[4.724s] INFO:colcon.colcon_core.shell:Creating package script '/home/ritvik/Documents/MRT_ROS_WS/install/drive_commands/share/drive_commands/package.ps1'
[4.724s] INFO:colcon.colcon_core.shell:Creating package descriptor '/home/ritvik/Documents/MRT_ROS_WS/install/drive_commands/share/drive_commands/package.dsv'
[4.725s] INFO:colcon.colcon_core.shell:Creating package script '/home/ritvik/Documents/MRT_ROS_WS/install/drive_commands/share/drive_commands/package.sh'
[4.726s] INFO:colcon.colcon_core.shell:Creating package script '/home/ritvik/Documents/MRT_ROS_WS/install/drive_commands/share/drive_commands/package.bash'
[4.727s] INFO:colcon.colcon_core.shell:Creating package script '/home/ritvik/Documents/MRT_ROS_WS/install/drive_commands/share/drive_commands/package.zsh'
[4.727s] Level 1:colcon.colcon_core.environment:create_file_with_runtime_dependencies(/home/ritvik/Documents/MRT_ROS_WS/install/drive_commands/share/colcon-core/packages/drive_commands)
[4.728s] DEBUG:colcon.colcon_parallel_executor.executor.parallel:closing loop
[4.728s] DEBUG:colcon.colcon_parallel_executor.executor.parallel:loop closed
[4.729s] DEBUG:colcon.colcon_parallel_executor.executor.parallel:run_until_complete finished with '0'
[4.729s] DEBUG:colcon.colcon_core.event_reactor:joining thread
[4.743s] INFO:colcon.colcon_core.plugin_system:Skipping extension 'colcon_notification.desktop_notification.terminal_notifier': Not used on non-Darwin systems
[4.743s] INFO:colcon.colcon_core.plugin_system:Skipping extension 'colcon_notification.desktop_notification.win32': Not used on non-Windows systems
[4.743s] INFO:colcon.colcon_notification.desktop_notification:Sending desktop notification using 'notify2'
[4.769s] DEBUG:colcon.colcon_core.event_reactor:joined thread
[4.769s] INFO:colcon.colcon_core.shell:Creating prefix script '/home/ritvik/Documents/MRT_ROS_WS/install/local_setup.ps1'
[4.772s] INFO:colcon.colcon_core.shell:Creating prefix util module '/home/ritvik/Documents/MRT_ROS_WS/install/_local_setup_util_ps1.py'
[4.774s] INFO:colcon.colcon_core.shell:Creating prefix chain script '/home/ritvik/Documents/MRT_ROS_WS/install/setup.ps1'
[4.778s] INFO:colcon.colcon_core.shell:Creating prefix script '/home/ritvik/Documents/MRT_ROS_WS/install/local_setup.sh'
[4.779s] INFO:colcon.colcon_core.shell:Creating prefix util module '/home/ritvik/Documents/MRT_ROS_WS/install/_local_setup_util_sh.py'
[4.780s] INFO:colcon.colcon_core.shell:Creating prefix chain script '/home/ritvik/Documents/MRT_ROS_WS/install/setup.sh'
[4.783s] INFO:colcon.colcon_core.shell:Creating prefix script '/home/ritvik/Documents/MRT_ROS_WS/install/local_setup.bash'
[4.783s] INFO:colcon.colcon_core.shell:Creating prefix chain script '/home/ritvik/Documents/MRT_ROS_WS/install/setup.bash'
[4.786s] INFO:colcon.colcon_core.shell:Creating prefix script '/home/ritvik/Documents/MRT_ROS_WS/install/local_setup.zsh'
[4.787s] INFO:colcon.colcon_core.shell:Creating prefix chain script '/home/ritvik/Documents/MRT_ROS_WS/install/setup.zsh'
