[0.395s] DEBUG:colcon:Command line arguments: ['/usr/bin/colcon', 'build']
[0.395s] DEBUG:colcon:Parsed command line arguments: Namespace(log_base=None, log_level=None, verb_name='build', build_base='build', install_base='install', merge_install=False, symlink_install=False, test_result_base=None, continue_on_error=False, executor='parallel', parallel_workers=16, event_handlers=None, ignore_user_meta=False, metas=['./colcon.meta'], base_paths=['.'], packages_ignore=None, packages_ignore_regex=None, paths=None, packages_up_to=None, packages_up_to_regex=None, packages_above=None, packages_above_and_dependencies=None, packages_above_depth=None, packages_select_by_dep=None, packages_skip_by_dep=None, packages_skip_up_to=None, packages_select_build_failed=False, packages_skip_build_finished=False, packages_select_test_failures=False, packages_skip_test_passed=False, packages_select=None, packages_skip=None, packages_select_regex=None, packages_skip_regex=None, packages_start=None, packages_end=None, allow_overriding=[], cmake_args=None, cmake_target=None, cmake_target_skip_unavailable=False, cmake_clean_cache=False, cmake_clean_first=False, cmake_force_configure=False, ament_cmake_args=None, catkin_cmake_args=None, catkin_skip_building_tests=False, mixin_files=None, mixin=None, verb_parser=<colcon_mixin.mixin.mixin_argument.MixinArgumentDecorator object at 0x783aa5617c80>, verb_extension=<colcon_core.verb.build.BuildVerb object at 0x783aa56164b0>, main=<bound method BuildVerb.main of <colcon_core.verb.build.BuildVerb object at 0x783aa56164b0>>, mixin_verb=('build',))
[0.488s] Level 1:colcon.colcon_core.package_discovery:discover_packages(colcon_meta) check parameters
[0.488s] Level 1:colcon.colcon_core.package_discovery:discover_packages(recursive) check parameters
[0.488s] Level 1:colcon.colcon_core.package_discovery:discover_packages(ignore) check parameters
[0.488s] Level 1:colcon.colcon_core.package_discovery:discover_packages(path) check parameters
[0.488s] Level 1:colcon.colcon_core.package_discovery:discover_packages(colcon_meta) discover
[0.488s] Level 1:colcon.colcon_core.package_discovery:discover_packages(recursive) discover
[0.488s] INFO:colcon.colcon_core.package_discovery:Crawling recursively for packages in '/home/ritvik/Documents/MRT_ROS_WS'
[0.489s] Level 1:colcon.colcon_core.package_identification:_identify(.) by extensions ['ignore', 'ignore_ament_install']
[0.489s] Level 1:colcon.colcon_core.package_identification:_identify(.) by extension 'ignore'
[0.489s] Level 1:colcon.colcon_core.package_identification:_identify(.) by extension 'ignore_ament_install'
[0.489s] Level 1:colcon.colcon_core.package_identification:_identify(.) by extensions ['colcon_pkg']
[0.489s] Level 1:colcon.colcon_core.package_identification:_identify(.) by extension 'colcon_pkg'
[0.489s] Level 1:colcon.colcon_core.package_identification:_identify(.) by extensions ['colcon_meta']
[0.489s] Level 1:colcon.colcon_core.package_identification:_identify(.) by extension 'colcon_meta'
[0.489s] Level 1:colcon.colcon_core.package_identification:_identify(.) by extensions ['ros']
[0.489s] Level 1:colcon.colcon_core.package_identification:_identify(.) by extension 'ros'
[0.538s] Level 1:colcon.colcon_core.package_identification:_identify(.) by extensions ['cmake', 'python']
[0.538s] Level 1:colcon.colcon_core.package_identification:_identify(.) by extension 'cmake'
[0.538s] Level 1:colcon.colcon_core.package_identification:_identify(.) by extension 'python'
[0.538s] Level 1:colcon.colcon_core.package_identification:_identify(.) by extensions ['python_setup_py']
[0.538s] Level 1:colcon.colcon_core.package_identification:_identify(.) by extension 'python_setup_py'
[0.539s] Level 1:colcon.colcon_core.package_identification:_identify(build) by extensions ['ignore', 'ignore_ament_install']
[0.539s] Level 1:colcon.colcon_core.package_identification:_identify(build) by extension 'ignore'
[0.539s] Level 1:colcon.colcon_core.package_identification:_identify(build) ignored
[0.539s] Level 1:colcon.colcon_core.package_identification:_identify(install) by extensions ['ignore', 'ignore_ament_install']
[0.540s] Level 1:colcon.colcon_core.package_identification:_identify(install) by extension 'ignore'
[0.540s] Level 1:colcon.colcon_core.package_identification:_identify(install) ignored
[0.540s] Level 1:colcon.colcon_core.package_identification:_identify(log) by extensions ['ignore', 'ignore_ament_install']
[0.540s] Level 1:colcon.colcon_core.package_identification:_identify(log) by extension 'ignore'
[0.540s] Level 1:colcon.colcon_core.package_identification:_identify(log) ignored
[0.540s] Level 1:colcon.colcon_core.package_identification:_identify(src) by extensions ['ignore', 'ignore_ament_install']
[0.541s] Level 1:colcon.colcon_core.package_identification:_identify(src) by extension 'ignore'
[0.541s] Level 1:colcon.colcon_core.package_identification:_identify(src) by extension 'ignore_ament_install'
[0.541s] Level 1:colcon.colcon_core.package_identification:_identify(src) by extensions ['colcon_pkg']
[0.541s] Level 1:colcon.colcon_core.package_identification:_identify(src) by extension 'colcon_pkg'
[0.541s] Level 1:colcon.colcon_core.package_identification:_identify(src) by extensions ['colcon_meta']
[0.541s] Level 1:colcon.colcon_core.package_identification:_identify(src) by extension 'colcon_meta'
[0.541s] Level 1:colcon.colcon_core.package_identification:_identify(src) by extensions ['ros']
[0.541s] Level 1:colcon.colcon_core.package_identification:_identify(src) by extension 'ros'
[0.541s] Level 1:colcon.colcon_core.package_identification:_identify(src) by extensions ['cmake', 'python']
[0.542s] Level 1:colcon.colcon_core.package_identification:_identify(src) by extension 'cmake'
[0.542s] Level 1:colcon.colcon_core.package_identification:_identify(src) by extension 'python'
[0.542s] Level 1:colcon.colcon_core.package_identification:_identify(src) by extensions ['python_setup_py']
[0.542s] Level 1:colcon.colcon_core.package_identification:_identify(src) by extension 'python_setup_py'
[0.542s] Level 1:colcon.colcon_core.package_identification:_identify(src/can_controller) by extensions ['ignore', 'ignore_ament_install']
[0.542s] Level 1:colcon.colcon_core.package_identification:_identify(src/can_controller) by extension 'ignore'
[0.542s] Level 1:colcon.colcon_core.package_identification:_identify(src/can_controller) by extension 'ignore_ament_install'
[0.542s] Level 1:colcon.colcon_core.package_identification:_identify(src/can_controller) by extensions ['colcon_pkg']
[0.542s] Level 1:colcon.colcon_core.package_identification:_identify(src/can_controller) by extension 'colcon_pkg'
[0.542s] Level 1:colcon.colcon_core.package_identification:_identify(src/can_controller) by extensions ['colcon_meta']
[0.543s] Level 1:colcon.colcon_core.package_identification:_identify(src/can_controller) by extension 'colcon_meta'
[0.543s] Level 1:colcon.colcon_core.package_identification:_identify(src/can_controller) by extensions ['ros']
[0.543s] Level 1:colcon.colcon_core.package_identification:_identify(src/can_controller) by extension 'ros'
[0.549s] DEBUG:colcon.colcon_core.package_identification:Package 'src/can_controller' with type 'ros.ament_python' and name 'can_controller'
[0.549s] Level 1:colcon.colcon_core.package_identification:_identify(src/can_interfaces) by extensions ['ignore', 'ignore_ament_install']
[0.549s] Level 1:colcon.colcon_core.package_identification:_identify(src/can_interfaces) by extension 'ignore'
[0.549s] Level 1:colcon.colcon_core.package_identification:_identify(src/can_interfaces) by extension 'ignore_ament_install'
[0.550s] Level 1:colcon.colcon_core.package_identification:_identify(src/can_interfaces) by extensions ['colcon_pkg']
[0.550s] Level 1:colcon.colcon_core.package_identification:_identify(src/can_interfaces) by extension 'colcon_pkg'
[0.550s] Level 1:colcon.colcon_core.package_identification:_identify(src/can_interfaces) by extensions ['colcon_meta']
[0.550s] Level 1:colcon.colcon_core.package_identification:_identify(src/can_interfaces) by extension 'colcon_meta'
[0.550s] Level 1:colcon.colcon_core.package_identification:_identify(src/can_interfaces) by extensions ['ros']
[0.550s] Level 1:colcon.colcon_core.package_identification:_identify(src/can_interfaces) by extension 'ros'
[0.551s] DEBUG:colcon.colcon_core.package_identification:Package 'src/can_interfaces' with type 'ros.ament_cmake' and name 'can_interfaces'
[0.551s] Level 1:colcon.colcon_core.package_identification:_identify(src/drive_commands) by extensions ['ignore', 'ignore_ament_install']
[0.551s] Level 1:colcon.colcon_core.package_identification:_identify(src/drive_commands) by extension 'ignore'
[0.551s] Level 1:colcon.colcon_core.package_identification:_identify(src/drive_commands) by extension 'ignore_ament_install'
[0.551s] Level 1:colcon.colcon_core.package_identification:_identify(src/drive_commands) by extensions ['colcon_pkg']
[0.551s] Level 1:colcon.colcon_core.package_identification:_identify(src/drive_commands) by extension 'colcon_pkg'
[0.551s] Level 1:colcon.colcon_core.package_identification:_identify(src/drive_commands) by extensions ['colcon_meta']
[0.552s] Level 1:colcon.colcon_core.package_identification:_identify(src/drive_commands) by extension 'colcon_meta'
[0.552s] Level 1:colcon.colcon_core.package_identification:_identify(src/drive_commands) by extensions ['ros']
[0.552s] Level 1:colcon.colcon_core.package_identification:_identify(src/drive_commands) by extension 'ros'
[0.553s] DEBUG:colcon.colcon_core.package_identification:Package 'src/drive_commands' with type 'ros.ament_python' and name 'drive_commands'
[0.553s] Level 1:colcon.colcon_core.package_discovery:discover_packages(recursive) using defaults
[0.553s] Level 1:colcon.colcon_core.package_discovery:discover_packages(ignore) discover
[0.553s] Level 1:colcon.colcon_core.package_discovery:discover_packages(ignore) using defaults
[0.553s] Level 1:colcon.colcon_core.package_discovery:discover_packages(path) discover
[0.553s] Level 1:colcon.colcon_core.package_discovery:discover_packages(path) using defaults
[0.594s] Level 1:colcon.colcon_core.package_discovery:discover_packages(prefix_path) check parameters
[0.594s] Level 1:colcon.colcon_core.package_discovery:discover_packages(prefix_path) discover
[0.600s] DEBUG:colcon.colcon_installed_package_information.package_discovery:Found 1 installed packages in /home/ritvik/rover_arm_ws/install
[0.605s] DEBUG:colcon.colcon_installed_package_information.package_discovery:Found 385 installed packages in /opt/ros/jazzy
[0.607s] Level 1:colcon.colcon_core.package_discovery:discover_packages(prefix_path) using defaults
[0.704s] Level 5:colcon.colcon_core.verb:set package 'can_controller' build argument 'cmake_args' from command line to 'None'
[0.704s] Level 5:colcon.colcon_core.verb:set package 'can_controller' build argument 'cmake_target' from command line to 'None'
[0.704s] Level 5:colcon.colcon_core.verb:set package 'can_controller' build argument 'cmake_target_skip_unavailable' from command line to 'False'
[0.704s] Level 5:colcon.colcon_core.verb:set package 'can_controller' build argument 'cmake_clean_cache' from command line to 'False'
[0.704s] Level 5:colcon.colcon_core.verb:set package 'can_controller' build argument 'cmake_clean_first' from command line to 'False'
[0.704s] Level 5:colcon.colcon_core.verb:set package 'can_controller' build argument 'cmake_force_configure' from command line to 'False'
[0.704s] Level 5:colcon.colcon_core.verb:set package 'can_controller' build argument 'ament_cmake_args' from command line to 'None'
[0.704s] Level 5:colcon.colcon_core.verb:set package 'can_controller' build argument 'catkin_cmake_args' from command line to 'None'
[0.704s] Level 5:colcon.colcon_core.verb:set package 'can_controller' build argument 'catkin_skip_building_tests' from command line to 'False'
[0.705s] DEBUG:colcon.colcon_core.verb:Building package 'can_controller' with the following arguments: {'ament_cmake_args': None, 'build_base': '/home/ritvik/Documents/MRT_ROS_WS/build/can_controller', 'catkin_cmake_args': None, 'catkin_skip_building_tests': False, 'cmake_args': None, 'cmake_clean_cache': False, 'cmake_clean_first': False, 'cmake_force_configure': False, 'cmake_target': None, 'cmake_target_skip_unavailable': False, 'install_base': '/home/ritvik/Documents/MRT_ROS_WS/install/can_controller', 'merge_install': False, 'path': '/home/ritvik/Documents/MRT_ROS_WS/src/can_controller', 'symlink_install': False, 'test_result_base': None}
[0.705s] Level 5:colcon.colcon_core.verb:set package 'can_interfaces' build argument 'cmake_args' from command line to 'None'
[0.705s] Level 5:colcon.colcon_core.verb:set package 'can_interfaces' build argument 'cmake_target' from command line to 'None'
[0.705s] Level 5:colcon.colcon_core.verb:set package 'can_interfaces' build argument 'cmake_target_skip_unavailable' from command line to 'False'
[0.705s] Level 5:colcon.colcon_core.verb:set package 'can_interfaces' build argument 'cmake_clean_cache' from command line to 'False'
[0.705s] Level 5:colcon.colcon_core.verb:set package 'can_interfaces' build argument 'cmake_clean_first' from command line to 'False'
[0.705s] Level 5:colcon.colcon_core.verb:set package 'can_interfaces' build argument 'cmake_force_configure' from command line to 'False'
[0.705s] Level 5:colcon.colcon_core.verb:set package 'can_interfaces' build argument 'ament_cmake_args' from command line to 'None'
[0.705s] Level 5:colcon.colcon_core.verb:set package 'can_interfaces' build argument 'catkin_cmake_args' from command line to 'None'
[0.705s] Level 5:colcon.colcon_core.verb:set package 'can_interfaces' build argument 'catkin_skip_building_tests' from command line to 'False'
[0.705s] DEBUG:colcon.colcon_core.verb:Building package 'can_interfaces' with the following arguments: {'ament_cmake_args': None, 'build_base': '/home/ritvik/Documents/MRT_ROS_WS/build/can_interfaces', 'catkin_cmake_args': None, 'catkin_skip_building_tests': False, 'cmake_args': None, 'cmake_clean_cache': False, 'cmake_clean_first': False, 'cmake_force_configure': False, 'cmake_target': None, 'cmake_target_skip_unavailable': False, 'install_base': '/home/ritvik/Documents/MRT_ROS_WS/install/can_interfaces', 'merge_install': False, 'path': '/home/ritvik/Documents/MRT_ROS_WS/src/can_interfaces', 'symlink_install': False, 'test_result_base': None}
[0.706s] Level 5:colcon.colcon_core.verb:set package 'drive_commands' build argument 'cmake_args' from command line to 'None'
[0.706s] Level 5:colcon.colcon_core.verb:set package 'drive_commands' build argument 'cmake_target' from command line to 'None'
[0.706s] Level 5:colcon.colcon_core.verb:set package 'drive_commands' build argument 'cmake_target_skip_unavailable' from command line to 'False'
[0.706s] Level 5:colcon.colcon_core.verb:set package 'drive_commands' build argument 'cmake_clean_cache' from command line to 'False'
[0.706s] Level 5:colcon.colcon_core.verb:set package 'drive_commands' build argument 'cmake_clean_first' from command line to 'False'
[0.706s] Level 5:colcon.colcon_core.verb:set package 'drive_commands' build argument 'cmake_force_configure' from command line to 'False'
[0.706s] Level 5:colcon.colcon_core.verb:set package 'drive_commands' build argument 'ament_cmake_args' from command line to 'None'
[0.706s] Level 5:colcon.colcon_core.verb:set package 'drive_commands' build argument 'catkin_cmake_args' from command line to 'None'
[0.706s] Level 5:colcon.colcon_core.verb:set package 'drive_commands' build argument 'catkin_skip_building_tests' from command line to 'False'
[0.706s] DEBUG:colcon.colcon_core.verb:Building package 'drive_commands' with the following arguments: {'ament_cmake_args': None, 'build_base': '/home/ritvik/Documents/MRT_ROS_WS/build/drive_commands', 'catkin_cmake_args': None, 'catkin_skip_building_tests': False, 'cmake_args': None, 'cmake_clean_cache': False, 'cmake_clean_first': False, 'cmake_force_configure': False, 'cmake_target': None, 'cmake_target_skip_unavailable': False, 'install_base': '/home/ritvik/Documents/MRT_ROS_WS/install/drive_commands', 'merge_install': False, 'path': '/home/ritvik/Documents/MRT_ROS_WS/src/drive_commands', 'symlink_install': False, 'test_result_base': None}
[0.707s] INFO:colcon.colcon_core.executor:Executing jobs using 'parallel' executor
[0.708s] DEBUG:colcon.colcon_parallel_executor.executor.parallel:run_until_complete
[0.709s] INFO:colcon.colcon_ros.task.ament_python.build:Building ROS package in '/home/ritvik/Documents/MRT_ROS_WS/src/can_controller' with build type 'ament_python'
[0.709s] Level 1:colcon.colcon_core.shell:create_environment_hook('can_controller', 'ament_prefix_path')
[0.720s] INFO:colcon.colcon_core.plugin_system:Skipping extension 'colcon_core.shell.bat': Not used on non-Windows systems
[0.721s] INFO:colcon.colcon_core.shell:Creating environment hook '/home/ritvik/Documents/MRT_ROS_WS/install/can_controller/share/can_controller/hook/ament_prefix_path.ps1'
[0.722s] INFO:colcon.colcon_core.shell:Creating environment descriptor '/home/ritvik/Documents/MRT_ROS_WS/install/can_controller/share/can_controller/hook/ament_prefix_path.dsv'
[0.723s] INFO:colcon.colcon_core.shell:Creating environment hook '/home/ritvik/Documents/MRT_ROS_WS/install/can_controller/share/can_controller/hook/ament_prefix_path.sh'
[0.725s] INFO:colcon.colcon_core.shell:Skip shell extension 'powershell' for command environment: Not usable outside of PowerShell
[0.725s] DEBUG:colcon.colcon_core.shell:Skip shell extension 'dsv' for command environment
[0.736s] INFO:colcon.colcon_ros.task.ament_cmake.build:Building ROS package in '/home/ritvik/Documents/MRT_ROS_WS/src/can_interfaces' with build type 'ament_cmake'
[0.736s] INFO:colcon.colcon_cmake.task.cmake.build:Building CMake package in '/home/ritvik/Documents/MRT_ROS_WS/src/can_interfaces'
[0.737s] INFO:colcon.colcon_core.shell:Skip shell extension 'powershell' for command environment: Not usable outside of PowerShell
[0.737s] DEBUG:colcon.colcon_core.shell:Skip shell extension 'dsv' for command environment
[0.747s] INFO:colcon.colcon_ros.task.ament_python.build:Building ROS package in '/home/ritvik/Documents/MRT_ROS_WS/src/drive_commands' with build type 'ament_python'
[0.747s] Level 1:colcon.colcon_core.shell:create_environment_hook('drive_commands', 'ament_prefix_path')
[0.747s] INFO:colcon.colcon_core.shell:Creating environment hook '/home/ritvik/Documents/MRT_ROS_WS/install/drive_commands/share/drive_commands/hook/ament_prefix_path.ps1'
[0.749s] INFO:colcon.colcon_core.shell:Creating environment descriptor '/home/ritvik/Documents/MRT_ROS_WS/install/drive_commands/share/drive_commands/hook/ament_prefix_path.dsv'
[0.750s] INFO:colcon.colcon_core.shell:Creating environment hook '/home/ritvik/Documents/MRT_ROS_WS/install/drive_commands/share/drive_commands/hook/ament_prefix_path.sh'
[0.751s] INFO:colcon.colcon_core.shell:Skip shell extension 'powershell' for command environment: Not usable outside of PowerShell
[0.751s] DEBUG:colcon.colcon_core.shell:Skip shell extension 'dsv' for command environment
[1.230s] INFO:colcon.colcon_core.task.python.build:Building Python package in '/home/ritvik/Documents/MRT_ROS_WS/src/can_controller'
[1.232s] INFO:colcon.colcon_core.shell:Skip shell extension 'powershell' for command environment: Not usable outside of PowerShell
[1.232s] DEBUG:colcon.colcon_core.shell:Skip shell extension 'dsv' for command environment
[1.248s] DEBUG:colcon.colcon_core.event_handler.log_command:Invoking command in '/home/ritvik/Documents/MRT_ROS_WS/build/can_interfaces': CMAKE_PREFIX_PATH=${CMAKE_PREFIX_PATH}:/opt/ros/jazzy DEBUGINFOD_URLS=https://debuginfod.ubuntu.com /usr/bin/cmake --build /home/ritvik/Documents/MRT_ROS_WS/build/can_interfaces -- -j16 -l16
[1.728s] INFO:colcon.colcon_core.task.python.build:Building Python package in '/home/ritvik/Documents/MRT_ROS_WS/src/drive_commands'
[1.729s] INFO:colcon.colcon_core.shell:Skip shell extension 'powershell' for command environment: Not usable outside of PowerShell
[1.729s] DEBUG:colcon.colcon_core.shell:Skip shell extension 'dsv' for command environment
[2.137s] DEBUG:colcon.colcon_core.event_handler.log_command:Invoked command in '/home/ritvik/Documents/MRT_ROS_WS/build/can_interfaces' returned '0': CMAKE_PREFIX_PATH=${CMAKE_PREFIX_PATH}:/opt/ros/jazzy DEBUGINFOD_URLS=https://debuginfod.ubuntu.com /usr/bin/cmake --build /home/ritvik/Documents/MRT_ROS_WS/build/can_interfaces -- -j16 -l16
[2.163s] DEBUG:colcon.colcon_core.event_handler.log_command:Invoking command in '/home/ritvik/Documents/MRT_ROS_WS/build/can_interfaces': CMAKE_PREFIX_PATH=${CMAKE_PREFIX_PATH}:/opt/ros/jazzy DEBUGINFOD_URLS=https://debuginfod.ubuntu.com /usr/bin/cmake --install /home/ritvik/Documents/MRT_ROS_WS/build/can_interfaces
[2.304s] Level 1:colcon.colcon_core.environment:create_environment_scripts_only(can_interfaces)
[2.305s] DEBUG:colcon.colcon_core.event_handler.log_command:Invoked command in '/home/ritvik/Documents/MRT_ROS_WS/build/can_interfaces' returned '0': CMAKE_PREFIX_PATH=${CMAKE_PREFIX_PATH}:/opt/ros/jazzy DEBUGINFOD_URLS=https://debuginfod.ubuntu.com /usr/bin/cmake --install /home/ritvik/Documents/MRT_ROS_WS/build/can_interfaces
[2.312s] Level 1:colcon.colcon_core.environment:checking '/home/ritvik/Documents/MRT_ROS_WS/install/can_interfaces' for CMake module files
[2.314s] Level 1:colcon.colcon_core.environment:checking '/home/ritvik/Documents/MRT_ROS_WS/install/can_interfaces' for CMake config files
[2.315s] Level 1:colcon.colcon_core.shell:create_environment_hook('can_interfaces', 'cmake_prefix_path')
[2.316s] INFO:colcon.colcon_core.shell:Creating environment hook '/home/ritvik/Documents/MRT_ROS_WS/install/can_interfaces/share/can_interfaces/hook/cmake_prefix_path.ps1'
[2.317s] INFO:colcon.colcon_core.shell:Creating environment descriptor '/home/ritvik/Documents/MRT_ROS_WS/install/can_interfaces/share/can_interfaces/hook/cmake_prefix_path.dsv'
[2.317s] INFO:colcon.colcon_core.shell:Creating environment hook '/home/ritvik/Documents/MRT_ROS_WS/install/can_interfaces/share/can_interfaces/hook/cmake_prefix_path.sh'
[2.319s] Level 1:colcon.colcon_core.environment:checking '/home/ritvik/Documents/MRT_ROS_WS/install/can_interfaces/lib'
[2.319s] Level 1:colcon.colcon_core.shell:create_environment_hook('can_interfaces', 'ld_library_path_lib')
[2.320s] INFO:colcon.colcon_core.shell:Creating environment hook '/home/ritvik/Documents/MRT_ROS_WS/install/can_interfaces/share/can_interfaces/hook/ld_library_path_lib.ps1'
[2.320s] INFO:colcon.colcon_core.shell:Creating environment descriptor '/home/ritvik/Documents/MRT_ROS_WS/install/can_interfaces/share/can_interfaces/hook/ld_library_path_lib.dsv'
[2.321s] INFO:colcon.colcon_core.shell:Creating environment hook '/home/ritvik/Documents/MRT_ROS_WS/install/can_interfaces/share/can_interfaces/hook/ld_library_path_lib.sh'
[2.322s] Level 1:colcon.colcon_core.environment:checking '/home/ritvik/Documents/MRT_ROS_WS/install/can_interfaces/bin'
[2.322s] Level 1:colcon.colcon_core.environment:checking '/home/ritvik/Documents/MRT_ROS_WS/install/can_interfaces/lib/pkgconfig/can_interfaces.pc'
[2.323s] Level 1:colcon.colcon_core.environment:checking '/home/ritvik/Documents/MRT_ROS_WS/install/can_interfaces/lib/python3.12/site-packages'
[2.323s] Level 1:colcon.colcon_core.shell:create_environment_hook('can_interfaces', 'pythonpath')
[2.323s] INFO:colcon.colcon_core.shell:Creating environment hook '/home/ritvik/Documents/MRT_ROS_WS/install/can_interfaces/share/can_interfaces/hook/pythonpath.ps1'
[2.324s] INFO:colcon.colcon_core.shell:Creating environment descriptor '/home/ritvik/Documents/MRT_ROS_WS/install/can_interfaces/share/can_interfaces/hook/pythonpath.dsv'
[2.325s] INFO:colcon.colcon_core.shell:Creating environment hook '/home/ritvik/Documents/MRT_ROS_WS/install/can_interfaces/share/can_interfaces/hook/pythonpath.sh'
[2.326s] Level 1:colcon.colcon_core.environment:checking '/home/ritvik/Documents/MRT_ROS_WS/install/can_interfaces/bin'
[2.327s] INFO:colcon.colcon_core.shell:Creating package script '/home/ritvik/Documents/MRT_ROS_WS/install/can_interfaces/share/can_interfaces/package.ps1'
[2.329s] INFO:colcon.colcon_core.shell:Creating package descriptor '/home/ritvik/Documents/MRT_ROS_WS/install/can_interfaces/share/can_interfaces/package.dsv'
[2.330s] INFO:colcon.colcon_core.shell:Creating package script '/home/ritvik/Documents/MRT_ROS_WS/install/can_interfaces/share/can_interfaces/package.sh'
[2.331s] INFO:colcon.colcon_core.shell:Creating package script '/home/ritvik/Documents/MRT_ROS_WS/install/can_interfaces/share/can_interfaces/package.bash'
[2.334s] INFO:colcon.colcon_core.shell:Creating package script '/home/ritvik/Documents/MRT_ROS_WS/install/can_interfaces/share/can_interfaces/package.zsh'
[2.336s] Level 1:colcon.colcon_core.environment:create_file_with_runtime_dependencies(/home/ritvik/Documents/MRT_ROS_WS/install/can_interfaces/share/colcon-core/packages/can_interfaces)
[2.338s] Level 1:colcon.colcon_core.environment:create_environment_scripts_only(can_interfaces)
[2.338s] Level 1:colcon.colcon_core.environment:checking '/home/ritvik/Documents/MRT_ROS_WS/install/can_interfaces' for CMake module files
[2.340s] Level 1:colcon.colcon_core.environment:checking '/home/ritvik/Documents/MRT_ROS_WS/install/can_interfaces' for CMake config files
[2.341s] Level 1:colcon.colcon_core.shell:create_environment_hook('can_interfaces', 'cmake_prefix_path')
[2.341s] INFO:colcon.colcon_core.shell:Creating environment hook '/home/ritvik/Documents/MRT_ROS_WS/install/can_interfaces/share/can_interfaces/hook/cmake_prefix_path.ps1'
[2.342s] INFO:colcon.colcon_core.shell:Creating environment descriptor '/home/ritvik/Documents/MRT_ROS_WS/install/can_interfaces/share/can_interfaces/hook/cmake_prefix_path.dsv'
[2.343s] INFO:colcon.colcon_core.shell:Creating environment hook '/home/ritvik/Documents/MRT_ROS_WS/install/can_interfaces/share/can_interfaces/hook/cmake_prefix_path.sh'
[2.344s] Level 1:colcon.colcon_core.environment:checking '/home/ritvik/Documents/MRT_ROS_WS/install/can_interfaces/lib'
[2.344s] Level 1:colcon.colcon_core.shell:create_environment_hook('can_interfaces', 'ld_library_path_lib')
[2.345s] INFO:colcon.colcon_core.shell:Creating environment hook '/home/ritvik/Documents/MRT_ROS_WS/install/can_interfaces/share/can_interfaces/hook/ld_library_path_lib.ps1'
[2.346s] INFO:colcon.colcon_core.shell:Creating environment descriptor '/home/ritvik/Documents/MRT_ROS_WS/install/can_interfaces/share/can_interfaces/hook/ld_library_path_lib.dsv'
[2.346s] INFO:colcon.colcon_core.shell:Creating environment hook '/home/ritvik/Documents/MRT_ROS_WS/install/can_interfaces/share/can_interfaces/hook/ld_library_path_lib.sh'
[2.347s] Level 1:colcon.colcon_core.environment:checking '/home/ritvik/Documents/MRT_ROS_WS/install/can_interfaces/bin'
[2.347s] Level 1:colcon.colcon_core.environment:checking '/home/ritvik/Documents/MRT_ROS_WS/install/can_interfaces/lib/pkgconfig/can_interfaces.pc'
[2.348s] Level 1:colcon.colcon_core.environment:checking '/home/ritvik/Documents/MRT_ROS_WS/install/can_interfaces/lib/python3.12/site-packages'
[2.348s] Level 1:colcon.colcon_core.shell:create_environment_hook('can_interfaces', 'pythonpath')
[2.348s] INFO:colcon.colcon_core.shell:Creating environment hook '/home/ritvik/Documents/MRT_ROS_WS/install/can_interfaces/share/can_interfaces/hook/pythonpath.ps1'
[2.349s] INFO:colcon.colcon_core.shell:Creating environment descriptor '/home/ritvik/Documents/MRT_ROS_WS/install/can_interfaces/share/can_interfaces/hook/pythonpath.dsv'
[2.350s] INFO:colcon.colcon_core.shell:Creating environment hook '/home/ritvik/Documents/MRT_ROS_WS/install/can_interfaces/share/can_interfaces/hook/pythonpath.sh'
[2.351s] Level 1:colcon.colcon_core.environment:checking '/home/ritvik/Documents/MRT_ROS_WS/install/can_interfaces/bin'
[2.352s] INFO:colcon.colcon_core.shell:Creating package script '/home/ritvik/Documents/MRT_ROS_WS/install/can_interfaces/share/can_interfaces/package.ps1'
[2.353s] INFO:colcon.colcon_core.shell:Creating package descriptor '/home/ritvik/Documents/MRT_ROS_WS/install/can_interfaces/share/can_interfaces/package.dsv'
[2.354s] INFO:colcon.colcon_core.shell:Creating package script '/home/ritvik/Documents/MRT_ROS_WS/install/can_interfaces/share/can_interfaces/package.sh'
[2.356s] INFO:colcon.colcon_core.shell:Creating package script '/home/ritvik/Documents/MRT_ROS_WS/install/can_interfaces/share/can_interfaces/package.bash'
[2.357s] INFO:colcon.colcon_core.shell:Creating package script '/home/ritvik/Documents/MRT_ROS_WS/install/can_interfaces/share/can_interfaces/package.zsh'
[2.358s] Level 1:colcon.colcon_core.environment:create_file_with_runtime_dependencies(/home/ritvik/Documents/MRT_ROS_WS/install/can_interfaces/share/colcon-core/packages/can_interfaces)
[3.078s] DEBUG:colcon.colcon_core.event_handler.log_command:Invoking command in '/home/ritvik/Documents/MRT_ROS_WS/src/drive_commands': DEBUGINFOD_URLS=https://debuginfod.ubuntu.com PYTHONPATH=/home/ritvik/Documents/MRT_ROS_WS/build/drive_commands/prefix_override:/usr/lib/python3/dist-packages/colcon_core/task/python/colcon_distutils_commands:/home/ritvik/Documents/MRT_ROS_WS/install/drive_commands/lib/python3.12/site-packages:${PYTHONPATH} /usr/bin/python3 -W ignore:setup.py install is deprecated -W ignore:easy_install command is deprecated setup.py egg_info --egg-base ../../build/drive_commands build --build-base /home/ritvik/Documents/MRT_ROS_WS/build/drive_commands/build install --record /home/ritvik/Documents/MRT_ROS_WS/build/drive_commands/install.log --single-version-externally-managed install_data
[3.109s] DEBUG:colcon.colcon_core.event_handler.log_command:Invoking command in '/home/ritvik/Documents/MRT_ROS_WS/src/can_controller': DEBUGINFOD_URLS=https://debuginfod.ubuntu.com PYTHONPATH=/home/ritvik/Documents/MRT_ROS_WS/build/can_controller/prefix_override:/usr/lib/python3/dist-packages/colcon_core/task/python/colcon_distutils_commands:/home/ritvik/Documents/MRT_ROS_WS/install/can_controller/lib/python3.12/site-packages:${PYTHONPATH} /usr/bin/python3 -W ignore:setup.py install is deprecated -W ignore:easy_install command is deprecated setup.py egg_info --egg-base ../../build/can_controller build --build-base /home/ritvik/Documents/MRT_ROS_WS/build/can_controller/build install --record /home/ritvik/Documents/MRT_ROS_WS/build/can_controller/install.log --single-version-externally-managed install_data
[4.104s] Level 1:colcon.colcon_core.environment:checking '/home/ritvik/Documents/MRT_ROS_WS/install/drive_commands' for CMake module files
[4.106s] DEBUG:colcon.colcon_core.event_handler.log_command:Invoked command in '/home/ritvik/Documents/MRT_ROS_WS/src/drive_commands' returned '0': DEBUGINFOD_URLS=https://debuginfod.ubuntu.com PYTHONPATH=/home/ritvik/Documents/MRT_ROS_WS/build/drive_commands/prefix_override:/usr/lib/python3/dist-packages/colcon_core/task/python/colcon_distutils_commands:/home/ritvik/Documents/MRT_ROS_WS/install/drive_commands/lib/python3.12/site-packages:${PYTHONPATH} /usr/bin/python3 -W ignore:setup.py install is deprecated -W ignore:easy_install command is deprecated setup.py egg_info --egg-base ../../build/drive_commands build --build-base /home/ritvik/Documents/MRT_ROS_WS/build/drive_commands/build install --record /home/ritvik/Documents/MRT_ROS_WS/build/drive_commands/install.log --single-version-externally-managed install_data
[4.106s] Level 1:colcon.colcon_core.environment:checking '/home/ritvik/Documents/MRT_ROS_WS/install/drive_commands' for CMake config files
[4.107s] Level 1:colcon.colcon_core.environment:checking '/home/ritvik/Documents/MRT_ROS_WS/install/drive_commands/lib'
[4.108s] Level 1:colcon.colcon_core.environment:checking '/home/ritvik/Documents/MRT_ROS_WS/install/drive_commands/bin'
[4.108s] Level 1:colcon.colcon_core.environment:checking '/home/ritvik/Documents/MRT_ROS_WS/install/drive_commands/lib/pkgconfig/drive_commands.pc'
[4.108s] Level 1:colcon.colcon_core.environment:checking '/home/ritvik/Documents/MRT_ROS_WS/install/drive_commands/lib/python3.12/site-packages'
[4.108s] Level 1:colcon.colcon_core.shell:create_environment_hook('drive_commands', 'pythonpath')
[4.109s] INFO:colcon.colcon_core.shell:Creating environment hook '/home/ritvik/Documents/MRT_ROS_WS/install/drive_commands/share/drive_commands/hook/pythonpath.ps1'
[4.110s] INFO:colcon.colcon_core.shell:Creating environment descriptor '/home/ritvik/Documents/MRT_ROS_WS/install/drive_commands/share/drive_commands/hook/pythonpath.dsv'
[4.110s] INFO:colcon.colcon_core.shell:Creating environment hook '/home/ritvik/Documents/MRT_ROS_WS/install/drive_commands/share/drive_commands/hook/pythonpath.sh'
[4.112s] Level 1:colcon.colcon_core.environment:checking '/home/ritvik/Documents/MRT_ROS_WS/install/drive_commands/bin'
[4.112s] Level 1:colcon.colcon_core.environment:create_environment_scripts_only(drive_commands)
[4.112s] INFO:colcon.colcon_core.shell:Creating package script '/home/ritvik/Documents/MRT_ROS_WS/install/drive_commands/share/drive_commands/package.ps1'
[4.114s] INFO:colcon.colcon_core.shell:Creating package descriptor '/home/ritvik/Documents/MRT_ROS_WS/install/drive_commands/share/drive_commands/package.dsv'
[4.115s] INFO:colcon.colcon_core.shell:Creating package script '/home/ritvik/Documents/MRT_ROS_WS/install/drive_commands/share/drive_commands/package.sh'
[4.116s] INFO:colcon.colcon_core.shell:Creating package script '/home/ritvik/Documents/MRT_ROS_WS/install/drive_commands/share/drive_commands/package.bash'
[4.116s] INFO:colcon.colcon_core.shell:Creating package script '/home/ritvik/Documents/MRT_ROS_WS/install/drive_commands/share/drive_commands/package.zsh'
[4.117s] Level 1:colcon.colcon_core.environment:create_file_with_runtime_dependencies(/home/ritvik/Documents/MRT_ROS_WS/install/drive_commands/share/colcon-core/packages/drive_commands)
[4.132s] Level 1:colcon.colcon_core.environment:checking '/home/ritvik/Documents/MRT_ROS_WS/install/can_controller' for CMake module files
[4.134s] DEBUG:colcon.colcon_core.event_handler.log_command:Invoked command in '/home/ritvik/Documents/MRT_ROS_WS/src/can_controller' returned '0': DEBUGINFOD_URLS=https://debuginfod.ubuntu.com PYTHONPATH=/home/ritvik/Documents/MRT_ROS_WS/build/can_controller/prefix_override:/usr/lib/python3/dist-packages/colcon_core/task/python/colcon_distutils_commands:/home/ritvik/Documents/MRT_ROS_WS/install/can_controller/lib/python3.12/site-packages:${PYTHONPATH} /usr/bin/python3 -W ignore:setup.py install is deprecated -W ignore:easy_install command is deprecated setup.py egg_info --egg-base ../../build/can_controller build --build-base /home/ritvik/Documents/MRT_ROS_WS/build/can_controller/build install --record /home/ritvik/Documents/MRT_ROS_WS/build/can_controller/install.log --single-version-externally-managed install_data
[4.135s] Level 1:colcon.colcon_core.environment:checking '/home/ritvik/Documents/MRT_ROS_WS/install/can_controller' for CMake config files
[4.136s] Level 1:colcon.colcon_core.environment:checking '/home/ritvik/Documents/MRT_ROS_WS/install/can_controller/lib'
[4.136s] Level 1:colcon.colcon_core.environment:checking '/home/ritvik/Documents/MRT_ROS_WS/install/can_controller/bin'
[4.136s] Level 1:colcon.colcon_core.environment:checking '/home/ritvik/Documents/MRT_ROS_WS/install/can_controller/lib/pkgconfig/can_controller.pc'
[4.137s] Level 1:colcon.colcon_core.environment:checking '/home/ritvik/Documents/MRT_ROS_WS/install/can_controller/lib/python3.12/site-packages'
[4.137s] Level 1:colcon.colcon_core.shell:create_environment_hook('can_controller', 'pythonpath')
[4.137s] INFO:colcon.colcon_core.shell:Creating environment hook '/home/ritvik/Documents/MRT_ROS_WS/install/can_controller/share/can_controller/hook/pythonpath.ps1'
[4.138s] INFO:colcon.colcon_core.shell:Creating environment descriptor '/home/ritvik/Documents/MRT_ROS_WS/install/can_controller/share/can_controller/hook/pythonpath.dsv'
[4.139s] INFO:colcon.colcon_core.shell:Creating environment hook '/home/ritvik/Documents/MRT_ROS_WS/install/can_controller/share/can_controller/hook/pythonpath.sh'
[4.140s] Level 1:colcon.colcon_core.environment:checking '/home/ritvik/Documents/MRT_ROS_WS/install/can_controller/bin'
[4.141s] Level 1:colcon.colcon_core.environment:create_environment_scripts_only(can_controller)
[4.141s] INFO:colcon.colcon_core.shell:Creating package script '/home/ritvik/Documents/MRT_ROS_WS/install/can_controller/share/can_controller/package.ps1'
[4.142s] INFO:colcon.colcon_core.shell:Creating package descriptor '/home/ritvik/Documents/MRT_ROS_WS/install/can_controller/share/can_controller/package.dsv'
[4.143s] INFO:colcon.colcon_core.shell:Creating package script '/home/ritvik/Documents/MRT_ROS_WS/install/can_controller/share/can_controller/package.sh'
[4.144s] INFO:colcon.colcon_core.shell:Creating package script '/home/ritvik/Documents/MRT_ROS_WS/install/can_controller/share/can_controller/package.bash'
[4.145s] INFO:colcon.colcon_core.shell:Creating package script '/home/ritvik/Documents/MRT_ROS_WS/install/can_controller/share/can_controller/package.zsh'
[4.145s] Level 1:colcon.colcon_core.environment:create_file_with_runtime_dependencies(/home/ritvik/Documents/MRT_ROS_WS/install/can_controller/share/colcon-core/packages/can_controller)
[4.147s] DEBUG:colcon.colcon_parallel_executor.executor.parallel:closing loop
[4.147s] DEBUG:colcon.colcon_parallel_executor.executor.parallel:loop closed
[4.148s] DEBUG:colcon.colcon_parallel_executor.executor.parallel:run_until_complete finished with '0'
[4.148s] DEBUG:colcon.colcon_core.event_reactor:joining thread
[4.160s] INFO:colcon.colcon_core.plugin_system:Skipping extension 'colcon_notification.desktop_notification.terminal_notifier': Not used on non-Darwin systems
[4.161s] INFO:colcon.colcon_core.plugin_system:Skipping extension 'colcon_notification.desktop_notification.win32': Not used on non-Windows systems
[4.161s] INFO:colcon.colcon_notification.desktop_notification:Sending desktop notification using 'notify2'
[4.188s] DEBUG:colcon.colcon_core.event_reactor:joined thread
[4.188s] INFO:colcon.colcon_core.shell:Creating prefix script '/home/ritvik/Documents/MRT_ROS_WS/install/local_setup.ps1'
[4.190s] INFO:colcon.colcon_core.shell:Creating prefix util module '/home/ritvik/Documents/MRT_ROS_WS/install/_local_setup_util_ps1.py'
[4.192s] INFO:colcon.colcon_core.shell:Creating prefix chain script '/home/ritvik/Documents/MRT_ROS_WS/install/setup.ps1'
[4.194s] INFO:colcon.colcon_core.shell:Creating prefix script '/home/ritvik/Documents/MRT_ROS_WS/install/local_setup.sh'
[4.195s] INFO:colcon.colcon_core.shell:Creating prefix util module '/home/ritvik/Documents/MRT_ROS_WS/install/_local_setup_util_sh.py'
[4.196s] INFO:colcon.colcon_core.shell:Creating prefix chain script '/home/ritvik/Documents/MRT_ROS_WS/install/setup.sh'
[4.198s] INFO:colcon.colcon_core.shell:Creating prefix script '/home/ritvik/Documents/MRT_ROS_WS/install/local_setup.bash'
[4.199s] INFO:colcon.colcon_core.shell:Creating prefix chain script '/home/ritvik/Documents/MRT_ROS_WS/install/setup.bash'
[4.201s] INFO:colcon.colcon_core.shell:Creating prefix script '/home/ritvik/Documents/MRT_ROS_WS/install/local_setup.zsh'
[4.202s] INFO:colcon.colcon_core.shell:Creating prefix chain script '/home/ritvik/Documents/MRT_ROS_WS/install/setup.zsh'
