running egg_info
creating ../../build/drive_commands/drive_commands.egg-info
writing ../../build/drive_commands/drive_commands.egg-info/PKG-INFO
writing dependency_links to ../../build/drive_commands/drive_commands.egg-info/dependency_links.txt
writing entry points to ../../build/drive_commands/drive_commands.egg-info/entry_points.txt
writing requirements to ../../build/drive_commands/drive_commands.egg-info/requires.txt
writing top-level names to ../../build/drive_commands/drive_commands.egg-info/top_level.txt
writing manifest file '../../build/drive_commands/drive_commands.egg-info/SOURCES.txt'
reading manifest file '../../build/drive_commands/drive_commands.egg-info/SOURCES.txt'
writing manifest file '../../build/drive_commands/drive_commands.egg-info/SOURCES.txt'
running build
running build_py
creating /home/ritvik/Documents/MRT_ROS_WS/build/drive_commands/build
creating /home/ritvik/Documents/MRT_ROS_WS/build/drive_commands/build/lib
creating /home/ritvik/Documents/MRT_ROS_WS/build/drive_commands/build/lib/drive_commands
copying drive_commands/drive_command_test.py -> /home/ritvik/Documents/MRT_ROS_WS/build/drive_commands/build/lib/drive_commands
copying drive_commands/__init__.py -> /home/ritvik/Documents/MRT_ROS_WS/build/drive_commands/build/lib/drive_commands
running install
running install_lib
creating /home/ritvik/Documents/MRT_ROS_WS/install/drive_commands/lib/python3.12/site-packages/drive_commands
copying /home/ritvik/Documents/MRT_ROS_WS/build/drive_commands/build/lib/drive_commands/drive_command_test.py -> /home/ritvik/Documents/MRT_ROS_WS/install/drive_commands/lib/python3.12/site-packages/drive_commands
copying /home/ritvik/Documents/MRT_ROS_WS/build/drive_commands/build/lib/drive_commands/__init__.py -> /home/ritvik/Documents/MRT_ROS_WS/install/drive_commands/lib/python3.12/site-packages/drive_commands
byte-compiling /home/ritvik/Documents/MRT_ROS_WS/install/drive_commands/lib/python3.12/site-packages/drive_commands/drive_command_test.py to drive_command_test.cpython-312.pyc
byte-compiling /home/ritvik/Documents/MRT_ROS_WS/install/drive_commands/lib/python3.12/site-packages/drive_commands/__init__.py to __init__.cpython-312.pyc
running install_data
creating /home/ritvik/Documents/MRT_ROS_WS/install/drive_commands/share/ament_index
creating /home/ritvik/Documents/MRT_ROS_WS/install/drive_commands/share/ament_index/resource_index
creating /home/ritvik/Documents/MRT_ROS_WS/install/drive_commands/share/ament_index/resource_index/packages
copying resource/drive_commands -> /home/ritvik/Documents/MRT_ROS_WS/install/drive_commands/share/ament_index/resource_index/packages
copying package.xml -> /home/ritvik/Documents/MRT_ROS_WS/install/drive_commands/share/drive_commands
running install_egg_info
Copying ../../build/drive_commands/drive_commands.egg-info to /home/ritvik/Documents/MRT_ROS_WS/install/drive_commands/lib/python3.12/site-packages/drive_commands-0.0.0-py3.12.egg-info
running install_scripts
Installing drive_command_test script to /home/ritvik/Documents/MRT_ROS_WS/install/drive_commands/lib/drive_commands
writing list of installed files to '/home/ritvik/Documents/MRT_ROS_WS/build/drive_commands/install.log'
