[2.435s] Invoking command in '/home/ritvik/Documents/MRT_ROS_WS/src/can_controller': DEBUGINFOD_URLS=https://debuginfod.ubuntu.com PYTHONPATH=/home/ritvik/Documents/MRT_ROS_WS/build/can_controller/prefix_override:/usr/lib/python3/dist-packages/colcon_core/task/python/colcon_distutils_commands:/home/ritvik/Documents/MRT_ROS_WS/install/can_controller/lib/python3.12/site-packages:${PYTHONPATH} /usr/bin/python3 -W ignore:setup.py install is deprecated -W ignore:easy_install command is deprecated setup.py egg_info --egg-base ../../build/can_controller build --build-base /home/ritvik/Documents/MRT_ROS_WS/build/can_controller/build install --record /home/ritvik/Documents/MRT_ROS_WS/build/can_controller/install.log --single-version-externally-managed install_data
[2.971s] running egg_info
[3.007s] writing ../../build/can_controller/can_controller.egg-info/PKG-INFO
[3.008s] writing dependency_links to ../../build/can_controller/can_controller.egg-info/dependency_links.txt
[3.008s] writing entry points to ../../build/can_controller/can_controller.egg-info/entry_points.txt
[3.009s] writing requirements to ../../build/can_controller/can_controller.egg-info/requires.txt
[3.009s] writing top-level names to ../../build/can_controller/can_controller.egg-info/top_level.txt
[3.082s] reading manifest file '../../build/can_controller/can_controller.egg-info/SOURCES.txt'
[3.084s] writing manifest file '../../build/can_controller/can_controller.egg-info/SOURCES.txt'
[3.084s] running build
[3.085s] running build_py
[3.085s] running install
[3.098s] running install_lib
[3.137s] running install_data
[3.137s] running install_egg_info
[3.174s] removing '/home/ritvik/Documents/MRT_ROS_WS/install/can_controller/lib/python3.12/site-packages/can_controller-0.0.0-py3.12.egg-info' (and everything under it)
[3.175s] Copying ../../build/can_controller/can_controller.egg-info to /home/ritvik/Documents/MRT_ROS_WS/install/can_controller/lib/python3.12/site-packages/can_controller-0.0.0-py3.12.egg-info
[3.177s] running install_scripts
[3.467s] Installing can_controller script to /home/ritvik/Documents/MRT_ROS_WS/install/can_controller/lib/can_controller
[3.468s] writing list of installed files to '/home/ritvik/Documents/MRT_ROS_WS/build/can_controller/install.log'
[3.523s] Invoked command in '/home/ritvik/Documents/MRT_ROS_WS/src/can_controller' returned '0': DEBUGINFOD_URLS=https://debuginfod.ubuntu.com PYTHONPATH=/home/ritvik/Documents/MRT_ROS_WS/build/can_controller/prefix_override:/usr/lib/python3/dist-packages/colcon_core/task/python/colcon_distutils_commands:/home/ritvik/Documents/MRT_ROS_WS/install/can_controller/lib/python3.12/site-packages:${PYTHONPATH} /usr/bin/python3 -W ignore:setup.py install is deprecated -W ignore:easy_install command is deprecated setup.py egg_info --egg-base ../../build/can_controller build --build-base /home/ritvik/Documents/MRT_ROS_WS/build/can_controller/build install --record /home/ritvik/Documents/MRT_ROS_WS/build/can_controller/install.log --single-version-externally-managed install_data
