[0.538s] Invoking command in '/home/ritvik/Documents/MRT_ROS_WS/build/can_interfaces': CMAKE_PREFIX_PATH=${CMAKE_PREFIX_PATH}:/opt/ros/jazzy DEBUGINFOD_URLS=https://debuginfod.ubuntu.com /usr/bin/cmake --build /home/ritvik/Documents/MRT_ROS_WS/build/can_interfaces -- -j16 -l16
[0.598s] [33mCMake Warning (dev) at CMakeLists.txt:17:
[0.599s]   Syntax Warning in cmake code at column 25
[0.600s] 
[0.600s]   Argument not separated from preceding token by whitespace.
[0.600s] This warning is for project developers.  Use -Wno-dev to suppress it.
[0.600s] [0m
[0.611s] -- Found ament_cmake: 2.5.6 (/opt/ros/jazzy/share/ament_cmake/cmake)
[0.866s] -- Found rosidl_default_generators: 1.6.0 (/opt/ros/jazzy/share/rosidl_default_generators/cmake)
[0.870s] -- Using all available rosidl_typesupport_c: rosidl_typesupport_fastrtps_c;rosidl_typesupport_introspection_c
[0.953s] -- Using all available rosidl_typesupport_cpp: rosidl_typesupport_fastrtps_cpp;rosidl_typesupport_introspection_cpp
[1.024s] -- Found rosidl_adapter: 4.6.7 (/opt/ros/jazzy/share/rosidl_adapter/cmake)
[1.029s] [31mCMake Error at /opt/ros/jazzy/share/rosidl_cmake/cmake/rosidl_generate_interfaces.cmake:95 (message):
[1.029s]   rosidl_generate_interfaces() the passed file ',' doesn't exist relative to
[1.029s]   the CMAKE_CURRENT_SOURCE_DIR
[1.030s]   '/home/ritvik/Documents/MRT_ROS_WS/src/can_interfaces'
[1.030s] Call Stack (most recent call first):
[1.030s]   CMakeLists.txt:16 (rosidl_generate_interfaces)
[1.030s] 
[1.030s] [0m
[1.030s] -- Configuring incomplete, errors occurred!
[1.045s] gmake: *** [Makefile:829: cmake_check_build_system] Error 1
[1.054s] Invoked command in '/home/ritvik/Documents/MRT_ROS_WS/build/can_interfaces' returned '2': CMAKE_PREFIX_PATH=${CMAKE_PREFIX_PATH}:/opt/ros/jazzy DEBUGINFOD_URLS=https://debuginfod.ubuntu.com /usr/bin/cmake --build /home/ritvik/Documents/MRT_ROS_WS/build/can_interfaces -- -j16 -l16
