[1.020s] Invoking command in '/home/ritvik/Documents/MRT_ROS_WS/build/can_interfaces': CMAKE_PREFIX_PATH=${CMAKE_PREFIX_PATH}:/opt/ros/jazzy DEBUGINFOD_URLS=https://debuginfod.ubuntu.com /usr/bin/cmake --build /home/ritvik/Documents/MRT_ROS_WS/build/can_interfaces -- -j16 -l16
[1.127s] -- Found ament_cmake: 2.5.6 (/opt/ros/jazzy/share/ament_cmake/cmake)
[1.417s] -- Found rosidl_default_generators: 1.6.0 (/opt/ros/jazzy/share/rosidl_default_generators/cmake)
[1.426s] -- Using all available rosidl_typesupport_c: rosidl_typesupport_fastrtps_c;rosidl_typesupport_introspection_c
[1.533s] -- Using all available rosidl_typesupport_cpp: rosidl_typesupport_fastrtps_cpp;rosidl_typesupport_introspection_cpp
[1.628s] -- Found rosidl_adapter: 4.6.7 (/opt/ros/jazzy/share/rosidl_adapter/cmake)
[2.046s] [31mCMake Error at /opt/ros/jazzy/share/rosidl_adapter/cmake/rosidl_adapt_interfaces.cmake:57 (message):
[2.047s]   execute_process(/usr/bin/python3 -m rosidl_adapter --package-name
[2.047s]   can_interfaces --arguments-file
[2.047s]   /home/ritvik/Documents/MRT_ROS_WS/build/can_interfaces/rosidl_adapter__arguments__can_interfaces.json
[2.048s]   --output-dir
[2.048s]   /home/ritvik/Documents/MRT_ROS_WS/build/can_interfaces/rosidl_adapter/can_interfaces
[2.048s]   --output-file
[2.048s]   /home/ritvik/Documents/MRT_ROS_WS/build/can_interfaces/rosidl_adapter/can_interfaces.idls)
[2.049s]   returned error code 1:
[2.049s] 
[2.049s]   Error processing 'int32 explicit_mag_FL' of
[2.049s]   'can_interfaces/MobilitySensorData': ''explicit_mag_FL' is an invalid field
[2.050s]   name.  It should have the pattern '^(?!.*__)(?!.*_$)[a-z][a-z0-9_]*$''
[2.050s] 
[2.050s]   Traceback (most recent call last):
[2.050s] 
[2.051s]     File "<frozen runpy>", line 198, in _run_module_as_main
[2.051s]     File "<frozen runpy>", line 88, in _run_code
[2.051s]     File "/opt/ros/jazzy/lib/python3.12/site-packages/rosidl_adapter/__main__.py", line 19, in <module>
[2.051s]       sys.exit(main())
[2.052s]                ^^^^^^
[2.052s]     File "/opt/ros/jazzy/lib/python3.12/site-packages/rosidl_adapter/main.py", line 53, in main
[2.052s]       abs_idl_file = convert_to_idl(
[2.052s]                      ^^^^^^^^^^^^^^^
[2.053s]     File "/opt/ros/jazzy/lib/python3.12/site-packages/rosidl_adapter/__init__.py", line 19, in convert_to_idl
[2.053s]       return convert_msg_to_idl(
[2.053s]              ^^^^^^^^^^^^^^^^^^^
[2.053s]     File "/opt/ros/jazzy/lib/python3.12/site-packages/rosidl_adapter/msg/__init__.py", line 28, in convert_msg_to_idl
[2.054s]       msg = parse_message_string(package_name, input_file.stem, content)
[2.054s]             ^^^^^^^^^^^^^^^^^^^^^^^^^^^^^^^^^^^^^^^^^^^^^^^^^^^^^^^^^^^^
[2.054s]     File "/opt/ros/jazzy/lib/python3.12/site-packages/rosidl_adapter/parser.py", line 520, in parse_message_string
[2.054s]       fields.append(Field(
[2.055s]                     ^^^^^^
[2.055s]     File "/opt/ros/jazzy/lib/python3.12/site-packages/rosidl_adapter/parser.py", line 355, in __init__
[2.055s]       raise NameError(
[2.055s] 
[2.056s]   NameError: 'explicit_mag_FL' is an invalid field name.  It should have the
[2.056s]   pattern '^(?!.*__)(?!.*_$)[a-z][a-z0-9_]*$'
[2.056s] 
[2.056s] Call Stack (most recent call first):
[2.057s]   /opt/ros/jazzy/share/rosidl_cmake/cmake/rosidl_generate_interfaces.cmake:132 (rosidl_adapt_interfaces)
[2.057s]   CMakeLists.txt:16 (rosidl_generate_interfaces)
[2.057s] 
[2.057s] [0m
[2.058s] -- Configuring incomplete, errors occurred!
[2.063s] gmake: *** [Makefile:1099: cmake_check_build_system] Error 1
[2.070s] Invoked command in '/home/ritvik/Documents/MRT_ROS_WS/build/can_interfaces' returned '2': CMAKE_PREFIX_PATH=${CMAKE_PREFIX_PATH}:/opt/ros/jazzy DEBUGINFOD_URLS=https://debuginfod.ubuntu.com /usr/bin/cmake --build /home/ritvik/Documents/MRT_ROS_WS/build/can_interfaces -- -j16 -l16
