[1.014s] Invoking command in '/home/ritvik/Documents/MRT_ROS_WS/build/can_interfaces': CMAKE_PREFIX_PATH=${CMAKE_PREFIX_PATH}:/opt/ros/jazzy DEBUGINFOD_URLS=https://debuginfod.ubuntu.com /usr/bin/cmake --build /home/ritvik/Documents/MRT_ROS_WS/build/can_interfaces -- -j16 -l16
[1.096s] -- Found ament_cmake: 2.5.6 (/opt/ros/jazzy/share/ament_cmake/cmake)
[1.353s] -- Found rosidl_default_generators: 1.6.0 (/opt/ros/jazzy/share/rosidl_default_generators/cmake)
[1.358s] -- Using all available rosidl_typesupport_c: rosidl_typesupport_fastrtps_c;rosidl_typesupport_introspection_c
[1.468s] -- Using all available rosidl_typesupport_cpp: rosidl_typesupport_fastrtps_cpp;rosidl_typesupport_introspection_cpp
[1.572s] -- Found rosidl_adapter: 4.6.7 (/opt/ros/jazzy/share/rosidl_adapter/cmake)
[2.224s] -- Found ament_cmake_ros: 0.12.0 (/opt/ros/jazzy/share/ament_cmake_ros/cmake)
[2.432s] -- Using all available rosidl_typesupport_c: rosidl_typesupport_fastrtps_c;rosidl_typesupport_introspection_c
[2.698s] -- Using all available rosidl_typesupport_cpp: rosidl_typesupport_fastrtps_cpp;rosidl_typesupport_introspection_cpp
[2.702s] -- Found python_cmake_module: 0.11.1 (/opt/ros/jazzy/share/python_cmake_module/cmake)
[3.390s] -- Found Python3: /usr/bin/python3 (found version "3.12.3") found components: Interpreter Development NumPy Development.Module Development.Embed 
[3.473s] -- Found Python3: /usr/bin/python3 (found version "3.12.3") found components: Interpreter 
[3.478s] -- Found ament_lint_auto: 0.17.5 (/opt/ros/jazzy/share/ament_lint_auto/cmake)
[3.520s] -- Added test 'lint_cmake' to check CMake code style
[3.523s] -- Added test 'xmllint' to check XML markup files
[3.532s] -- Configuring done (2.5s)
[3.614s] -- Generating done (0.1s)
[3.638s] -- Build files have been written to: /home/ritvik/Documents/MRT_ROS_WS/build/can_interfaces
[3.714s] [  1%] [34m[1mGenerating Rust code for ROS interfaces[0m
[3.716s] [  3%] [34m[1mGenerating type hashes for ROS interfaces[0m
[3.738s] [  3%] Built target ament_cmake_python_copy_can_interfaces
[4.229s] running egg_info
[4.234s] [  3%] Built target can_interfaces__rosidl_generator_type_description
[4.257s] [  5%] [34m[1mGenerating C code for ROS interfaces[0m
[4.265s] writing can_interfaces.egg-info/PKG-INFO
[4.267s] writing dependency_links to can_interfaces.egg-info/dependency_links.txt
[4.267s] writing top-level names to can_interfaces.egg-info/top_level.txt
[4.282s] [  7%] [34m[1mGenerating C++ code for ROS interfaces[0m
[4.282s] [  7%] Built target can_interfaces__rs
[4.367s] reading manifest file 'can_interfaces.egg-info/SOURCES.txt'
[4.368s] writing manifest file 'can_interfaces.egg-info/SOURCES.txt'
[4.434s] [  7%] Built target ament_cmake_python_build_can_interfaces_egg
[4.889s] [  7%] Built target can_interfaces__cpp
[5.010s] [ 10%] [32mBuilding C object CMakeFiles/can_interfaces__rosidl_generator_c.dir/rosidl_generator_c/can_interfaces/msg/detail/drive_command__functions.c.o[0m
[5.010s] [ 10%] [32mBuilding C object CMakeFiles/can_interfaces__rosidl_generator_c.dir/rosidl_generator_c/can_interfaces/msg/detail/drive_command__description.c.o[0m
[5.011s] [ 12%] [32mBuilding C object CMakeFiles/can_interfaces__rosidl_generator_c.dir/rosidl_generator_c/can_interfaces/msg/detail/can_queue__description.c.o[0m
[5.011s] [ 14%] [32mBuilding C object CMakeFiles/can_interfaces__rosidl_generator_c.dir/rosidl_generator_c/can_interfaces/msg/detail/mobility_data__description.c.o[0m
[5.012s] [ 18%] [32mBuilding C object CMakeFiles/can_interfaces__rosidl_generator_c.dir/rosidl_generator_c/can_interfaces/msg/detail/can_queue__type_support.c.o[0m
[5.012s] [ 18%] [32mBuilding C object CMakeFiles/can_interfaces__rosidl_generator_c.dir/rosidl_generator_c/can_interfaces/msg/detail/can_queue__functions.c.o[0m
[5.012s] [ 20%] [32mBuilding C object CMakeFiles/can_interfaces__rosidl_generator_c.dir/rosidl_generator_c/can_interfaces/msg/detail/drive_command__type_support.c.o[0m
[5.014s] [ 23%] [32mBuilding C object CMakeFiles/can_interfaces__rosidl_generator_c.dir/rosidl_generator_c/can_interfaces/msg/detail/mobility_data__type_support.c.o[0m
[5.014s] [ 23%] [32mBuilding C object CMakeFiles/can_interfaces__rosidl_generator_c.dir/rosidl_generator_c/can_interfaces/msg/detail/mobility_data__functions.c.o[0m
[5.136s] [ 25%] [32m[1mLinking C shared library libcan_interfaces__rosidl_generator_c.so[0m
[5.215s] [ 25%] Built target can_interfaces__rosidl_generator_c
[5.231s] [ 32%] [34m[1mGenerating C introspection for ROS interfaces[0m
[5.232s] [ 32%] [34m[1mGenerating C++ type support dispatch for ROS interfaces[0m
[5.232s] [ 32%] [34m[1mGenerating C++ introspection for ROS interfaces[0m
[5.232s] [ 32%] [34m[1mGenerating C type support for eProsima Fast-RTPS[0m
[5.232s] [ 34%] [34m[1mGenerating C type support dispatch for ROS interfaces[0m
[5.232s] [ 36%] [34m[1mGenerating C++ type support for eProsima Fast-RTPS[0m
[5.612s] [ 38%] [32mBuilding CXX object CMakeFiles/can_interfaces__rosidl_typesupport_c.dir/rosidl_typesupport_c/can_interfaces/msg/drive_command__type_support.cpp.o[0m
[5.613s] [ 40%] [32mBuilding CXX object CMakeFiles/can_interfaces__rosidl_typesupport_c.dir/rosidl_typesupport_c/can_interfaces/msg/can_queue__type_support.cpp.o[0m
[5.613s] [ 41%] [32mBuilding CXX object CMakeFiles/can_interfaces__rosidl_typesupport_c.dir/rosidl_typesupport_c/can_interfaces/msg/mobility_data__type_support.cpp.o[0m
[5.618s] [ 43%] [32mBuilding CXX object CMakeFiles/can_interfaces__rosidl_typesupport_cpp.dir/rosidl_typesupport_cpp/can_interfaces/msg/drive_command__type_support.cpp.o[0m
[5.618s] [ 45%] [32mBuilding CXX object CMakeFiles/can_interfaces__rosidl_typesupport_cpp.dir/rosidl_typesupport_cpp/can_interfaces/msg/can_queue__type_support.cpp.o[0m
[5.618s] [ 47%] [32mBuilding CXX object CMakeFiles/can_interfaces__rosidl_typesupport_cpp.dir/rosidl_typesupport_cpp/can_interfaces/msg/mobility_data__type_support.cpp.o[0m
[5.639s] [ 52%] [32mBuilding C object CMakeFiles/can_interfaces__rosidl_typesupport_introspection_c.dir/rosidl_typesupport_introspection_c/can_interfaces/msg/detail/can_queue__type_support.c.o[0m
[5.640s] [ 52%] [32mBuilding C object CMakeFiles/can_interfaces__rosidl_typesupport_introspection_c.dir/rosidl_typesupport_introspection_c/can_interfaces/msg/detail/drive_command__type_support.c.o[0m
[5.641s] [ 54%] [32mBuilding C object CMakeFiles/can_interfaces__rosidl_typesupport_introspection_c.dir/rosidl_typesupport_introspection_c/can_interfaces/msg/detail/mobility_data__type_support.c.o[0m
[5.641s] [ 52%] [32mBuilding CXX object CMakeFiles/can_interfaces__rosidl_typesupport_introspection_cpp.dir/rosidl_typesupport_introspection_cpp/can_interfaces/msg/detail/drive_command__type_support.cpp.o[0m
[5.641s] [ 56%] [32mBuilding CXX object CMakeFiles/can_interfaces__rosidl_typesupport_introspection_cpp.dir/rosidl_typesupport_introspection_cpp/can_interfaces/msg/detail/can_queue__type_support.cpp.o[0m
[5.641s] [ 58%] [32mBuilding CXX object CMakeFiles/can_interfaces__rosidl_typesupport_introspection_cpp.dir/rosidl_typesupport_introspection_cpp/can_interfaces/msg/detail/mobility_data__type_support.cpp.o[0m
[5.703s] [ 60%] [32m[1mLinking C shared library libcan_interfaces__rosidl_typesupport_introspection_c.so[0m
[5.717s] [ 63%] [32mBuilding CXX object CMakeFiles/can_interfaces__rosidl_typesupport_fastrtps_cpp.dir/rosidl_typesupport_fastrtps_cpp/can_interfaces/msg/detail/dds_fastrtps/can_queue__type_support.cpp.o[0m
[5.717s] [ 63%] [32mBuilding CXX object CMakeFiles/can_interfaces__rosidl_typesupport_fastrtps_cpp.dir/rosidl_typesupport_fastrtps_cpp/can_interfaces/msg/detail/dds_fastrtps/drive_command__type_support.cpp.o[0m
[5.717s] [ 65%] [32mBuilding CXX object CMakeFiles/can_interfaces__rosidl_typesupport_fastrtps_cpp.dir/rosidl_typesupport_fastrtps_cpp/can_interfaces/msg/detail/dds_fastrtps/mobility_data__type_support.cpp.o[0m
[5.734s] [ 67%] [32m[1mLinking CXX shared library libcan_interfaces__rosidl_typesupport_c.so[0m
[5.745s] [ 67%] Built target can_interfaces__rosidl_typesupport_introspection_c
[5.764s] [ 70%] [32mBuilding CXX object CMakeFiles/can_interfaces__rosidl_typesupport_fastrtps_c.dir/rosidl_typesupport_fastrtps_c/can_interfaces/msg/detail/can_queue__type_support_c.cpp.o[0m
[5.764s] [ 70%] [32mBuilding CXX object CMakeFiles/can_interfaces__rosidl_typesupport_fastrtps_c.dir/rosidl_typesupport_fastrtps_c/can_interfaces/msg/detail/drive_command__type_support_c.cpp.o[0m
[5.765s] [ 72%] [32mBuilding CXX object CMakeFiles/can_interfaces__rosidl_typesupport_fastrtps_c.dir/rosidl_typesupport_fastrtps_c/can_interfaces/msg/detail/mobility_data__type_support_c.cpp.o[0m
[5.798s] [ 72%] Built target can_interfaces__rosidl_typesupport_c
[6.059s] [ 74%] [32m[1mLinking CXX shared library libcan_interfaces__rosidl_typesupport_cpp.so[0m
[6.106s] [ 74%] Built target can_interfaces__rosidl_typesupport_cpp
[6.125s] [ 76%] [32m[1mLinking CXX shared library libcan_interfaces__rosidl_typesupport_introspection_cpp.so[0m
[6.202s] [ 76%] Built target can_interfaces__rosidl_typesupport_introspection_cpp
[6.233s] [ 78%] [32m[1mLinking CXX shared library libcan_interfaces__rosidl_typesupport_fastrtps_c.so[0m
[6.278s] [ 80%] [32m[1mLinking CXX shared library libcan_interfaces__rosidl_typesupport_fastrtps_cpp.so[0m
[6.279s] [ 80%] Built target can_interfaces__rosidl_typesupport_fastrtps_c
[6.347s] [ 80%] Built target can_interfaces__rosidl_typesupport_fastrtps_cpp
[6.367s] [ 80%] Built target can_interfaces
[6.392s] [ 81%] [34m[1mGenerating Python code for ROS interfaces[0m
[6.703s] [ 81%] Built target can_interfaces__py
[6.734s] [ 87%] [32mBuilding C object CMakeFiles/can_interfaces__rosidl_generator_py.dir/rosidl_generator_py/can_interfaces/msg/_can_queue_s.c.o[0m
[6.734s] [ 87%] [32mBuilding C object CMakeFiles/can_interfaces__rosidl_generator_py.dir/rosidl_generator_py/can_interfaces/msg/_mobility_data_s.c.o[0m
[6.734s] [ 87%] [32mBuilding C object CMakeFiles/can_interfaces__rosidl_generator_py.dir/rosidl_generator_py/can_interfaces/msg/_drive_command_s.c.o[0m
[6.879s] [ 89%] [32m[1mLinking C shared library libcan_interfaces__rosidl_generator_py.so[0m
[6.922s] [ 89%] Built target can_interfaces__rosidl_generator_py
[6.946s] [ 94%] [32mBuilding C object CMakeFiles/can_interfaces_s__rosidl_typesupport_c.dir/rosidl_generator_py/can_interfaces/_can_interfaces_s.ep.rosidl_typesupport_c.c.o[0m
[6.946s] [ 94%] [32mBuilding C object CMakeFiles/can_interfaces_s__rosidl_typesupport_fastrtps_c.dir/rosidl_generator_py/can_interfaces/_can_interfaces_s.ep.rosidl_typesupport_fastrtps_c.c.o[0m
[6.946s] [ 94%] [32mBuilding C object CMakeFiles/can_interfaces_s__rosidl_typesupport_introspection_c.dir/rosidl_generator_py/can_interfaces/_can_interfaces_s.ep.rosidl_typesupport_introspection_c.c.o[0m
[7.027s] [ 96%] [32m[1mLinking C shared module rosidl_generator_py/can_interfaces/can_interfaces_s__rosidl_typesupport_c.so[0m
[7.028s] [ 98%] [32m[1mLinking C shared module rosidl_generator_py/can_interfaces/can_interfaces_s__rosidl_typesupport_introspection_c.so[0m
[7.031s] [100%] [32m[1mLinking C shared module rosidl_generator_py/can_interfaces/can_interfaces_s__rosidl_typesupport_fastrtps_c.so[0m
[7.054s] [100%] Built target can_interfaces_s__rosidl_typesupport_c
[7.054s] [100%] Built target can_interfaces_s__rosidl_typesupport_introspection_c
[7.057s] [100%] Built target can_interfaces_s__rosidl_typesupport_fastrtps_c
[7.070s] Invoked command in '/home/ritvik/Documents/MRT_ROS_WS/build/can_interfaces' returned '0': CMAKE_PREFIX_PATH=${CMAKE_PREFIX_PATH}:/opt/ros/jazzy DEBUGINFOD_URLS=https://debuginfod.ubuntu.com /usr/bin/cmake --build /home/ritvik/Documents/MRT_ROS_WS/build/can_interfaces -- -j16 -l16
[7.077s] Invoking command in '/home/ritvik/Documents/MRT_ROS_WS/build/can_interfaces': CMAKE_PREFIX_PATH=${CMAKE_PREFIX_PATH}:/opt/ros/jazzy DEBUGINFOD_URLS=https://debuginfod.ubuntu.com /usr/bin/cmake --install /home/ritvik/Documents/MRT_ROS_WS/build/can_interfaces
[7.088s] -- Install configuration: ""
[7.088s] -- Installing: /home/ritvik/Documents/MRT_ROS_WS/install/can_interfaces/share/ament_index/resource_index/rosidl_interfaces/can_interfaces
[7.088s] -- Installing: /home/ritvik/Documents/MRT_ROS_WS/install/can_interfaces/share/can_interfaces/msg/DriveCommand.json
[7.088s] -- Installing: /home/ritvik/Documents/MRT_ROS_WS/install/can_interfaces/share/can_interfaces/msg/CANQueue.json
[7.088s] -- Installing: /home/ritvik/Documents/MRT_ROS_WS/install/can_interfaces/share/can_interfaces/msg/MobilityData.json
[7.088s] -- Up-to-date: /home/ritvik/Documents/MRT_ROS_WS/install/can_interfaces/include/can_interfaces/can_interfaces
[7.088s] -- Up-to-date: /home/ritvik/Documents/MRT_ROS_WS/install/can_interfaces/include/can_interfaces/can_interfaces/msg
[7.089s] -- Installing: /home/ritvik/Documents/MRT_ROS_WS/install/can_interfaces/include/can_interfaces/can_interfaces/msg/can_queue.h
[7.089s] -- Up-to-date: /home/ritvik/Documents/MRT_ROS_WS/install/can_interfaces/include/can_interfaces/can_interfaces/msg/detail
[7.090s] -- Installing: /home/ritvik/Documents/MRT_ROS_WS/install/can_interfaces/include/can_interfaces/can_interfaces/msg/detail/can_queue__struct.h
[7.091s] -- Installing: /home/ritvik/Documents/MRT_ROS_WS/install/can_interfaces/include/can_interfaces/can_interfaces/msg/detail/can_queue__functions.c
[7.091s] -- Installing: /home/ritvik/Documents/MRT_ROS_WS/install/can_interfaces/include/can_interfaces/can_interfaces/msg/detail/drive_command__functions.c
[7.091s] -- Installing: /home/ritvik/Documents/MRT_ROS_WS/install/can_interfaces/include/can_interfaces/can_interfaces/msg/detail/mobility_data__description.c
[7.091s] -- Installing: /home/ritvik/Documents/MRT_ROS_WS/install/can_interfaces/include/can_interfaces/can_interfaces/msg/detail/can_queue__type_support.c
[7.091s] -- Up-to-date: /home/ritvik/Documents/MRT_ROS_WS/install/can_interfaces/include/can_interfaces/can_interfaces/msg/detail/mobility_sensor_data__type_support.h
[7.091s] -- Up-to-date: /home/ritvik/Documents/MRT_ROS_WS/install/can_interfaces/include/can_interfaces/can_interfaces/msg/detail/mobility_sensor_data__type_support.c
[7.091s] -- Installing: /home/ritvik/Documents/MRT_ROS_WS/install/can_interfaces/include/can_interfaces/can_interfaces/msg/detail/drive_command__struct.h
[7.092s] -- Installing: /home/ritvik/Documents/MRT_ROS_WS/install/can_interfaces/include/can_interfaces/can_interfaces/msg/detail/mobility_data__type_support.h
[7.092s] -- Installing: /home/ritvik/Documents/MRT_ROS_WS/install/can_interfaces/include/can_interfaces/can_interfaces/msg/detail/can_queue__functions.h
[7.092s] -- Installing: /home/ritvik/Documents/MRT_ROS_WS/install/can_interfaces/include/can_interfaces/can_interfaces/msg/detail/mobility_data__functions.c
[7.092s] -- Installing: /home/ritvik/Documents/MRT_ROS_WS/install/can_interfaces/include/can_interfaces/can_interfaces/msg/detail/mobility_data__type_support.c
[7.092s] -- Installing: /home/ritvik/Documents/MRT_ROS_WS/install/can_interfaces/include/can_interfaces/can_interfaces/msg/detail/drive_command__description.c
[7.092s] -- Installing: /home/ritvik/Documents/MRT_ROS_WS/install/can_interfaces/include/can_interfaces/can_interfaces/msg/detail/can_queue__description.c
[7.092s] -- Installing: /home/ritvik/Documents/MRT_ROS_WS/install/can_interfaces/include/can_interfaces/can_interfaces/msg/detail/mobility_data__struct.h
[7.092s] -- Installing: /home/ritvik/Documents/MRT_ROS_WS/install/can_interfaces/include/can_interfaces/can_interfaces/msg/detail/mobility_data__functions.h
[7.093s] -- Up-to-date: /home/ritvik/Documents/MRT_ROS_WS/install/can_interfaces/include/can_interfaces/can_interfaces/msg/detail/mobility_sensor_data__struct.h
[7.093s] -- Installing: /home/ritvik/Documents/MRT_ROS_WS/install/can_interfaces/include/can_interfaces/can_interfaces/msg/detail/drive_command__type_support.h
[7.093s] -- Up-to-date: /home/ritvik/Documents/MRT_ROS_WS/install/can_interfaces/include/can_interfaces/can_interfaces/msg/detail/mobility_sensor_data__functions.c
[7.093s] -- Up-to-date: /home/ritvik/Documents/MRT_ROS_WS/install/can_interfaces/include/can_interfaces/can_interfaces/msg/detail/mobility_sensor_data__functions.h
[7.093s] -- Up-to-date: /home/ritvik/Documents/MRT_ROS_WS/install/can_interfaces/include/can_interfaces/can_interfaces/msg/detail/mobility_sensor_data__description.c
[7.093s] -- Installing: /home/ritvik/Documents/MRT_ROS_WS/install/can_interfaces/include/can_interfaces/can_interfaces/msg/detail/drive_command__functions.h
[7.093s] -- Installing: /home/ritvik/Documents/MRT_ROS_WS/install/can_interfaces/include/can_interfaces/can_interfaces/msg/detail/drive_command__type_support.c
[7.093s] -- Installing: /home/ritvik/Documents/MRT_ROS_WS/install/can_interfaces/include/can_interfaces/can_interfaces/msg/detail/can_queue__type_support.h
[7.093s] -- Installing: /home/ritvik/Documents/MRT_ROS_WS/install/can_interfaces/include/can_interfaces/can_interfaces/msg/mobility_data.h
[7.093s] -- Up-to-date: /home/ritvik/Documents/MRT_ROS_WS/install/can_interfaces/include/can_interfaces/can_interfaces/msg/mobility_sensor_data.h
[7.093s] -- Up-to-date: /home/ritvik/Documents/MRT_ROS_WS/install/can_interfaces/include/can_interfaces/can_interfaces/msg/rosidl_generator_c__visibility_control.h
[7.093s] -- Installing: /home/ritvik/Documents/MRT_ROS_WS/install/can_interfaces/include/can_interfaces/can_interfaces/msg/drive_command.h
[7.094s] -- Up-to-date: /home/ritvik/Documents/MRT_ROS_WS/install/can_interfaces/share/can_interfaces/environment/library_path.sh
[7.094s] -- Up-to-date: /home/ritvik/Documents/MRT_ROS_WS/install/can_interfaces/share/can_interfaces/environment/library_path.dsv
[7.094s] -- Installing: /home/ritvik/Documents/MRT_ROS_WS/install/can_interfaces/lib/libcan_interfaces__rosidl_generator_c.so
[7.095s] -- Set non-toolchain portion of runtime path of "/home/ritvik/Documents/MRT_ROS_WS/install/can_interfaces/lib/libcan_interfaces__rosidl_generator_c.so" to ""
[7.095s] -- Up-to-date: /home/ritvik/Documents/MRT_ROS_WS/install/can_interfaces/include/can_interfaces/can_interfaces
[7.095s] -- Up-to-date: /home/ritvik/Documents/MRT_ROS_WS/install/can_interfaces/include/can_interfaces/can_interfaces/msg
[7.095s] -- Up-to-date: /home/ritvik/Documents/MRT_ROS_WS/install/can_interfaces/include/can_interfaces/can_interfaces/msg/detail
[7.095s] -- Up-to-date: /home/ritvik/Documents/MRT_ROS_WS/install/can_interfaces/include/can_interfaces/can_interfaces/msg/detail/mobility_sensor_data__rosidl_typesupport_fastrtps_c.h
[7.095s] -- Installing: /home/ritvik/Documents/MRT_ROS_WS/install/can_interfaces/include/can_interfaces/can_interfaces/msg/detail/drive_command__rosidl_typesupport_fastrtps_c.h
[7.095s] -- Installing: /home/ritvik/Documents/MRT_ROS_WS/install/can_interfaces/include/can_interfaces/can_interfaces/msg/detail/mobility_data__rosidl_typesupport_fastrtps_c.h
[7.095s] -- Installing: /home/ritvik/Documents/MRT_ROS_WS/install/can_interfaces/include/can_interfaces/can_interfaces/msg/detail/can_queue__rosidl_typesupport_fastrtps_c.h
[7.095s] -- Up-to-date: /home/ritvik/Documents/MRT_ROS_WS/install/can_interfaces/include/can_interfaces/can_interfaces/msg/rosidl_typesupport_fastrtps_c__visibility_control.h
[7.096s] -- Installing: /home/ritvik/Documents/MRT_ROS_WS/install/can_interfaces/lib/libcan_interfaces__rosidl_typesupport_fastrtps_c.so
[7.097s] -- Set non-toolchain portion of runtime path of "/home/ritvik/Documents/MRT_ROS_WS/install/can_interfaces/lib/libcan_interfaces__rosidl_typesupport_fastrtps_c.so" to ""
[7.097s] -- Up-to-date: /home/ritvik/Documents/MRT_ROS_WS/install/can_interfaces/include/can_interfaces/can_interfaces
[7.097s] -- Up-to-date: /home/ritvik/Documents/MRT_ROS_WS/install/can_interfaces/include/can_interfaces/can_interfaces/msg
[7.097s] -- Up-to-date: /home/ritvik/Documents/MRT_ROS_WS/install/can_interfaces/include/can_interfaces/can_interfaces/msg/detail
[7.097s] -- Installing: /home/ritvik/Documents/MRT_ROS_WS/install/can_interfaces/include/can_interfaces/can_interfaces/msg/detail/can_queue__type_support.c
[7.097s] -- Up-to-date: /home/ritvik/Documents/MRT_ROS_WS/install/can_interfaces/include/can_interfaces/can_interfaces/msg/detail/mobility_sensor_data__rosidl_typesupport_introspection_c.h
[7.097s] -- Up-to-date: /home/ritvik/Documents/MRT_ROS_WS/install/can_interfaces/include/can_interfaces/can_interfaces/msg/detail/mobility_sensor_data__type_support.c
[7.097s] -- Installing: /home/ritvik/Documents/MRT_ROS_WS/install/can_interfaces/include/can_interfaces/can_interfaces/msg/detail/mobility_data__type_support.c
[7.097s] -- Installing: /home/ritvik/Documents/MRT_ROS_WS/install/can_interfaces/include/can_interfaces/can_interfaces/msg/detail/can_queue__rosidl_typesupport_introspection_c.h
[7.097s] -- Installing: /home/ritvik/Documents/MRT_ROS_WS/install/can_interfaces/include/can_interfaces/can_interfaces/msg/detail/drive_command__rosidl_typesupport_introspection_c.h
[7.098s] -- Installing: /home/ritvik/Documents/MRT_ROS_WS/install/can_interfaces/include/can_interfaces/can_interfaces/msg/detail/drive_command__type_support.c
[7.098s] -- Installing: /home/ritvik/Documents/MRT_ROS_WS/install/can_interfaces/include/can_interfaces/can_interfaces/msg/detail/mobility_data__rosidl_typesupport_introspection_c.h
[7.098s] -- Up-to-date: /home/ritvik/Documents/MRT_ROS_WS/install/can_interfaces/include/can_interfaces/can_interfaces/msg/rosidl_typesupport_introspection_c__visibility_control.h
[7.098s] -- Installing: /home/ritvik/Documents/MRT_ROS_WS/install/can_interfaces/lib/libcan_interfaces__rosidl_typesupport_introspection_c.so
[7.099s] -- Set non-toolchain portion of runtime path of "/home/ritvik/Documents/MRT_ROS_WS/install/can_interfaces/lib/libcan_interfaces__rosidl_typesupport_introspection_c.so" to ""
[7.100s] -- Installing: /home/ritvik/Documents/MRT_ROS_WS/install/can_interfaces/lib/libcan_interfaces__rosidl_typesupport_c.so
[7.100s] -- Set non-toolchain portion of runtime path of "/home/ritvik/Documents/MRT_ROS_WS/install/can_interfaces/lib/libcan_interfaces__rosidl_typesupport_c.so" to ""
[7.100s] -- Up-to-date: /home/ritvik/Documents/MRT_ROS_WS/install/can_interfaces/include/can_interfaces/can_interfaces
[7.100s] -- Up-to-date: /home/ritvik/Documents/MRT_ROS_WS/install/can_interfaces/include/can_interfaces/can_interfaces/msg
[7.100s] -- Up-to-date: /home/ritvik/Documents/MRT_ROS_WS/install/can_interfaces/include/can_interfaces/can_interfaces/msg/mobility_sensor_data.hpp
[7.101s] -- Up-to-date: /home/ritvik/Documents/MRT_ROS_WS/install/can_interfaces/include/can_interfaces/can_interfaces/msg/detail
[7.101s] -- Installing: /home/ritvik/Documents/MRT_ROS_WS/install/can_interfaces/include/can_interfaces/can_interfaces/msg/detail/mobility_data__type_support.hpp
[7.101s] -- Installing: /home/ritvik/Documents/MRT_ROS_WS/install/can_interfaces/include/can_interfaces/can_interfaces/msg/detail/can_queue__type_support.hpp
[7.101s] -- Installing: /home/ritvik/Documents/MRT_ROS_WS/install/can_interfaces/include/can_interfaces/can_interfaces/msg/detail/drive_command__builder.hpp
[7.101s] -- Installing: /home/ritvik/Documents/MRT_ROS_WS/install/can_interfaces/include/can_interfaces/can_interfaces/msg/detail/can_queue__traits.hpp
[7.101s] -- Installing: /home/ritvik/Documents/MRT_ROS_WS/install/can_interfaces/include/can_interfaces/can_interfaces/msg/detail/drive_command__type_support.hpp
[7.101s] -- Installing: /home/ritvik/Documents/MRT_ROS_WS/install/can_interfaces/include/can_interfaces/can_interfaces/msg/detail/drive_command__traits.hpp
[7.101s] -- Installing: /home/ritvik/Documents/MRT_ROS_WS/install/can_interfaces/include/can_interfaces/can_interfaces/msg/detail/mobility_data__struct.hpp
[7.101s] -- Installing: /home/ritvik/Documents/MRT_ROS_WS/install/can_interfaces/include/can_interfaces/can_interfaces/msg/detail/mobility_data__traits.hpp
[7.101s] -- Installing: /home/ritvik/Documents/MRT_ROS_WS/install/can_interfaces/include/can_interfaces/can_interfaces/msg/detail/drive_command__struct.hpp
[7.101s] -- Up-to-date: /home/ritvik/Documents/MRT_ROS_WS/install/can_interfaces/include/can_interfaces/can_interfaces/msg/detail/mobility_sensor_data__type_support.hpp
[7.101s] -- Installing: /home/ritvik/Documents/MRT_ROS_WS/install/can_interfaces/include/can_interfaces/can_interfaces/msg/detail/can_queue__builder.hpp
[7.102s] -- Up-to-date: /home/ritvik/Documents/MRT_ROS_WS/install/can_interfaces/include/can_interfaces/can_interfaces/msg/detail/mobility_sensor_data__traits.hpp
[7.102s] -- Up-to-date: /home/ritvik/Documents/MRT_ROS_WS/install/can_interfaces/include/can_interfaces/can_interfaces/msg/detail/mobility_sensor_data__builder.hpp
[7.102s] -- Up-to-date: /home/ritvik/Documents/MRT_ROS_WS/install/can_interfaces/include/can_interfaces/can_interfaces/msg/detail/mobility_sensor_data__struct.hpp
[7.102s] -- Installing: /home/ritvik/Documents/MRT_ROS_WS/install/can_interfaces/include/can_interfaces/can_interfaces/msg/detail/mobility_data__builder.hpp
[7.102s] -- Installing: /home/ritvik/Documents/MRT_ROS_WS/install/can_interfaces/include/can_interfaces/can_interfaces/msg/detail/can_queue__struct.hpp
[7.102s] -- Installing: /home/ritvik/Documents/MRT_ROS_WS/install/can_interfaces/include/can_interfaces/can_interfaces/msg/rosidl_generator_cpp__visibility_control.hpp
[7.102s] -- Installing: /home/ritvik/Documents/MRT_ROS_WS/install/can_interfaces/include/can_interfaces/can_interfaces/msg/drive_command.hpp
[7.102s] -- Installing: /home/ritvik/Documents/MRT_ROS_WS/install/can_interfaces/include/can_interfaces/can_interfaces/msg/can_queue.hpp
[7.102s] -- Installing: /home/ritvik/Documents/MRT_ROS_WS/install/can_interfaces/include/can_interfaces/can_interfaces/msg/mobility_data.hpp
[7.103s] -- Up-to-date: /home/ritvik/Documents/MRT_ROS_WS/install/can_interfaces/include/can_interfaces/can_interfaces
[7.103s] -- Up-to-date: /home/ritvik/Documents/MRT_ROS_WS/install/can_interfaces/include/can_interfaces/can_interfaces/msg
[7.103s] -- Up-to-date: /home/ritvik/Documents/MRT_ROS_WS/install/can_interfaces/include/can_interfaces/can_interfaces/msg/detail
[7.103s] -- Up-to-date: /home/ritvik/Documents/MRT_ROS_WS/install/can_interfaces/include/can_interfaces/can_interfaces/msg/detail/dds_fastrtps
[7.103s] -- Up-to-date: /home/ritvik/Documents/MRT_ROS_WS/install/can_interfaces/include/can_interfaces/can_interfaces/msg/detail/mobility_sensor_data__rosidl_typesupport_fastrtps_cpp.hpp
[7.103s] -- Installing: /home/ritvik/Documents/MRT_ROS_WS/install/can_interfaces/include/can_interfaces/can_interfaces/msg/detail/can_queue__rosidl_typesupport_fastrtps_cpp.hpp
[7.103s] -- Installing: /home/ritvik/Documents/MRT_ROS_WS/install/can_interfaces/include/can_interfaces/can_interfaces/msg/detail/drive_command__rosidl_typesupport_fastrtps_cpp.hpp
[7.103s] -- Installing: /home/ritvik/Documents/MRT_ROS_WS/install/can_interfaces/include/can_interfaces/can_interfaces/msg/detail/mobility_data__rosidl_typesupport_fastrtps_cpp.hpp
[7.103s] -- Up-to-date: /home/ritvik/Documents/MRT_ROS_WS/install/can_interfaces/include/can_interfaces/can_interfaces/msg/rosidl_typesupport_fastrtps_cpp__visibility_control.h
[7.104s] -- Installing: /home/ritvik/Documents/MRT_ROS_WS/install/can_interfaces/lib/libcan_interfaces__rosidl_typesupport_fastrtps_cpp.so
[7.104s] -- Set non-toolchain portion of runtime path of "/home/ritvik/Documents/MRT_ROS_WS/install/can_interfaces/lib/libcan_interfaces__rosidl_typesupport_fastrtps_cpp.so" to ""
[7.104s] -- Up-to-date: /home/ritvik/Documents/MRT_ROS_WS/install/can_interfaces/include/can_interfaces/can_interfaces
[7.104s] -- Up-to-date: /home/ritvik/Documents/MRT_ROS_WS/install/can_interfaces/include/can_interfaces/can_interfaces/msg
[7.105s] -- Up-to-date: /home/ritvik/Documents/MRT_ROS_WS/install/can_interfaces/include/can_interfaces/can_interfaces/msg/detail
[7.105s] -- Up-to-date: /home/ritvik/Documents/MRT_ROS_WS/install/can_interfaces/include/can_interfaces/can_interfaces/msg/detail/mobility_sensor_data__rosidl_typesupport_introspection_cpp.hpp
[7.105s] -- Installing: /home/ritvik/Documents/MRT_ROS_WS/install/can_interfaces/include/can_interfaces/can_interfaces/msg/detail/drive_command__rosidl_typesupport_introspection_cpp.hpp
[7.105s] -- Up-to-date: /home/ritvik/Documents/MRT_ROS_WS/install/can_interfaces/include/can_interfaces/can_interfaces/msg/detail/mobility_sensor_data__type_support.cpp
[7.105s] -- Installing: /home/ritvik/Documents/MRT_ROS_WS/install/can_interfaces/include/can_interfaces/can_interfaces/msg/detail/drive_command__type_support.cpp
[7.105s] -- Installing: /home/ritvik/Documents/MRT_ROS_WS/install/can_interfaces/include/can_interfaces/can_interfaces/msg/detail/can_queue__rosidl_typesupport_introspection_cpp.hpp
[7.105s] -- Installing: /home/ritvik/Documents/MRT_ROS_WS/install/can_interfaces/include/can_interfaces/can_interfaces/msg/detail/mobility_data__rosidl_typesupport_introspection_cpp.hpp
[7.105s] -- Installing: /home/ritvik/Documents/MRT_ROS_WS/install/can_interfaces/include/can_interfaces/can_interfaces/msg/detail/mobility_data__type_support.cpp
[7.105s] -- Installing: /home/ritvik/Documents/MRT_ROS_WS/install/can_interfaces/include/can_interfaces/can_interfaces/msg/detail/can_queue__type_support.cpp
[7.106s] -- Installing: /home/ritvik/Documents/MRT_ROS_WS/install/can_interfaces/lib/libcan_interfaces__rosidl_typesupport_introspection_cpp.so
[7.106s] -- Set non-toolchain portion of runtime path of "/home/ritvik/Documents/MRT_ROS_WS/install/can_interfaces/lib/libcan_interfaces__rosidl_typesupport_introspection_cpp.so" to ""
[7.107s] -- Installing: /home/ritvik/Documents/MRT_ROS_WS/install/can_interfaces/lib/libcan_interfaces__rosidl_typesupport_cpp.so
[7.107s] -- Set non-toolchain portion of runtime path of "/home/ritvik/Documents/MRT_ROS_WS/install/can_interfaces/lib/libcan_interfaces__rosidl_typesupport_cpp.so" to ""
[7.107s] -- Up-to-date: /home/ritvik/Documents/MRT_ROS_WS/install/can_interfaces/share/can_interfaces/environment/pythonpath.sh
[7.108s] -- Up-to-date: /home/ritvik/Documents/MRT_ROS_WS/install/can_interfaces/share/can_interfaces/environment/pythonpath.dsv
[7.108s] -- Up-to-date: /home/ritvik/Documents/MRT_ROS_WS/install/can_interfaces/lib/python3.12/site-packages/can_interfaces-0.0.0-py3.12.egg-info
[7.108s] -- Installing: /home/ritvik/Documents/MRT_ROS_WS/install/can_interfaces/lib/python3.12/site-packages/can_interfaces-0.0.0-py3.12.egg-info/dependency_links.txt
[7.108s] -- Installing: /home/ritvik/Documents/MRT_ROS_WS/install/can_interfaces/lib/python3.12/site-packages/can_interfaces-0.0.0-py3.12.egg-info/top_level.txt
[7.108s] -- Installing: /home/ritvik/Documents/MRT_ROS_WS/install/can_interfaces/lib/python3.12/site-packages/can_interfaces-0.0.0-py3.12.egg-info/PKG-INFO
[7.108s] -- Installing: /home/ritvik/Documents/MRT_ROS_WS/install/can_interfaces/lib/python3.12/site-packages/can_interfaces-0.0.0-py3.12.egg-info/SOURCES.txt
[7.108s] -- Up-to-date: /home/ritvik/Documents/MRT_ROS_WS/install/can_interfaces/lib/python3.12/site-packages/can_interfaces
[7.108s] -- Installing: /home/ritvik/Documents/MRT_ROS_WS/install/can_interfaces/lib/python3.12/site-packages/can_interfaces/can_interfaces_s__rosidl_typesupport_introspection_c.so
[7.108s] -- Up-to-date: /home/ritvik/Documents/MRT_ROS_WS/install/can_interfaces/lib/python3.12/site-packages/can_interfaces/msg
[7.109s] -- Installing: /home/ritvik/Documents/MRT_ROS_WS/install/can_interfaces/lib/python3.12/site-packages/can_interfaces/msg/_can_queue_s.c
[7.109s] -- Up-to-date: /home/ritvik/Documents/MRT_ROS_WS/install/can_interfaces/lib/python3.12/site-packages/can_interfaces/msg/_mobility_sensor_data_s.c
[7.109s] -- Installing: /home/ritvik/Documents/MRT_ROS_WS/install/can_interfaces/lib/python3.12/site-packages/can_interfaces/msg/__init__.py
[7.109s] -- Installing: /home/ritvik/Documents/MRT_ROS_WS/install/can_interfaces/lib/python3.12/site-packages/can_interfaces/msg/_drive_command_s.c
[7.109s] -- Installing: /home/ritvik/Documents/MRT_ROS_WS/install/can_interfaces/lib/python3.12/site-packages/can_interfaces/msg/_can_queue.py
[7.109s] -- Installing: /home/ritvik/Documents/MRT_ROS_WS/install/can_interfaces/lib/python3.12/site-packages/can_interfaces/msg/_mobility_data.py
[7.109s] -- Up-to-date: /home/ritvik/Documents/MRT_ROS_WS/install/can_interfaces/lib/python3.12/site-packages/can_interfaces/msg/_mobility_sensor_data.py
[7.109s] -- Installing: /home/ritvik/Documents/MRT_ROS_WS/install/can_interfaces/lib/python3.12/site-packages/can_interfaces/msg/_drive_command.py
[7.109s] -- Installing: /home/ritvik/Documents/MRT_ROS_WS/install/can_interfaces/lib/python3.12/site-packages/can_interfaces/msg/_mobility_data_s.c
[7.109s] -- Installing: /home/ritvik/Documents/MRT_ROS_WS/install/can_interfaces/lib/python3.12/site-packages/can_interfaces/_can_interfaces_s.ep.rosidl_typesupport_c.c
[7.110s] -- Installing: /home/ritvik/Documents/MRT_ROS_WS/install/can_interfaces/lib/python3.12/site-packages/can_interfaces/can_interfaces_s__rosidl_typesupport_fastrtps_c.so
[7.110s] -- Installing: /home/ritvik/Documents/MRT_ROS_WS/install/can_interfaces/lib/python3.12/site-packages/can_interfaces/__init__.py
[7.110s] -- Installing: /home/ritvik/Documents/MRT_ROS_WS/install/can_interfaces/lib/python3.12/site-packages/can_interfaces/_can_interfaces_s.ep.rosidl_typesupport_fastrtps_c.c
[7.110s] -- Installing: /home/ritvik/Documents/MRT_ROS_WS/install/can_interfaces/lib/python3.12/site-packages/can_interfaces/_can_interfaces_s.ep.rosidl_typesupport_introspection_c.c
[7.110s] -- Installing: /home/ritvik/Documents/MRT_ROS_WS/install/can_interfaces/lib/python3.12/site-packages/can_interfaces/can_interfaces_s__rosidl_typesupport_c.so
[7.145s] Listing '/home/ritvik/Documents/MRT_ROS_WS/install/can_interfaces/lib/python3.12/site-packages/can_interfaces'...
[7.145s] Compiling '/home/ritvik/Documents/MRT_ROS_WS/install/can_interfaces/lib/python3.12/site-packages/can_interfaces/__init__.py'...
[7.145s] Listing '/home/ritvik/Documents/MRT_ROS_WS/install/can_interfaces/lib/python3.12/site-packages/can_interfaces/msg'...
[7.146s] Compiling '/home/ritvik/Documents/MRT_ROS_WS/install/can_interfaces/lib/python3.12/site-packages/can_interfaces/msg/__init__.py'...
[7.146s] Compiling '/home/ritvik/Documents/MRT_ROS_WS/install/can_interfaces/lib/python3.12/site-packages/can_interfaces/msg/_can_queue.py'...
[7.146s] Compiling '/home/ritvik/Documents/MRT_ROS_WS/install/can_interfaces/lib/python3.12/site-packages/can_interfaces/msg/_drive_command.py'...
[7.146s] Compiling '/home/ritvik/Documents/MRT_ROS_WS/install/can_interfaces/lib/python3.12/site-packages/can_interfaces/msg/_mobility_data.py'...
[7.149s] -- Installing: /home/ritvik/Documents/MRT_ROS_WS/install/can_interfaces/lib/python3.12/site-packages/can_interfaces/can_interfaces_s__rosidl_typesupport_fastrtps_c.so
[7.149s] -- Set non-toolchain portion of runtime path of "/home/ritvik/Documents/MRT_ROS_WS/install/can_interfaces/lib/python3.12/site-packages/can_interfaces/can_interfaces_s__rosidl_typesupport_fastrtps_c.so" to ""
[7.150s] -- Installing: /home/ritvik/Documents/MRT_ROS_WS/install/can_interfaces/lib/python3.12/site-packages/can_interfaces/can_interfaces_s__rosidl_typesupport_introspection_c.so
[7.150s] -- Set non-toolchain portion of runtime path of "/home/ritvik/Documents/MRT_ROS_WS/install/can_interfaces/lib/python3.12/site-packages/can_interfaces/can_interfaces_s__rosidl_typesupport_introspection_c.so" to ""
[7.150s] -- Installing: /home/ritvik/Documents/MRT_ROS_WS/install/can_interfaces/lib/python3.12/site-packages/can_interfaces/can_interfaces_s__rosidl_typesupport_c.so
[7.150s] -- Set non-toolchain portion of runtime path of "/home/ritvik/Documents/MRT_ROS_WS/install/can_interfaces/lib/python3.12/site-packages/can_interfaces/can_interfaces_s__rosidl_typesupport_c.so" to ""
[7.151s] -- Installing: /home/ritvik/Documents/MRT_ROS_WS/install/can_interfaces/lib/libcan_interfaces__rosidl_generator_py.so
[7.151s] -- Set non-toolchain portion of runtime path of "/home/ritvik/Documents/MRT_ROS_WS/install/can_interfaces/lib/libcan_interfaces__rosidl_generator_py.so" to ""
[7.152s] -- Up-to-date: /home/ritvik/Documents/MRT_ROS_WS/install/can_interfaces/share/ament_index/resource_index/rust_packages/can_interfaces
[7.152s] -- Up-to-date: /home/ritvik/Documents/MRT_ROS_WS/install/can_interfaces/share/can_interfaces/rust
[7.152s] -- Installing: /home/ritvik/Documents/MRT_ROS_WS/install/can_interfaces/share/can_interfaces/rust/Cargo.toml
[7.152s] -- Installing: /home/ritvik/Documents/MRT_ROS_WS/install/can_interfaces/share/can_interfaces/rust/build.rs
[7.152s] -- Up-to-date: /home/ritvik/Documents/MRT_ROS_WS/install/can_interfaces/share/can_interfaces/rust/src
[7.152s] -- Installing: /home/ritvik/Documents/MRT_ROS_WS/install/can_interfaces/share/can_interfaces/rust/src/lib.rs
[7.152s] -- Up-to-date: /home/ritvik/Documents/MRT_ROS_WS/install/can_interfaces/share/can_interfaces/rust/src/msg
[7.152s] -- Installing: /home/ritvik/Documents/MRT_ROS_WS/install/can_interfaces/share/can_interfaces/rust/src/msg/rmw.rs
[7.152s] -- Installing: /home/ritvik/Documents/MRT_ROS_WS/install/can_interfaces/share/can_interfaces/rust/src/msg.rs
[7.152s] -- Up-to-date: /home/ritvik/Documents/MRT_ROS_WS/install/can_interfaces/share/can_interfaces/msg/DriveCommand.idl
[7.152s] -- Up-to-date: /home/ritvik/Documents/MRT_ROS_WS/install/can_interfaces/share/can_interfaces/msg/CANQueue.idl
[7.153s] -- Installing: /home/ritvik/Documents/MRT_ROS_WS/install/can_interfaces/share/can_interfaces/msg/MobilityData.idl
[7.153s] -- Up-to-date: /home/ritvik/Documents/MRT_ROS_WS/install/can_interfaces/share/can_interfaces/msg/DriveCommand.msg
[7.153s] -- Up-to-date: /home/ritvik/Documents/MRT_ROS_WS/install/can_interfaces/share/can_interfaces/msg/CANQueue.msg
[7.153s] -- Installing: /home/ritvik/Documents/MRT_ROS_WS/install/can_interfaces/share/can_interfaces/msg/MobilityData.msg
[7.153s] -- Up-to-date: /home/ritvik/Documents/MRT_ROS_WS/install/can_interfaces/share/ament_index/resource_index/package_run_dependencies/can_interfaces
[7.153s] -- Up-to-date: /home/ritvik/Documents/MRT_ROS_WS/install/can_interfaces/share/ament_index/resource_index/parent_prefix_path/can_interfaces
[7.153s] -- Up-to-date: /home/ritvik/Documents/MRT_ROS_WS/install/can_interfaces/share/can_interfaces/environment/ament_prefix_path.sh
[7.153s] -- Up-to-date: /home/ritvik/Documents/MRT_ROS_WS/install/can_interfaces/share/can_interfaces/environment/ament_prefix_path.dsv
[7.153s] -- Up-to-date: /home/ritvik/Documents/MRT_ROS_WS/install/can_interfaces/share/can_interfaces/environment/path.sh
[7.153s] -- Up-to-date: /home/ritvik/Documents/MRT_ROS_WS/install/can_interfaces/share/can_interfaces/environment/path.dsv
[7.153s] -- Up-to-date: /home/ritvik/Documents/MRT_ROS_WS/install/can_interfaces/share/can_interfaces/local_setup.bash
[7.153s] -- Up-to-date: /home/ritvik/Documents/MRT_ROS_WS/install/can_interfaces/share/can_interfaces/local_setup.sh
[7.153s] -- Up-to-date: /home/ritvik/Documents/MRT_ROS_WS/install/can_interfaces/share/can_interfaces/local_setup.zsh
[7.154s] -- Up-to-date: /home/ritvik/Documents/MRT_ROS_WS/install/can_interfaces/share/can_interfaces/local_setup.dsv
[7.154s] -- Installing: /home/ritvik/Documents/MRT_ROS_WS/install/can_interfaces/share/can_interfaces/package.dsv
[7.154s] -- Up-to-date: /home/ritvik/Documents/MRT_ROS_WS/install/can_interfaces/share/ament_index/resource_index/packages/can_interfaces
[7.154s] -- Up-to-date: /home/ritvik/Documents/MRT_ROS_WS/install/can_interfaces/share/can_interfaces/cmake/export_can_interfaces__rosidl_generator_cExport.cmake
[7.154s] -- Up-to-date: /home/ritvik/Documents/MRT_ROS_WS/install/can_interfaces/share/can_interfaces/cmake/export_can_interfaces__rosidl_generator_cExport-noconfig.cmake
[7.154s] -- Up-to-date: /home/ritvik/Documents/MRT_ROS_WS/install/can_interfaces/share/can_interfaces/cmake/export_can_interfaces__rosidl_typesupport_fastrtps_cExport.cmake
[7.154s] -- Up-to-date: /home/ritvik/Documents/MRT_ROS_WS/install/can_interfaces/share/can_interfaces/cmake/export_can_interfaces__rosidl_typesupport_fastrtps_cExport-noconfig.cmake
[7.154s] -- Up-to-date: /home/ritvik/Documents/MRT_ROS_WS/install/can_interfaces/share/can_interfaces/cmake/can_interfaces__rosidl_typesupport_introspection_cExport.cmake
[7.154s] -- Up-to-date: /home/ritvik/Documents/MRT_ROS_WS/install/can_interfaces/share/can_interfaces/cmake/can_interfaces__rosidl_typesupport_introspection_cExport-noconfig.cmake
[7.155s] -- Up-to-date: /home/ritvik/Documents/MRT_ROS_WS/install/can_interfaces/share/can_interfaces/cmake/can_interfaces__rosidl_typesupport_cExport.cmake
[7.155s] -- Up-to-date: /home/ritvik/Documents/MRT_ROS_WS/install/can_interfaces/share/can_interfaces/cmake/can_interfaces__rosidl_typesupport_cExport-noconfig.cmake
[7.155s] -- Up-to-date: /home/ritvik/Documents/MRT_ROS_WS/install/can_interfaces/share/can_interfaces/cmake/export_can_interfaces__rosidl_generator_cppExport.cmake
[7.155s] -- Up-to-date: /home/ritvik/Documents/MRT_ROS_WS/install/can_interfaces/share/can_interfaces/cmake/export_can_interfaces__rosidl_typesupport_fastrtps_cppExport.cmake
[7.155s] -- Up-to-date: /home/ritvik/Documents/MRT_ROS_WS/install/can_interfaces/share/can_interfaces/cmake/export_can_interfaces__rosidl_typesupport_fastrtps_cppExport-noconfig.cmake
[7.155s] -- Up-to-date: /home/ritvik/Documents/MRT_ROS_WS/install/can_interfaces/share/can_interfaces/cmake/can_interfaces__rosidl_typesupport_introspection_cppExport.cmake
[7.156s] -- Up-to-date: /home/ritvik/Documents/MRT_ROS_WS/install/can_interfaces/share/can_interfaces/cmake/can_interfaces__rosidl_typesupport_introspection_cppExport-noconfig.cmake
[7.156s] -- Up-to-date: /home/ritvik/Documents/MRT_ROS_WS/install/can_interfaces/share/can_interfaces/cmake/can_interfaces__rosidl_typesupport_cppExport.cmake
[7.156s] -- Up-to-date: /home/ritvik/Documents/MRT_ROS_WS/install/can_interfaces/share/can_interfaces/cmake/can_interfaces__rosidl_typesupport_cppExport-noconfig.cmake
[7.156s] -- Up-to-date: /home/ritvik/Documents/MRT_ROS_WS/install/can_interfaces/share/can_interfaces/cmake/export_can_interfaces__rosidl_generator_pyExport.cmake
[7.156s] -- Up-to-date: /home/ritvik/Documents/MRT_ROS_WS/install/can_interfaces/share/can_interfaces/cmake/export_can_interfaces__rosidl_generator_pyExport-noconfig.cmake
[7.156s] -- Installing: /home/ritvik/Documents/MRT_ROS_WS/install/can_interfaces/share/can_interfaces/cmake/rosidl_cmake-extras.cmake
[7.156s] -- Up-to-date: /home/ritvik/Documents/MRT_ROS_WS/install/can_interfaces/share/can_interfaces/cmake/ament_cmake_export_include_directories-extras.cmake
[7.156s] -- Up-to-date: /home/ritvik/Documents/MRT_ROS_WS/install/can_interfaces/share/can_interfaces/cmake/ament_cmake_export_libraries-extras.cmake
[7.157s] -- Up-to-date: /home/ritvik/Documents/MRT_ROS_WS/install/can_interfaces/share/can_interfaces/cmake/ament_cmake_export_targets-extras.cmake
[7.157s] -- Up-to-date: /home/ritvik/Documents/MRT_ROS_WS/install/can_interfaces/share/can_interfaces/cmake/rosidl_cmake_export_typesupport_targets-extras.cmake
[7.157s] -- Up-to-date: /home/ritvik/Documents/MRT_ROS_WS/install/can_interfaces/share/can_interfaces/cmake/ament_cmake_export_dependencies-extras.cmake
[7.157s] -- Up-to-date: /home/ritvik/Documents/MRT_ROS_WS/install/can_interfaces/share/can_interfaces/cmake/rosidl_cmake_export_typesupport_libraries-extras.cmake
[7.157s] -- Up-to-date: /home/ritvik/Documents/MRT_ROS_WS/install/can_interfaces/share/can_interfaces/cmake/can_interfacesConfig.cmake
[7.157s] -- Up-to-date: /home/ritvik/Documents/MRT_ROS_WS/install/can_interfaces/share/can_interfaces/cmake/can_interfacesConfig-version.cmake
[7.157s] -- Up-to-date: /home/ritvik/Documents/MRT_ROS_WS/install/can_interfaces/share/can_interfaces/package.xml
[7.161s] Invoked command in '/home/ritvik/Documents/MRT_ROS_WS/build/can_interfaces' returned '0': CMAKE_PREFIX_PATH=${CMAKE_PREFIX_PATH}:/opt/ros/jazzy DEBUGINFOD_URLS=https://debuginfod.ubuntu.com /usr/bin/cmake --install /home/ritvik/Documents/MRT_ROS_WS/build/can_interfaces
