[0.867s] Invoking command in '/home/ritvik/Documents/MRT_ROS_WS/build/can_interfaces': CMAKE_PREFIX_PATH=${CMAKE_PREFIX_PATH}:/home/ritvik/Documents/MRT_ROS_WS/install/drive_commands:/home/ritvik/Documents/MRT_ROS_WS/install/can_controller:/home/ritvik/Documents/MRT_ROS_WS/install/arm_control:/opt/ros/jazzy DEBUGINFOD_URLS=https://debuginfod.ubuntu.com /usr/bin/cmake --build /home/ritvik/Documents/MRT_ROS_WS/build/can_interfaces -- -j16 -l16
[0.973s] [  1%] Built target can_interfaces__rosidl_generator_type_description
[0.974s] [  3%] Built target can_interfaces__rs
[0.998s] [  3%] Built target ament_cmake_python_copy_can_interfaces
[1.019s] [  5%] Built target can_interfaces__cpp
[1.032s] [ 25%] Built target can_interfaces__rosidl_generator_c
[1.090s] [ 34%] Built target can_interfaces__rosidl_typesupport_c
[1.091s] [ 43%] Built target can_interfaces__rosidl_typesupport_fastrtps_c
[1.091s] [ 52%] Built target can_interfaces__rosidl_typesupport_introspection_c
[1.096s] [ 61%] Built target can_interfaces__rosidl_typesupport_introspection_cpp
[1.104s] [ 70%] Built target can_interfaces__rosidl_typesupport_cpp
[1.106s] [ 80%] Built target can_interfaces__rosidl_typesupport_fastrtps_cpp
[1.147s] [ 80%] Built target can_interfaces
[1.189s] [ 81%] Built target can_interfaces__py
[1.249s] [ 89%] Built target can_interfaces__rosidl_generator_py
[1.307s] [ 96%] Built target can_interfaces_s__rosidl_typesupport_c
[1.307s] [ 96%] Built target can_interfaces_s__rosidl_typesupport_fastrtps_c
[1.313s] [100%] Built target can_interfaces_s__rosidl_typesupport_introspection_c
[1.364s] running egg_info
[1.396s] writing can_interfaces.egg-info/PKG-INFO
[1.397s] writing dependency_links to can_interfaces.egg-info/dependency_links.txt
[1.397s] writing top-level names to can_interfaces.egg-info/top_level.txt
[1.475s] reading manifest file 'can_interfaces.egg-info/SOURCES.txt'
[1.476s] writing manifest file 'can_interfaces.egg-info/SOURCES.txt'
[1.529s] [100%] Built target ament_cmake_python_build_can_interfaces_egg
[1.549s] Invoked command in '/home/ritvik/Documents/MRT_ROS_WS/build/can_interfaces' returned '0': CMAKE_PREFIX_PATH=${CMAKE_PREFIX_PATH}:/home/ritvik/Documents/MRT_ROS_WS/install/drive_commands:/home/ritvik/Documents/MRT_ROS_WS/install/can_controller:/home/ritvik/Documents/MRT_ROS_WS/install/arm_control:/opt/ros/jazzy DEBUGINFOD_URLS=https://debuginfod.ubuntu.com /usr/bin/cmake --build /home/ritvik/Documents/MRT_ROS_WS/build/can_interfaces -- -j16 -l16
[1.573s] Invoking command in '/home/ritvik/Documents/MRT_ROS_WS/build/can_interfaces': CMAKE_PREFIX_PATH=${CMAKE_PREFIX_PATH}:/home/ritvik/Documents/MRT_ROS_WS/install/drive_commands:/home/ritvik/Documents/MRT_ROS_WS/install/can_controller:/home/ritvik/Documents/MRT_ROS_WS/install/arm_control:/opt/ros/jazzy DEBUGINFOD_URLS=https://debuginfod.ubuntu.com /usr/bin/cmake --install /home/ritvik/Documents/MRT_ROS_WS/build/can_interfaces
[1.593s] -- Install configuration: ""
[1.594s] -- Up-to-date: /home/ritvik/Documents/MRT_ROS_WS/install/can_interfaces/share/ament_index/resource_index/rosidl_interfaces/can_interfaces
[1.594s] -- Up-to-date: /home/ritvik/Documents/MRT_ROS_WS/install/can_interfaces/share/can_interfaces/msg/DriveCommand.json
[1.594s] -- Up-to-date: /home/ritvik/Documents/MRT_ROS_WS/install/can_interfaces/share/can_interfaces/msg/CANQueue.json
[1.594s] -- Up-to-date: /home/ritvik/Documents/MRT_ROS_WS/install/can_interfaces/share/can_interfaces/msg/MobilityData.json
[1.594s] -- Up-to-date: /home/ritvik/Documents/MRT_ROS_WS/install/can_interfaces/include/can_interfaces/can_interfaces
[1.594s] -- Up-to-date: /home/ritvik/Documents/MRT_ROS_WS/install/can_interfaces/include/can_interfaces/can_interfaces/msg
[1.594s] -- Up-to-date: /home/ritvik/Documents/MRT_ROS_WS/install/can_interfaces/include/can_interfaces/can_interfaces/msg/can_queue.h
[1.595s] -- Up-to-date: /home/ritvik/Documents/MRT_ROS_WS/install/can_interfaces/include/can_interfaces/can_interfaces/msg/detail
[1.595s] -- Up-to-date: /home/ritvik/Documents/MRT_ROS_WS/install/can_interfaces/include/can_interfaces/can_interfaces/msg/detail/can_queue__struct.h
[1.595s] -- Up-to-date: /home/ritvik/Documents/MRT_ROS_WS/install/can_interfaces/include/can_interfaces/can_interfaces/msg/detail/can_queue__functions.c
[1.595s] -- Up-to-date: /home/ritvik/Documents/MRT_ROS_WS/install/can_interfaces/include/can_interfaces/can_interfaces/msg/detail/drive_command__functions.c
[1.595s] -- Up-to-date: /home/ritvik/Documents/MRT_ROS_WS/install/can_interfaces/include/can_interfaces/can_interfaces/msg/detail/mobility_data__description.c
[1.595s] -- Up-to-date: /home/ritvik/Documents/MRT_ROS_WS/install/can_interfaces/include/can_interfaces/can_interfaces/msg/detail/can_queue__type_support.c
[1.596s] -- Up-to-date: /home/ritvik/Documents/MRT_ROS_WS/install/can_interfaces/include/can_interfaces/can_interfaces/msg/detail/mobility_sensor_data__type_support.h
[1.596s] -- Up-to-date: /home/ritvik/Documents/MRT_ROS_WS/install/can_interfaces/include/can_interfaces/can_interfaces/msg/detail/mobility_sensor_data__type_support.c
[1.596s] -- Up-to-date: /home/ritvik/Documents/MRT_ROS_WS/install/can_interfaces/include/can_interfaces/can_interfaces/msg/detail/drive_command__struct.h
[1.596s] -- Up-to-date: /home/ritvik/Documents/MRT_ROS_WS/install/can_interfaces/include/can_interfaces/can_interfaces/msg/detail/mobility_data__type_support.h
[1.596s] -- Up-to-date: /home/ritvik/Documents/MRT_ROS_WS/install/can_interfaces/include/can_interfaces/can_interfaces/msg/detail/can_queue__functions.h
[1.596s] -- Up-to-date: /home/ritvik/Documents/MRT_ROS_WS/install/can_interfaces/include/can_interfaces/can_interfaces/msg/detail/mobility_data__functions.c
[1.596s] -- Up-to-date: /home/ritvik/Documents/MRT_ROS_WS/install/can_interfaces/include/can_interfaces/can_interfaces/msg/detail/mobility_data__type_support.c
[1.596s] -- Up-to-date: /home/ritvik/Documents/MRT_ROS_WS/install/can_interfaces/include/can_interfaces/can_interfaces/msg/detail/drive_command__description.c
[1.597s] -- Up-to-date: /home/ritvik/Documents/MRT_ROS_WS/install/can_interfaces/include/can_interfaces/can_interfaces/msg/detail/can_queue__description.c
[1.597s] -- Up-to-date: /home/ritvik/Documents/MRT_ROS_WS/install/can_interfaces/include/can_interfaces/can_interfaces/msg/detail/mobility_data__struct.h
[1.597s] -- Up-to-date: /home/ritvik/Documents/MRT_ROS_WS/install/can_interfaces/include/can_interfaces/can_interfaces/msg/detail/mobility_data__functions.h
[1.597s] -- Up-to-date: /home/ritvik/Documents/MRT_ROS_WS/install/can_interfaces/include/can_interfaces/can_interfaces/msg/detail/mobility_sensor_data__struct.h
[1.597s] -- Up-to-date: /home/ritvik/Documents/MRT_ROS_WS/install/can_interfaces/include/can_interfaces/can_interfaces/msg/detail/drive_command__type_support.h
[1.597s] -- Up-to-date: /home/ritvik/Documents/MRT_ROS_WS/install/can_interfaces/include/can_interfaces/can_interfaces/msg/detail/mobility_sensor_data__functions.c
[1.597s] -- Up-to-date: /home/ritvik/Documents/MRT_ROS_WS/install/can_interfaces/include/can_interfaces/can_interfaces/msg/detail/mobility_sensor_data__functions.h
[1.597s] -- Up-to-date: /home/ritvik/Documents/MRT_ROS_WS/install/can_interfaces/include/can_interfaces/can_interfaces/msg/detail/mobility_sensor_data__description.c
[1.597s] -- Up-to-date: /home/ritvik/Documents/MRT_ROS_WS/install/can_interfaces/include/can_interfaces/can_interfaces/msg/detail/drive_command__functions.h
[1.597s] -- Up-to-date: /home/ritvik/Documents/MRT_ROS_WS/install/can_interfaces/include/can_interfaces/can_interfaces/msg/detail/drive_command__type_support.c
[1.598s] -- Up-to-date: /home/ritvik/Documents/MRT_ROS_WS/install/can_interfaces/include/can_interfaces/can_interfaces/msg/detail/can_queue__type_support.h
[1.598s] -- Up-to-date: /home/ritvik/Documents/MRT_ROS_WS/install/can_interfaces/include/can_interfaces/can_interfaces/msg/mobility_data.h
[1.598s] -- Up-to-date: /home/ritvik/Documents/MRT_ROS_WS/install/can_interfaces/include/can_interfaces/can_interfaces/msg/mobility_sensor_data.h
[1.598s] -- Up-to-date: /home/ritvik/Documents/MRT_ROS_WS/install/can_interfaces/include/can_interfaces/can_interfaces/msg/rosidl_generator_c__visibility_control.h
[1.598s] -- Up-to-date: /home/ritvik/Documents/MRT_ROS_WS/install/can_interfaces/include/can_interfaces/can_interfaces/msg/drive_command.h
[1.598s] -- Up-to-date: /home/ritvik/Documents/MRT_ROS_WS/install/can_interfaces/share/can_interfaces/environment/library_path.sh
[1.598s] -- Up-to-date: /home/ritvik/Documents/MRT_ROS_WS/install/can_interfaces/share/can_interfaces/environment/library_path.dsv
[1.598s] -- Up-to-date: /home/ritvik/Documents/MRT_ROS_WS/install/can_interfaces/lib/libcan_interfaces__rosidl_generator_c.so
[1.599s] -- Up-to-date: /home/ritvik/Documents/MRT_ROS_WS/install/can_interfaces/include/can_interfaces/can_interfaces
[1.599s] -- Up-to-date: /home/ritvik/Documents/MRT_ROS_WS/install/can_interfaces/include/can_interfaces/can_interfaces/msg
[1.599s] -- Up-to-date: /home/ritvik/Documents/MRT_ROS_WS/install/can_interfaces/include/can_interfaces/can_interfaces/msg/detail
[1.599s] -- Up-to-date: /home/ritvik/Documents/MRT_ROS_WS/install/can_interfaces/include/can_interfaces/can_interfaces/msg/detail/mobility_sensor_data__rosidl_typesupport_fastrtps_c.h
[1.599s] -- Up-to-date: /home/ritvik/Documents/MRT_ROS_WS/install/can_interfaces/include/can_interfaces/can_interfaces/msg/detail/drive_command__rosidl_typesupport_fastrtps_c.h
[1.599s] -- Up-to-date: /home/ritvik/Documents/MRT_ROS_WS/install/can_interfaces/include/can_interfaces/can_interfaces/msg/detail/mobility_data__rosidl_typesupport_fastrtps_c.h
[1.599s] -- Up-to-date: /home/ritvik/Documents/MRT_ROS_WS/install/can_interfaces/include/can_interfaces/can_interfaces/msg/detail/can_queue__rosidl_typesupport_fastrtps_c.h
[1.599s] -- Up-to-date: /home/ritvik/Documents/MRT_ROS_WS/install/can_interfaces/include/can_interfaces/can_interfaces/msg/rosidl_typesupport_fastrtps_c__visibility_control.h
[1.600s] -- Up-to-date: /home/ritvik/Documents/MRT_ROS_WS/install/can_interfaces/lib/libcan_interfaces__rosidl_typesupport_fastrtps_c.so
[1.600s] -- Up-to-date: /home/ritvik/Documents/MRT_ROS_WS/install/can_interfaces/include/can_interfaces/can_interfaces
[1.600s] -- Up-to-date: /home/ritvik/Documents/MRT_ROS_WS/install/can_interfaces/include/can_interfaces/can_interfaces/msg
[1.601s] -- Up-to-date: /home/ritvik/Documents/MRT_ROS_WS/install/can_interfaces/include/can_interfaces/can_interfaces/msg/detail
[1.601s] -- Up-to-date: /home/ritvik/Documents/MRT_ROS_WS/install/can_interfaces/include/can_interfaces/can_interfaces/msg/detail/can_queue__type_support.c
[1.601s] -- Up-to-date: /home/ritvik/Documents/MRT_ROS_WS/install/can_interfaces/include/can_interfaces/can_interfaces/msg/detail/mobility_sensor_data__rosidl_typesupport_introspection_c.h
[1.601s] -- Up-to-date: /home/ritvik/Documents/MRT_ROS_WS/install/can_interfaces/include/can_interfaces/can_interfaces/msg/detail/mobility_sensor_data__type_support.c
[1.601s] -- Up-to-date: /home/ritvik/Documents/MRT_ROS_WS/install/can_interfaces/include/can_interfaces/can_interfaces/msg/detail/mobility_data__type_support.c
[1.601s] -- Up-to-date: /home/ritvik/Documents/MRT_ROS_WS/install/can_interfaces/include/can_interfaces/can_interfaces/msg/detail/can_queue__rosidl_typesupport_introspection_c.h
[1.601s] -- Up-to-date: /home/ritvik/Documents/MRT_ROS_WS/install/can_interfaces/include/can_interfaces/can_interfaces/msg/detail/drive_command__rosidl_typesupport_introspection_c.h
[1.601s] -- Up-to-date: /home/ritvik/Documents/MRT_ROS_WS/install/can_interfaces/include/can_interfaces/can_interfaces/msg/detail/drive_command__type_support.c
[1.601s] -- Up-to-date: /home/ritvik/Documents/MRT_ROS_WS/install/can_interfaces/include/can_interfaces/can_interfaces/msg/detail/mobility_data__rosidl_typesupport_introspection_c.h
[1.602s] -- Up-to-date: /home/ritvik/Documents/MRT_ROS_WS/install/can_interfaces/include/can_interfaces/can_interfaces/msg/rosidl_typesupport_introspection_c__visibility_control.h
[1.602s] -- Up-to-date: /home/ritvik/Documents/MRT_ROS_WS/install/can_interfaces/lib/libcan_interfaces__rosidl_typesupport_introspection_c.so
[1.602s] -- Up-to-date: /home/ritvik/Documents/MRT_ROS_WS/install/can_interfaces/lib/libcan_interfaces__rosidl_typesupport_c.so
[1.602s] -- Up-to-date: /home/ritvik/Documents/MRT_ROS_WS/install/can_interfaces/include/can_interfaces/can_interfaces
[1.602s] -- Up-to-date: /home/ritvik/Documents/MRT_ROS_WS/install/can_interfaces/include/can_interfaces/can_interfaces/msg
[1.602s] -- Up-to-date: /home/ritvik/Documents/MRT_ROS_WS/install/can_interfaces/include/can_interfaces/can_interfaces/msg/mobility_sensor_data.hpp
[1.602s] -- Up-to-date: /home/ritvik/Documents/MRT_ROS_WS/install/can_interfaces/include/can_interfaces/can_interfaces/msg/detail
[1.602s] -- Up-to-date: /home/ritvik/Documents/MRT_ROS_WS/install/can_interfaces/include/can_interfaces/can_interfaces/msg/detail/mobility_data__type_support.hpp
[1.603s] -- Up-to-date: /home/ritvik/Documents/MRT_ROS_WS/install/can_interfaces/include/can_interfaces/can_interfaces/msg/detail/can_queue__type_support.hpp
[1.603s] -- Up-to-date: /home/ritvik/Documents/MRT_ROS_WS/install/can_interfaces/include/can_interfaces/can_interfaces/msg/detail/drive_command__builder.hpp
[1.603s] -- Up-to-date: /home/ritvik/Documents/MRT_ROS_WS/install/can_interfaces/include/can_interfaces/can_interfaces/msg/detail/can_queue__traits.hpp
[1.603s] -- Up-to-date: /home/ritvik/Documents/MRT_ROS_WS/install/can_interfaces/include/can_interfaces/can_interfaces/msg/detail/drive_command__type_support.hpp
[1.603s] -- Up-to-date: /home/ritvik/Documents/MRT_ROS_WS/install/can_interfaces/include/can_interfaces/can_interfaces/msg/detail/drive_command__traits.hpp
[1.603s] -- Up-to-date: /home/ritvik/Documents/MRT_ROS_WS/install/can_interfaces/include/can_interfaces/can_interfaces/msg/detail/mobility_data__struct.hpp
[1.603s] -- Up-to-date: /home/ritvik/Documents/MRT_ROS_WS/install/can_interfaces/include/can_interfaces/can_interfaces/msg/detail/mobility_data__traits.hpp
[1.603s] -- Up-to-date: /home/ritvik/Documents/MRT_ROS_WS/install/can_interfaces/include/can_interfaces/can_interfaces/msg/detail/drive_command__struct.hpp
[1.604s] -- Up-to-date: /home/ritvik/Documents/MRT_ROS_WS/install/can_interfaces/include/can_interfaces/can_interfaces/msg/detail/mobility_sensor_data__type_support.hpp
[1.604s] -- Up-to-date: /home/ritvik/Documents/MRT_ROS_WS/install/can_interfaces/include/can_interfaces/can_interfaces/msg/detail/can_queue__builder.hpp
[1.604s] -- Up-to-date: /home/ritvik/Documents/MRT_ROS_WS/install/can_interfaces/include/can_interfaces/can_interfaces/msg/detail/mobility_sensor_data__traits.hpp
[1.604s] -- Up-to-date: /home/ritvik/Documents/MRT_ROS_WS/install/can_interfaces/include/can_interfaces/can_interfaces/msg/detail/mobility_sensor_data__builder.hpp
[1.604s] -- Up-to-date: /home/ritvik/Documents/MRT_ROS_WS/install/can_interfaces/include/can_interfaces/can_interfaces/msg/detail/mobility_sensor_data__struct.hpp
[1.604s] -- Up-to-date: /home/ritvik/Documents/MRT_ROS_WS/install/can_interfaces/include/can_interfaces/can_interfaces/msg/detail/mobility_data__builder.hpp
[1.604s] -- Up-to-date: /home/ritvik/Documents/MRT_ROS_WS/install/can_interfaces/include/can_interfaces/can_interfaces/msg/detail/can_queue__struct.hpp
[1.605s] -- Up-to-date: /home/ritvik/Documents/MRT_ROS_WS/install/can_interfaces/include/can_interfaces/can_interfaces/msg/rosidl_generator_cpp__visibility_control.hpp
[1.605s] -- Up-to-date: /home/ritvik/Documents/MRT_ROS_WS/install/can_interfaces/include/can_interfaces/can_interfaces/msg/drive_command.hpp
[1.605s] -- Up-to-date: /home/ritvik/Documents/MRT_ROS_WS/install/can_interfaces/include/can_interfaces/can_interfaces/msg/can_queue.hpp
[1.605s] -- Up-to-date: /home/ritvik/Documents/MRT_ROS_WS/install/can_interfaces/include/can_interfaces/can_interfaces/msg/mobility_data.hpp
[1.605s] -- Up-to-date: /home/ritvik/Documents/MRT_ROS_WS/install/can_interfaces/include/can_interfaces/can_interfaces
[1.605s] -- Up-to-date: /home/ritvik/Documents/MRT_ROS_WS/install/can_interfaces/include/can_interfaces/can_interfaces/msg
[1.605s] -- Up-to-date: /home/ritvik/Documents/MRT_ROS_WS/install/can_interfaces/include/can_interfaces/can_interfaces/msg/detail
[1.605s] -- Up-to-date: /home/ritvik/Documents/MRT_ROS_WS/install/can_interfaces/include/can_interfaces/can_interfaces/msg/detail/dds_fastrtps
[1.605s] -- Up-to-date: /home/ritvik/Documents/MRT_ROS_WS/install/can_interfaces/include/can_interfaces/can_interfaces/msg/detail/mobility_sensor_data__rosidl_typesupport_fastrtps_cpp.hpp
[1.605s] -- Up-to-date: /home/ritvik/Documents/MRT_ROS_WS/install/can_interfaces/include/can_interfaces/can_interfaces/msg/detail/can_queue__rosidl_typesupport_fastrtps_cpp.hpp
[1.605s] -- Up-to-date: /home/ritvik/Documents/MRT_ROS_WS/install/can_interfaces/include/can_interfaces/can_interfaces/msg/detail/drive_command__rosidl_typesupport_fastrtps_cpp.hpp
[1.606s] -- Up-to-date: /home/ritvik/Documents/MRT_ROS_WS/install/can_interfaces/include/can_interfaces/can_interfaces/msg/detail/mobility_data__rosidl_typesupport_fastrtps_cpp.hpp
[1.606s] -- Up-to-date: /home/ritvik/Documents/MRT_ROS_WS/install/can_interfaces/include/can_interfaces/can_interfaces/msg/rosidl_typesupport_fastrtps_cpp__visibility_control.h
[1.606s] -- Up-to-date: /home/ritvik/Documents/MRT_ROS_WS/install/can_interfaces/lib/libcan_interfaces__rosidl_typesupport_fastrtps_cpp.so
[1.606s] -- Up-to-date: /home/ritvik/Documents/MRT_ROS_WS/install/can_interfaces/include/can_interfaces/can_interfaces
[1.606s] -- Up-to-date: /home/ritvik/Documents/MRT_ROS_WS/install/can_interfaces/include/can_interfaces/can_interfaces/msg
[1.606s] -- Up-to-date: /home/ritvik/Documents/MRT_ROS_WS/install/can_interfaces/include/can_interfaces/can_interfaces/msg/detail
[1.606s] -- Up-to-date: /home/ritvik/Documents/MRT_ROS_WS/install/can_interfaces/include/can_interfaces/can_interfaces/msg/detail/mobility_sensor_data__rosidl_typesupport_introspection_cpp.hpp
[1.606s] -- Up-to-date: /home/ritvik/Documents/MRT_ROS_WS/install/can_interfaces/include/can_interfaces/can_interfaces/msg/detail/drive_command__rosidl_typesupport_introspection_cpp.hpp
[1.606s] -- Up-to-date: /home/ritvik/Documents/MRT_ROS_WS/install/can_interfaces/include/can_interfaces/can_interfaces/msg/detail/mobility_sensor_data__type_support.cpp
[1.606s] -- Up-to-date: /home/ritvik/Documents/MRT_ROS_WS/install/can_interfaces/include/can_interfaces/can_interfaces/msg/detail/drive_command__type_support.cpp
[1.607s] -- Up-to-date: /home/ritvik/Documents/MRT_ROS_WS/install/can_interfaces/include/can_interfaces/can_interfaces/msg/detail/can_queue__rosidl_typesupport_introspection_cpp.hpp
[1.607s] -- Up-to-date: /home/ritvik/Documents/MRT_ROS_WS/install/can_interfaces/include/can_interfaces/can_interfaces/msg/detail/mobility_data__rosidl_typesupport_introspection_cpp.hpp
[1.607s] -- Up-to-date: /home/ritvik/Documents/MRT_ROS_WS/install/can_interfaces/include/can_interfaces/can_interfaces/msg/detail/mobility_data__type_support.cpp
[1.607s] -- Up-to-date: /home/ritvik/Documents/MRT_ROS_WS/install/can_interfaces/include/can_interfaces/can_interfaces/msg/detail/can_queue__type_support.cpp
[1.607s] -- Up-to-date: /home/ritvik/Documents/MRT_ROS_WS/install/can_interfaces/lib/libcan_interfaces__rosidl_typesupport_introspection_cpp.so
[1.607s] -- Up-to-date: /home/ritvik/Documents/MRT_ROS_WS/install/can_interfaces/lib/libcan_interfaces__rosidl_typesupport_cpp.so
[1.607s] -- Up-to-date: /home/ritvik/Documents/MRT_ROS_WS/install/can_interfaces/share/can_interfaces/environment/pythonpath.sh
[1.607s] -- Up-to-date: /home/ritvik/Documents/MRT_ROS_WS/install/can_interfaces/share/can_interfaces/environment/pythonpath.dsv
[1.608s] -- Up-to-date: /home/ritvik/Documents/MRT_ROS_WS/install/can_interfaces/lib/python3.12/site-packages/can_interfaces-0.0.0-py3.12.egg-info
[1.608s] -- Installing: /home/ritvik/Documents/MRT_ROS_WS/install/can_interfaces/lib/python3.12/site-packages/can_interfaces-0.0.0-py3.12.egg-info/dependency_links.txt
[1.608s] -- Installing: /home/ritvik/Documents/MRT_ROS_WS/install/can_interfaces/lib/python3.12/site-packages/can_interfaces-0.0.0-py3.12.egg-info/top_level.txt
[1.608s] -- Installing: /home/ritvik/Documents/MRT_ROS_WS/install/can_interfaces/lib/python3.12/site-packages/can_interfaces-0.0.0-py3.12.egg-info/PKG-INFO
[1.608s] -- Installing: /home/ritvik/Documents/MRT_ROS_WS/install/can_interfaces/lib/python3.12/site-packages/can_interfaces-0.0.0-py3.12.egg-info/SOURCES.txt
[1.608s] -- Up-to-date: /home/ritvik/Documents/MRT_ROS_WS/install/can_interfaces/lib/python3.12/site-packages/can_interfaces
[1.608s] -- Up-to-date: /home/ritvik/Documents/MRT_ROS_WS/install/can_interfaces/lib/python3.12/site-packages/can_interfaces/can_interfaces_s__rosidl_typesupport_introspection_c.so
[1.608s] -- Up-to-date: /home/ritvik/Documents/MRT_ROS_WS/install/can_interfaces/lib/python3.12/site-packages/can_interfaces/msg
[1.608s] -- Up-to-date: /home/ritvik/Documents/MRT_ROS_WS/install/can_interfaces/lib/python3.12/site-packages/can_interfaces/msg/_can_queue_s.c
[1.609s] -- Up-to-date: /home/ritvik/Documents/MRT_ROS_WS/install/can_interfaces/lib/python3.12/site-packages/can_interfaces/msg/_mobility_sensor_data_s.c
[1.609s] -- Up-to-date: /home/ritvik/Documents/MRT_ROS_WS/install/can_interfaces/lib/python3.12/site-packages/can_interfaces/msg/__init__.py
[1.609s] -- Up-to-date: /home/ritvik/Documents/MRT_ROS_WS/install/can_interfaces/lib/python3.12/site-packages/can_interfaces/msg/_drive_command_s.c
[1.609s] -- Up-to-date: /home/ritvik/Documents/MRT_ROS_WS/install/can_interfaces/lib/python3.12/site-packages/can_interfaces/msg/_can_queue.py
[1.609s] -- Up-to-date: /home/ritvik/Documents/MRT_ROS_WS/install/can_interfaces/lib/python3.12/site-packages/can_interfaces/msg/_mobility_data.py
[1.609s] -- Up-to-date: /home/ritvik/Documents/MRT_ROS_WS/install/can_interfaces/lib/python3.12/site-packages/can_interfaces/msg/_mobility_sensor_data.py
[1.609s] -- Up-to-date: /home/ritvik/Documents/MRT_ROS_WS/install/can_interfaces/lib/python3.12/site-packages/can_interfaces/msg/_drive_command.py
[1.609s] -- Up-to-date: /home/ritvik/Documents/MRT_ROS_WS/install/can_interfaces/lib/python3.12/site-packages/can_interfaces/msg/_mobility_data_s.c
[1.609s] -- Up-to-date: /home/ritvik/Documents/MRT_ROS_WS/install/can_interfaces/lib/python3.12/site-packages/can_interfaces/_can_interfaces_s.ep.rosidl_typesupport_c.c
[1.609s] -- Up-to-date: /home/ritvik/Documents/MRT_ROS_WS/install/can_interfaces/lib/python3.12/site-packages/can_interfaces/can_interfaces_s__rosidl_typesupport_fastrtps_c.so
[1.609s] -- Up-to-date: /home/ritvik/Documents/MRT_ROS_WS/install/can_interfaces/lib/python3.12/site-packages/can_interfaces/__init__.py
[1.610s] -- Up-to-date: /home/ritvik/Documents/MRT_ROS_WS/install/can_interfaces/lib/python3.12/site-packages/can_interfaces/_can_interfaces_s.ep.rosidl_typesupport_fastrtps_c.c
[1.610s] -- Up-to-date: /home/ritvik/Documents/MRT_ROS_WS/install/can_interfaces/lib/python3.12/site-packages/can_interfaces/_can_interfaces_s.ep.rosidl_typesupport_introspection_c.c
[1.610s] -- Up-to-date: /home/ritvik/Documents/MRT_ROS_WS/install/can_interfaces/lib/python3.12/site-packages/can_interfaces/can_interfaces_s__rosidl_typesupport_c.so
[1.675s] Listing '/home/ritvik/Documents/MRT_ROS_WS/install/can_interfaces/lib/python3.12/site-packages/can_interfaces'...
[1.675s] Listing '/home/ritvik/Documents/MRT_ROS_WS/install/can_interfaces/lib/python3.12/site-packages/can_interfaces/msg'...
[1.689s] -- Up-to-date: /home/ritvik/Documents/MRT_ROS_WS/install/can_interfaces/lib/python3.12/site-packages/can_interfaces/can_interfaces_s__rosidl_typesupport_fastrtps_c.so
[1.690s] -- Up-to-date: /home/ritvik/Documents/MRT_ROS_WS/install/can_interfaces/lib/python3.12/site-packages/can_interfaces/can_interfaces_s__rosidl_typesupport_introspection_c.so
[1.691s] -- Up-to-date: /home/ritvik/Documents/MRT_ROS_WS/install/can_interfaces/lib/python3.12/site-packages/can_interfaces/can_interfaces_s__rosidl_typesupport_c.so
[1.692s] -- Up-to-date: /home/ritvik/Documents/MRT_ROS_WS/install/can_interfaces/lib/libcan_interfaces__rosidl_generator_py.so
[1.692s] -- Up-to-date: /home/ritvik/Documents/MRT_ROS_WS/install/can_interfaces/share/ament_index/resource_index/rust_packages/can_interfaces
[1.692s] -- Up-to-date: /home/ritvik/Documents/MRT_ROS_WS/install/can_interfaces/share/can_interfaces/rust
[1.693s] -- Up-to-date: /home/ritvik/Documents/MRT_ROS_WS/install/can_interfaces/share/can_interfaces/rust/Cargo.toml
[1.693s] -- Up-to-date: /home/ritvik/Documents/MRT_ROS_WS/install/can_interfaces/share/can_interfaces/rust/build.rs
[1.693s] -- Up-to-date: /home/ritvik/Documents/MRT_ROS_WS/install/can_interfaces/share/can_interfaces/rust/src
[1.695s] -- Up-to-date: /home/ritvik/Documents/MRT_ROS_WS/install/can_interfaces/share/can_interfaces/rust/src/lib.rs
[1.695s] -- Up-to-date: /home/ritvik/Documents/MRT_ROS_WS/install/can_interfaces/share/can_interfaces/rust/src/msg
[1.696s] -- Up-to-date: /home/ritvik/Documents/MRT_ROS_WS/install/can_interfaces/share/can_interfaces/rust/src/msg/rmw.rs
[1.696s] -- Up-to-date: /home/ritvik/Documents/MRT_ROS_WS/install/can_interfaces/share/can_interfaces/rust/src/msg.rs
[1.699s] -- Up-to-date: /home/ritvik/Documents/MRT_ROS_WS/install/can_interfaces/share/can_interfaces/msg/DriveCommand.idl
[1.699s] -- Up-to-date: /home/ritvik/Documents/MRT_ROS_WS/install/can_interfaces/share/can_interfaces/msg/CANQueue.idl
[1.700s] -- Up-to-date: /home/ritvik/Documents/MRT_ROS_WS/install/can_interfaces/share/can_interfaces/msg/MobilityData.idl
[1.700s] -- Up-to-date: /home/ritvik/Documents/MRT_ROS_WS/install/can_interfaces/share/can_interfaces/msg/DriveCommand.msg
[1.700s] -- Up-to-date: /home/ritvik/Documents/MRT_ROS_WS/install/can_interfaces/share/can_interfaces/msg/CANQueue.msg
[1.700s] -- Up-to-date: /home/ritvik/Documents/MRT_ROS_WS/install/can_interfaces/share/can_interfaces/msg/MobilityData.msg
[1.700s] -- Up-to-date: /home/ritvik/Documents/MRT_ROS_WS/install/can_interfaces/share/ament_index/resource_index/package_run_dependencies/can_interfaces
[1.700s] -- Up-to-date: /home/ritvik/Documents/MRT_ROS_WS/install/can_interfaces/share/ament_index/resource_index/parent_prefix_path/can_interfaces
[1.700s] -- Up-to-date: /home/ritvik/Documents/MRT_ROS_WS/install/can_interfaces/share/can_interfaces/environment/ament_prefix_path.sh
[1.701s] -- Up-to-date: /home/ritvik/Documents/MRT_ROS_WS/install/can_interfaces/share/can_interfaces/environment/ament_prefix_path.dsv
[1.701s] -- Up-to-date: /home/ritvik/Documents/MRT_ROS_WS/install/can_interfaces/share/can_interfaces/environment/path.sh
[1.701s] -- Up-to-date: /home/ritvik/Documents/MRT_ROS_WS/install/can_interfaces/share/can_interfaces/environment/path.dsv
[1.701s] -- Up-to-date: /home/ritvik/Documents/MRT_ROS_WS/install/can_interfaces/share/can_interfaces/local_setup.bash
[1.705s] -- Up-to-date: /home/ritvik/Documents/MRT_ROS_WS/install/can_interfaces/share/can_interfaces/local_setup.sh
[1.706s] -- Up-to-date: /home/ritvik/Documents/MRT_ROS_WS/install/can_interfaces/share/can_interfaces/local_setup.zsh
[1.707s] -- Up-to-date: /home/ritvik/Documents/MRT_ROS_WS/install/can_interfaces/share/can_interfaces/local_setup.dsv
[1.708s] -- Installing: /home/ritvik/Documents/MRT_ROS_WS/install/can_interfaces/share/can_interfaces/package.dsv
[1.708s] -- Up-to-date: /home/ritvik/Documents/MRT_ROS_WS/install/can_interfaces/share/ament_index/resource_index/packages/can_interfaces
[1.708s] -- Up-to-date: /home/ritvik/Documents/MRT_ROS_WS/install/can_interfaces/share/can_interfaces/cmake/export_can_interfaces__rosidl_generator_cExport.cmake
[1.709s] -- Up-to-date: /home/ritvik/Documents/MRT_ROS_WS/install/can_interfaces/share/can_interfaces/cmake/export_can_interfaces__rosidl_generator_cExport-noconfig.cmake
[1.709s] -- Up-to-date: /home/ritvik/Documents/MRT_ROS_WS/install/can_interfaces/share/can_interfaces/cmake/export_can_interfaces__rosidl_typesupport_fastrtps_cExport.cmake
[1.709s] -- Up-to-date: /home/ritvik/Documents/MRT_ROS_WS/install/can_interfaces/share/can_interfaces/cmake/export_can_interfaces__rosidl_typesupport_fastrtps_cExport-noconfig.cmake
[1.709s] -- Up-to-date: /home/ritvik/Documents/MRT_ROS_WS/install/can_interfaces/share/can_interfaces/cmake/can_interfaces__rosidl_typesupport_introspection_cExport.cmake
[1.709s] -- Up-to-date: /home/ritvik/Documents/MRT_ROS_WS/install/can_interfaces/share/can_interfaces/cmake/can_interfaces__rosidl_typesupport_introspection_cExport-noconfig.cmake
[1.709s] -- Up-to-date: /home/ritvik/Documents/MRT_ROS_WS/install/can_interfaces/share/can_interfaces/cmake/can_interfaces__rosidl_typesupport_cExport.cmake
[1.709s] -- Up-to-date: /home/ritvik/Documents/MRT_ROS_WS/install/can_interfaces/share/can_interfaces/cmake/can_interfaces__rosidl_typesupport_cExport-noconfig.cmake
[1.710s] -- Up-to-date: /home/ritvik/Documents/MRT_ROS_WS/install/can_interfaces/share/can_interfaces/cmake/export_can_interfaces__rosidl_generator_cppExport.cmake
[1.710s] -- Up-to-date: /home/ritvik/Documents/MRT_ROS_WS/install/can_interfaces/share/can_interfaces/cmake/export_can_interfaces__rosidl_typesupport_fastrtps_cppExport.cmake
[1.710s] -- Up-to-date: /home/ritvik/Documents/MRT_ROS_WS/install/can_interfaces/share/can_interfaces/cmake/export_can_interfaces__rosidl_typesupport_fastrtps_cppExport-noconfig.cmake
[1.710s] -- Up-to-date: /home/ritvik/Documents/MRT_ROS_WS/install/can_interfaces/share/can_interfaces/cmake/can_interfaces__rosidl_typesupport_introspection_cppExport.cmake
[1.710s] -- Up-to-date: /home/ritvik/Documents/MRT_ROS_WS/install/can_interfaces/share/can_interfaces/cmake/can_interfaces__rosidl_typesupport_introspection_cppExport-noconfig.cmake
[1.710s] -- Up-to-date: /home/ritvik/Documents/MRT_ROS_WS/install/can_interfaces/share/can_interfaces/cmake/can_interfaces__rosidl_typesupport_cppExport.cmake
[1.711s] -- Up-to-date: /home/ritvik/Documents/MRT_ROS_WS/install/can_interfaces/share/can_interfaces/cmake/can_interfaces__rosidl_typesupport_cppExport-noconfig.cmake
[1.711s] -- Up-to-date: /home/ritvik/Documents/MRT_ROS_WS/install/can_interfaces/share/can_interfaces/cmake/export_can_interfaces__rosidl_generator_pyExport.cmake
[1.711s] -- Up-to-date: /home/ritvik/Documents/MRT_ROS_WS/install/can_interfaces/share/can_interfaces/cmake/export_can_interfaces__rosidl_generator_pyExport-noconfig.cmake
[1.711s] -- Up-to-date: /home/ritvik/Documents/MRT_ROS_WS/install/can_interfaces/share/can_interfaces/cmake/rosidl_cmake-extras.cmake
[1.711s] -- Up-to-date: /home/ritvik/Documents/MRT_ROS_WS/install/can_interfaces/share/can_interfaces/cmake/ament_cmake_export_include_directories-extras.cmake
[1.711s] -- Up-to-date: /home/ritvik/Documents/MRT_ROS_WS/install/can_interfaces/share/can_interfaces/cmake/ament_cmake_export_libraries-extras.cmake
[1.711s] -- Up-to-date: /home/ritvik/Documents/MRT_ROS_WS/install/can_interfaces/share/can_interfaces/cmake/ament_cmake_export_targets-extras.cmake
[1.712s] -- Up-to-date: /home/ritvik/Documents/MRT_ROS_WS/install/can_interfaces/share/can_interfaces/cmake/rosidl_cmake_export_typesupport_targets-extras.cmake
[1.713s] -- Up-to-date: /home/ritvik/Documents/MRT_ROS_WS/install/can_interfaces/share/can_interfaces/cmake/ament_cmake_export_dependencies-extras.cmake
[1.713s] -- Up-to-date: /home/ritvik/Documents/MRT_ROS_WS/install/can_interfaces/share/can_interfaces/cmake/rosidl_cmake_export_typesupport_libraries-extras.cmake
[1.714s] -- Up-to-date: /home/ritvik/Documents/MRT_ROS_WS/install/can_interfaces/share/can_interfaces/cmake/can_interfacesConfig.cmake
[1.714s] -- Up-to-date: /home/ritvik/Documents/MRT_ROS_WS/install/can_interfaces/share/can_interfaces/cmake/can_interfacesConfig-version.cmake
[1.715s] -- Up-to-date: /home/ritvik/Documents/MRT_ROS_WS/install/can_interfaces/share/can_interfaces/package.xml
[1.715s] Invoked command in '/home/ritvik/Documents/MRT_ROS_WS/build/can_interfaces' returned '0': CMAKE_PREFIX_PATH=${CMAKE_PREFIX_PATH}:/home/ritvik/Documents/MRT_ROS_WS/install/drive_commands:/home/ritvik/Documents/MRT_ROS_WS/install/can_controller:/home/ritvik/Documents/MRT_ROS_WS/install/arm_control:/opt/ros/jazzy DEBUGINFOD_URLS=https://debuginfod.ubuntu.com /usr/bin/cmake --install /home/ritvik/Documents/MRT_ROS_WS/build/can_interfaces
