[2.329s] Invoking command in '/home/ritvik/Documents/MRT_ROS_WS/src/drive_commands': DEBUGINFOD_URLS=https://debuginfod.ubuntu.com PYTHONPATH=/home/ritvik/Documents/MRT_ROS_WS/build/drive_commands/prefix_override:/usr/lib/python3/dist-packages/colcon_core/task/python/colcon_distutils_commands:/home/ritvik/Documents/MRT_ROS_WS/install/drive_commands/lib/python3.12/site-packages:${PYTHONPATH} /usr/bin/python3 -W ignore:setup.py install is deprecated -W ignore:easy_install command is deprecated setup.py egg_info --egg-base ../../build/drive_commands build --build-base /home/ritvik/Documents/MRT_ROS_WS/build/drive_commands/build install --record /home/ritvik/Documents/MRT_ROS_WS/build/drive_commands/install.log --single-version-externally-managed install_data
[2.834s] running egg_info
[2.869s] writing ../../build/drive_commands/drive_commands.egg-info/PKG-INFO
[2.870s] writing dependency_links to ../../build/drive_commands/drive_commands.egg-info/dependency_links.txt
[2.870s] writing entry points to ../../build/drive_commands/drive_commands.egg-info/entry_points.txt
[2.871s] writing requirements to ../../build/drive_commands/drive_commands.egg-info/requires.txt
[2.871s] writing top-level names to ../../build/drive_commands/drive_commands.egg-info/top_level.txt
[2.946s] reading manifest file '../../build/drive_commands/drive_commands.egg-info/SOURCES.txt'
[2.948s] writing manifest file '../../build/drive_commands/drive_commands.egg-info/SOURCES.txt'
[2.948s] running build
[2.948s] running build_py
[2.949s] running install
[2.961s] running install_lib
[2.999s] running install_data
[2.999s] running install_egg_info
[3.037s] removing '/home/ritvik/Documents/MRT_ROS_WS/install/drive_commands/lib/python3.12/site-packages/drive_commands-0.0.0-py3.12.egg-info' (and everything under it)
[3.037s] Copying ../../build/drive_commands/drive_commands.egg-info to /home/ritvik/Documents/MRT_ROS_WS/install/drive_commands/lib/python3.12/site-packages/drive_commands-0.0.0-py3.12.egg-info
[3.040s] running install_scripts
[3.302s] Installing drive_command_test script to /home/ritvik/Documents/MRT_ROS_WS/install/drive_commands/lib/drive_commands
[3.303s] writing list of installed files to '/home/ritvik/Documents/MRT_ROS_WS/build/drive_commands/install.log'
[3.357s] Invoked command in '/home/ritvik/Documents/MRT_ROS_WS/src/drive_commands' returned '0': DEBUGINFOD_URLS=https://debuginfod.ubuntu.com PYTHONPATH=/home/ritvik/Documents/MRT_ROS_WS/build/drive_commands/prefix_override:/usr/lib/python3/dist-packages/colcon_core/task/python/colcon_distutils_commands:/home/ritvik/Documents/MRT_ROS_WS/install/drive_commands/lib/python3.12/site-packages:${PYTHONPATH} /usr/bin/python3 -W ignore:setup.py install is deprecated -W ignore:easy_install command is deprecated setup.py egg_info --egg-base ../../build/drive_commands build --build-base /home/ritvik/Documents/MRT_ROS_WS/build/drive_commands/build install --record /home/ritvik/Documents/MRT_ROS_WS/build/drive_commands/install.log --single-version-externally-managed install_data
