[0.404s] DEBUG:colcon:Command line arguments: ['/usr/bin/colcon', 'build']
[0.405s] DEBUG:colcon:Parsed command line arguments: Namespace(log_base=None, log_level=None, verb_name='build', build_base='build', install_base='install', merge_install=False, symlink_install=False, test_result_base=None, continue_on_error=False, executor='parallel', parallel_workers=16, event_handlers=None, ignore_user_meta=False, metas=['./colcon.meta'], base_paths=['.'], packages_ignore=None, packages_ignore_regex=None, paths=None, packages_up_to=None, packages_up_to_regex=None, packages_above=None, packages_above_and_dependencies=None, packages_above_depth=None, packages_select_by_dep=None, packages_skip_by_dep=None, packages_skip_up_to=None, packages_select_build_failed=False, packages_skip_build_finished=False, packages_select_test_failures=False, packages_skip_test_passed=False, packages_select=None, packages_skip=None, packages_select_regex=None, packages_skip_regex=None, packages_start=None, packages_end=None, allow_overriding=[], cmake_args=None, cmake_target=None, cmake_target_skip_unavailable=False, cmake_clean_cache=False, cmake_clean_first=False, cmake_force_configure=False, ament_cmake_args=None, catkin_cmake_args=None, catkin_skip_building_tests=False, mixin_files=None, mixin=None, verb_parser=<colcon_mixin.mixin.mixin_argument.MixinArgumentDecorator object at 0x72d9e7b13b90>, verb_extension=<colcon_core.verb.build.BuildVerb object at 0x72d9e7b13440>, main=<bound method BuildVerb.main of <colcon_core.verb.build.BuildVerb object at 0x72d9e7b13440>>, mixin_verb=('build',))
[0.498s] Level 1:colcon.colcon_core.package_discovery:discover_packages(colcon_meta) check parameters
[0.498s] Level 1:colcon.colcon_core.package_discovery:discover_packages(recursive) check parameters
[0.498s] Level 1:colcon.colcon_core.package_discovery:discover_packages(ignore) check parameters
[0.498s] Level 1:colcon.colcon_core.package_discovery:discover_packages(path) check parameters
[0.498s] Level 1:colcon.colcon_core.package_discovery:discover_packages(colcon_meta) discover
[0.499s] Level 1:colcon.colcon_core.package_discovery:discover_packages(recursive) discover
[0.499s] INFO:colcon.colcon_core.package_discovery:Crawling recursively for packages in '/home/ritvik/Documents/MRT_ROS_WS'
[0.499s] Level 1:colcon.colcon_core.package_identification:_identify(.) by extensions ['ignore', 'ignore_ament_install']
[0.499s] Level 1:colcon.colcon_core.package_identification:_identify(.) by extension 'ignore'
[0.499s] Level 1:colcon.colcon_core.package_identification:_identify(.) by extension 'ignore_ament_install'
[0.499s] Level 1:colcon.colcon_core.package_identification:_identify(.) by extensions ['colcon_pkg']
[0.499s] Level 1:colcon.colcon_core.package_identification:_identify(.) by extension 'colcon_pkg'
[0.500s] Level 1:colcon.colcon_core.package_identification:_identify(.) by extensions ['colcon_meta']
[0.500s] Level 1:colcon.colcon_core.package_identification:_identify(.) by extension 'colcon_meta'
[0.500s] Level 1:colcon.colcon_core.package_identification:_identify(.) by extensions ['ros']
[0.500s] Level 1:colcon.colcon_core.package_identification:_identify(.) by extension 'ros'
[0.552s] Level 1:colcon.colcon_core.package_identification:_identify(.) by extensions ['cmake', 'python']
[0.552s] Level 1:colcon.colcon_core.package_identification:_identify(.) by extension 'cmake'
[0.552s] Level 1:colcon.colcon_core.package_identification:_identify(.) by extension 'python'
[0.552s] Level 1:colcon.colcon_core.package_identification:_identify(.) by extensions ['python_setup_py']
[0.552s] Level 1:colcon.colcon_core.package_identification:_identify(.) by extension 'python_setup_py'
[0.552s] Level 1:colcon.colcon_core.package_identification:_identify(arm_control) by extensions ['ignore', 'ignore_ament_install']
[0.552s] Level 1:colcon.colcon_core.package_identification:_identify(arm_control) by extension 'ignore'
[0.553s] Level 1:colcon.colcon_core.package_identification:_identify(arm_control) by extension 'ignore_ament_install'
[0.553s] Level 1:colcon.colcon_core.package_identification:_identify(arm_control) by extensions ['colcon_pkg']
[0.553s] Level 1:colcon.colcon_core.package_identification:_identify(arm_control) by extension 'colcon_pkg'
[0.553s] Level 1:colcon.colcon_core.package_identification:_identify(arm_control) by extensions ['colcon_meta']
[0.553s] Level 1:colcon.colcon_core.package_identification:_identify(arm_control) by extension 'colcon_meta'
[0.553s] Level 1:colcon.colcon_core.package_identification:_identify(arm_control) by extensions ['ros']
[0.553s] Level 1:colcon.colcon_core.package_identification:_identify(arm_control) by extension 'ros'
[0.559s] DEBUG:colcon.colcon_core.package_identification:Package 'arm_control' with type 'ros.ament_python' and name 'arm_control'
[0.560s] Level 1:colcon.colcon_core.package_identification:_identify(build) by extensions ['ignore', 'ignore_ament_install']
[0.560s] Level 1:colcon.colcon_core.package_identification:_identify(build) by extension 'ignore'
[0.560s] Level 1:colcon.colcon_core.package_identification:_identify(build) ignored
[0.560s] Level 1:colcon.colcon_core.package_identification:_identify(install) by extensions ['ignore', 'ignore_ament_install']
[0.560s] Level 1:colcon.colcon_core.package_identification:_identify(install) by extension 'ignore'
[0.561s] Level 1:colcon.colcon_core.package_identification:_identify(install) ignored
[0.561s] Level 1:colcon.colcon_core.package_identification:_identify(log) by extensions ['ignore', 'ignore_ament_install']
[0.561s] Level 1:colcon.colcon_core.package_identification:_identify(log) by extension 'ignore'
[0.561s] Level 1:colcon.colcon_core.package_identification:_identify(log) ignored
[0.561s] Level 1:colcon.colcon_core.package_identification:_identify(src) by extensions ['ignore', 'ignore_ament_install']
[0.561s] Level 1:colcon.colcon_core.package_identification:_identify(src) by extension 'ignore'
[0.561s] Level 1:colcon.colcon_core.package_identification:_identify(src) by extension 'ignore_ament_install'
[0.561s] Level 1:colcon.colcon_core.package_identification:_identify(src) by extensions ['colcon_pkg']
[0.561s] Level 1:colcon.colcon_core.package_identification:_identify(src) by extension 'colcon_pkg'
[0.562s] Level 1:colcon.colcon_core.package_identification:_identify(src) by extensions ['colcon_meta']
[0.562s] Level 1:colcon.colcon_core.package_identification:_identify(src) by extension 'colcon_meta'
[0.562s] Level 1:colcon.colcon_core.package_identification:_identify(src) by extensions ['ros']
[0.562s] Level 1:colcon.colcon_core.package_identification:_identify(src) by extension 'ros'
[0.562s] Level 1:colcon.colcon_core.package_identification:_identify(src) by extensions ['cmake', 'python']
[0.562s] Level 1:colcon.colcon_core.package_identification:_identify(src) by extension 'cmake'
[0.562s] Level 1:colcon.colcon_core.package_identification:_identify(src) by extension 'python'
[0.562s] Level 1:colcon.colcon_core.package_identification:_identify(src) by extensions ['python_setup_py']
[0.562s] Level 1:colcon.colcon_core.package_identification:_identify(src) by extension 'python_setup_py'
[0.562s] Level 1:colcon.colcon_core.package_identification:_identify(src/can_controller) by extensions ['ignore', 'ignore_ament_install']
[0.562s] Level 1:colcon.colcon_core.package_identification:_identify(src/can_controller) by extension 'ignore'
[0.562s] Level 1:colcon.colcon_core.package_identification:_identify(src/can_controller) by extension 'ignore_ament_install'
[0.563s] Level 1:colcon.colcon_core.package_identification:_identify(src/can_controller) by extensions ['colcon_pkg']
[0.563s] Level 1:colcon.colcon_core.package_identification:_identify(src/can_controller) by extension 'colcon_pkg'
[0.563s] Level 1:colcon.colcon_core.package_identification:_identify(src/can_controller) by extensions ['colcon_meta']
[0.563s] Level 1:colcon.colcon_core.package_identification:_identify(src/can_controller) by extension 'colcon_meta'
[0.563s] Level 1:colcon.colcon_core.package_identification:_identify(src/can_controller) by extensions ['ros']
[0.563s] Level 1:colcon.colcon_core.package_identification:_identify(src/can_controller) by extension 'ros'
[0.564s] DEBUG:colcon.colcon_core.package_identification:Package 'src/can_controller' with type 'ros.ament_python' and name 'can_controller'
[0.564s] Level 1:colcon.colcon_core.package_identification:_identify(src/can_interfaces) by extensions ['ignore', 'ignore_ament_install']
[0.564s] Level 1:colcon.colcon_core.package_identification:_identify(src/can_interfaces) by extension 'ignore'
[0.565s] Level 1:colcon.colcon_core.package_identification:_identify(src/can_interfaces) by extension 'ignore_ament_install'
[0.565s] Level 1:colcon.colcon_core.package_identification:_identify(src/can_interfaces) by extensions ['colcon_pkg']
[0.565s] Level 1:colcon.colcon_core.package_identification:_identify(src/can_interfaces) by extension 'colcon_pkg'
[0.565s] Level 1:colcon.colcon_core.package_identification:_identify(src/can_interfaces) by extensions ['colcon_meta']
[0.565s] Level 1:colcon.colcon_core.package_identification:_identify(src/can_interfaces) by extension 'colcon_meta'
[0.565s] Level 1:colcon.colcon_core.package_identification:_identify(src/can_interfaces) by extensions ['ros']
[0.565s] Level 1:colcon.colcon_core.package_identification:_identify(src/can_interfaces) by extension 'ros'
[0.566s] DEBUG:colcon.colcon_core.package_identification:Package 'src/can_interfaces' with type 'ros.ament_cmake' and name 'can_interfaces'
[0.566s] Level 1:colcon.colcon_core.package_identification:_identify(src/drive_commands) by extensions ['ignore', 'ignore_ament_install']
[0.566s] Level 1:colcon.colcon_core.package_identification:_identify(src/drive_commands) by extension 'ignore'
[0.566s] Level 1:colcon.colcon_core.package_identification:_identify(src/drive_commands) by extension 'ignore_ament_install'
[0.566s] Level 1:colcon.colcon_core.package_identification:_identify(src/drive_commands) by extensions ['colcon_pkg']
[0.566s] Level 1:colcon.colcon_core.package_identification:_identify(src/drive_commands) by extension 'colcon_pkg'
[0.566s] Level 1:colcon.colcon_core.package_identification:_identify(src/drive_commands) by extensions ['colcon_meta']
[0.567s] Level 1:colcon.colcon_core.package_identification:_identify(src/drive_commands) by extension 'colcon_meta'
[0.567s] Level 1:colcon.colcon_core.package_identification:_identify(src/drive_commands) by extensions ['ros']
[0.567s] Level 1:colcon.colcon_core.package_identification:_identify(src/drive_commands) by extension 'ros'
[0.570s] DEBUG:colcon.colcon_core.package_identification:Package 'src/drive_commands' with type 'ros.ament_python' and name 'drive_commands'
[0.570s] Level 1:colcon.colcon_core.package_discovery:discover_packages(recursive) using defaults
[0.570s] Level 1:colcon.colcon_core.package_discovery:discover_packages(ignore) discover
[0.570s] Level 1:colcon.colcon_core.package_discovery:discover_packages(ignore) using defaults
[0.570s] Level 1:colcon.colcon_core.package_discovery:discover_packages(path) discover
[0.570s] Level 1:colcon.colcon_core.package_discovery:discover_packages(path) using defaults
[0.613s] Level 1:colcon.colcon_core.package_discovery:discover_packages(prefix_path) check parameters
[0.613s] Level 1:colcon.colcon_core.package_discovery:discover_packages(prefix_path) discover
[0.620s] DEBUG:colcon.colcon_installed_package_information.package_discovery:Found 1 installed packages in /home/ritvik/rover_arm_ws/install
[0.625s] DEBUG:colcon.colcon_installed_package_information.package_discovery:Found 385 installed packages in /opt/ros/jazzy
[0.627s] Level 1:colcon.colcon_core.package_discovery:discover_packages(prefix_path) using defaults
[0.728s] Level 5:colcon.colcon_core.verb:set package 'arm_control' build argument 'cmake_args' from command line to 'None'
[0.728s] Level 5:colcon.colcon_core.verb:set package 'arm_control' build argument 'cmake_target' from command line to 'None'
[0.728s] Level 5:colcon.colcon_core.verb:set package 'arm_control' build argument 'cmake_target_skip_unavailable' from command line to 'False'
[0.728s] Level 5:colcon.colcon_core.verb:set package 'arm_control' build argument 'cmake_clean_cache' from command line to 'False'
[0.728s] Level 5:colcon.colcon_core.verb:set package 'arm_control' build argument 'cmake_clean_first' from command line to 'False'
[0.729s] Level 5:colcon.colcon_core.verb:set package 'arm_control' build argument 'cmake_force_configure' from command line to 'False'
[0.729s] Level 5:colcon.colcon_core.verb:set package 'arm_control' build argument 'ament_cmake_args' from command line to 'None'
[0.729s] Level 5:colcon.colcon_core.verb:set package 'arm_control' build argument 'catkin_cmake_args' from command line to 'None'
[0.729s] Level 5:colcon.colcon_core.verb:set package 'arm_control' build argument 'catkin_skip_building_tests' from command line to 'False'
[0.729s] DEBUG:colcon.colcon_core.verb:Building package 'arm_control' with the following arguments: {'ament_cmake_args': None, 'build_base': '/home/ritvik/Documents/MRT_ROS_WS/build/arm_control', 'catkin_cmake_args': None, 'catkin_skip_building_tests': False, 'cmake_args': None, 'cmake_clean_cache': False, 'cmake_clean_first': False, 'cmake_force_configure': False, 'cmake_target': None, 'cmake_target_skip_unavailable': False, 'install_base': '/home/ritvik/Documents/MRT_ROS_WS/install/arm_control', 'merge_install': False, 'path': '/home/ritvik/Documents/MRT_ROS_WS/arm_control', 'symlink_install': False, 'test_result_base': None}
[0.729s] Level 5:colcon.colcon_core.verb:set package 'can_controller' build argument 'cmake_args' from command line to 'None'
[0.729s] Level 5:colcon.colcon_core.verb:set package 'can_controller' build argument 'cmake_target' from command line to 'None'
[0.729s] Level 5:colcon.colcon_core.verb:set package 'can_controller' build argument 'cmake_target_skip_unavailable' from command line to 'False'
[0.729s] Level 5:colcon.colcon_core.verb:set package 'can_controller' build argument 'cmake_clean_cache' from command line to 'False'
[0.730s] Level 5:colcon.colcon_core.verb:set package 'can_controller' build argument 'cmake_clean_first' from command line to 'False'
[0.730s] Level 5:colcon.colcon_core.verb:set package 'can_controller' build argument 'cmake_force_configure' from command line to 'False'
[0.730s] Level 5:colcon.colcon_core.verb:set package 'can_controller' build argument 'ament_cmake_args' from command line to 'None'
[0.730s] Level 5:colcon.colcon_core.verb:set package 'can_controller' build argument 'catkin_cmake_args' from command line to 'None'
[0.730s] Level 5:colcon.colcon_core.verb:set package 'can_controller' build argument 'catkin_skip_building_tests' from command line to 'False'
[0.730s] DEBUG:colcon.colcon_core.verb:Building package 'can_controller' with the following arguments: {'ament_cmake_args': None, 'build_base': '/home/ritvik/Documents/MRT_ROS_WS/build/can_controller', 'catkin_cmake_args': None, 'catkin_skip_building_tests': False, 'cmake_args': None, 'cmake_clean_cache': False, 'cmake_clean_first': False, 'cmake_force_configure': False, 'cmake_target': None, 'cmake_target_skip_unavailable': False, 'install_base': '/home/ritvik/Documents/MRT_ROS_WS/install/can_controller', 'merge_install': False, 'path': '/home/ritvik/Documents/MRT_ROS_WS/src/can_controller', 'symlink_install': False, 'test_result_base': None}
[0.730s] Level 5:colcon.colcon_core.verb:set package 'can_interfaces' build argument 'cmake_args' from command line to 'None'
[0.730s] Level 5:colcon.colcon_core.verb:set package 'can_interfaces' build argument 'cmake_target' from command line to 'None'
[0.730s] Level 5:colcon.colcon_core.verb:set package 'can_interfaces' build argument 'cmake_target_skip_unavailable' from command line to 'False'
[0.730s] Level 5:colcon.colcon_core.verb:set package 'can_interfaces' build argument 'cmake_clean_cache' from command line to 'False'
[0.730s] Level 5:colcon.colcon_core.verb:set package 'can_interfaces' build argument 'cmake_clean_first' from command line to 'False'
[0.730s] Level 5:colcon.colcon_core.verb:set package 'can_interfaces' build argument 'cmake_force_configure' from command line to 'False'
[0.730s] Level 5:colcon.colcon_core.verb:set package 'can_interfaces' build argument 'ament_cmake_args' from command line to 'None'
[0.731s] Level 5:colcon.colcon_core.verb:set package 'can_interfaces' build argument 'catkin_cmake_args' from command line to 'None'
[0.731s] Level 5:colcon.colcon_core.verb:set package 'can_interfaces' build argument 'catkin_skip_building_tests' from command line to 'False'
[0.731s] DEBUG:colcon.colcon_core.verb:Building package 'can_interfaces' with the following arguments: {'ament_cmake_args': None, 'build_base': '/home/ritvik/Documents/MRT_ROS_WS/build/can_interfaces', 'catkin_cmake_args': None, 'catkin_skip_building_tests': False, 'cmake_args': None, 'cmake_clean_cache': False, 'cmake_clean_first': False, 'cmake_force_configure': False, 'cmake_target': None, 'cmake_target_skip_unavailable': False, 'install_base': '/home/ritvik/Documents/MRT_ROS_WS/install/can_interfaces', 'merge_install': False, 'path': '/home/ritvik/Documents/MRT_ROS_WS/src/can_interfaces', 'symlink_install': False, 'test_result_base': None}
[0.731s] Level 5:colcon.colcon_core.verb:set package 'drive_commands' build argument 'cmake_args' from command line to 'None'
[0.731s] Level 5:colcon.colcon_core.verb:set package 'drive_commands' build argument 'cmake_target' from command line to 'None'
[0.731s] Level 5:colcon.colcon_core.verb:set package 'drive_commands' build argument 'cmake_target_skip_unavailable' from command line to 'False'
[0.731s] Level 5:colcon.colcon_core.verb:set package 'drive_commands' build argument 'cmake_clean_cache' from command line to 'False'
[0.731s] Level 5:colcon.colcon_core.verb:set package 'drive_commands' build argument 'cmake_clean_first' from command line to 'False'
[0.731s] Level 5:colcon.colcon_core.verb:set package 'drive_commands' build argument 'cmake_force_configure' from command line to 'False'
[0.731s] Level 5:colcon.colcon_core.verb:set package 'drive_commands' build argument 'ament_cmake_args' from command line to 'None'
[0.731s] Level 5:colcon.colcon_core.verb:set package 'drive_commands' build argument 'catkin_cmake_args' from command line to 'None'
[0.731s] Level 5:colcon.colcon_core.verb:set package 'drive_commands' build argument 'catkin_skip_building_tests' from command line to 'False'
[0.731s] DEBUG:colcon.colcon_core.verb:Building package 'drive_commands' with the following arguments: {'ament_cmake_args': None, 'build_base': '/home/ritvik/Documents/MRT_ROS_WS/build/drive_commands', 'catkin_cmake_args': None, 'catkin_skip_building_tests': False, 'cmake_args': None, 'cmake_clean_cache': False, 'cmake_clean_first': False, 'cmake_force_configure': False, 'cmake_target': None, 'cmake_target_skip_unavailable': False, 'install_base': '/home/ritvik/Documents/MRT_ROS_WS/install/drive_commands', 'merge_install': False, 'path': '/home/ritvik/Documents/MRT_ROS_WS/src/drive_commands', 'symlink_install': False, 'test_result_base': None}
[0.732s] INFO:colcon.colcon_core.executor:Executing jobs using 'parallel' executor
[0.734s] DEBUG:colcon.colcon_parallel_executor.executor.parallel:run_until_complete
[0.735s] INFO:colcon.colcon_ros.task.ament_python.build:Building ROS package in '/home/ritvik/Documents/MRT_ROS_WS/arm_control' with build type 'ament_python'
[0.735s] Level 1:colcon.colcon_core.shell:create_environment_hook('arm_control', 'ament_prefix_path')
[0.748s] INFO:colcon.colcon_core.plugin_system:Skipping extension 'colcon_core.shell.bat': Not used on non-Windows systems
[0.749s] INFO:colcon.colcon_core.shell:Creating environment hook '/home/ritvik/Documents/MRT_ROS_WS/install/arm_control/share/arm_control/hook/ament_prefix_path.ps1'
[0.750s] INFO:colcon.colcon_core.shell:Creating environment descriptor '/home/ritvik/Documents/MRT_ROS_WS/install/arm_control/share/arm_control/hook/ament_prefix_path.dsv'
[0.751s] INFO:colcon.colcon_core.shell:Creating environment hook '/home/ritvik/Documents/MRT_ROS_WS/install/arm_control/share/arm_control/hook/ament_prefix_path.sh'
[0.753s] INFO:colcon.colcon_core.shell:Skip shell extension 'powershell' for command environment: Not usable outside of PowerShell
[0.753s] DEBUG:colcon.colcon_core.shell:Skip shell extension 'dsv' for command environment
[0.763s] INFO:colcon.colcon_ros.task.ament_python.build:Building ROS package in '/home/ritvik/Documents/MRT_ROS_WS/src/can_controller' with build type 'ament_python'
[0.764s] Level 1:colcon.colcon_core.shell:create_environment_hook('can_controller', 'ament_prefix_path')
[0.764s] INFO:colcon.colcon_core.shell:Creating environment hook '/home/ritvik/Documents/MRT_ROS_WS/install/can_controller/share/can_controller/hook/ament_prefix_path.ps1'
[0.766s] INFO:colcon.colcon_core.shell:Creating environment descriptor '/home/ritvik/Documents/MRT_ROS_WS/install/can_controller/share/can_controller/hook/ament_prefix_path.dsv'
[0.767s] INFO:colcon.colcon_core.shell:Creating environment hook '/home/ritvik/Documents/MRT_ROS_WS/install/can_controller/share/can_controller/hook/ament_prefix_path.sh'
[0.768s] INFO:colcon.colcon_core.shell:Skip shell extension 'powershell' for command environment: Not usable outside of PowerShell
[0.768s] DEBUG:colcon.colcon_core.shell:Skip shell extension 'dsv' for command environment
[0.777s] INFO:colcon.colcon_ros.task.ament_cmake.build:Building ROS package in '/home/ritvik/Documents/MRT_ROS_WS/src/can_interfaces' with build type 'ament_cmake'
[0.778s] INFO:colcon.colcon_cmake.task.cmake.build:Building CMake package in '/home/ritvik/Documents/MRT_ROS_WS/src/can_interfaces'
[0.778s] INFO:colcon.colcon_core.shell:Skip shell extension 'powershell' for command environment: Not usable outside of PowerShell
[0.778s] DEBUG:colcon.colcon_core.shell:Skip shell extension 'dsv' for command environment
[0.788s] INFO:colcon.colcon_ros.task.ament_python.build:Building ROS package in '/home/ritvik/Documents/MRT_ROS_WS/src/drive_commands' with build type 'ament_python'
[0.789s] Level 1:colcon.colcon_core.shell:create_environment_hook('drive_commands', 'ament_prefix_path')
[0.789s] INFO:colcon.colcon_core.shell:Creating environment hook '/home/ritvik/Documents/MRT_ROS_WS/install/drive_commands/share/drive_commands/hook/ament_prefix_path.ps1'
[0.791s] INFO:colcon.colcon_core.shell:Creating environment descriptor '/home/ritvik/Documents/MRT_ROS_WS/install/drive_commands/share/drive_commands/hook/ament_prefix_path.dsv'
[0.792s] INFO:colcon.colcon_core.shell:Creating environment hook '/home/ritvik/Documents/MRT_ROS_WS/install/drive_commands/share/drive_commands/hook/ament_prefix_path.sh'
[0.793s] INFO:colcon.colcon_core.shell:Skip shell extension 'powershell' for command environment: Not usable outside of PowerShell
[0.793s] DEBUG:colcon.colcon_core.shell:Skip shell extension 'dsv' for command environment
[1.280s] INFO:colcon.colcon_core.task.python.build:Building Python package in '/home/ritvik/Documents/MRT_ROS_WS/arm_control'
[1.280s] INFO:colcon.colcon_core.shell:Skip shell extension 'powershell' for command environment: Not usable outside of PowerShell
[1.281s] DEBUG:colcon.colcon_core.shell:Skip shell extension 'dsv' for command environment
[1.736s] INFO:colcon.colcon_core.task.python.build:Building Python package in '/home/ritvik/Documents/MRT_ROS_WS/src/can_controller'
[1.737s] INFO:colcon.colcon_core.shell:Skip shell extension 'powershell' for command environment: Not usable outside of PowerShell
[1.737s] DEBUG:colcon.colcon_core.shell:Skip shell extension 'dsv' for command environment
[1.760s] DEBUG:colcon.colcon_core.event_handler.log_command:Invoking command in '/home/ritvik/Documents/MRT_ROS_WS/build/can_interfaces': CMAKE_PREFIX_PATH=${CMAKE_PREFIX_PATH}:/opt/ros/jazzy DEBUGINFOD_URLS=https://debuginfod.ubuntu.com /usr/bin/cmake --build /home/ritvik/Documents/MRT_ROS_WS/build/can_interfaces -- -j16 -l16
[2.198s] INFO:colcon.colcon_core.task.python.build:Building Python package in '/home/ritvik/Documents/MRT_ROS_WS/src/drive_commands'
[2.198s] INFO:colcon.colcon_core.shell:Skip shell extension 'powershell' for command environment: Not usable outside of PowerShell
[2.198s] DEBUG:colcon.colcon_core.shell:Skip shell extension 'dsv' for command environment
[3.437s] DEBUG:colcon.colcon_core.event_handler.log_command:Invoking command in '/home/ritvik/Documents/MRT_ROS_WS/arm_control': DEBUGINFOD_URLS=https://debuginfod.ubuntu.com PYTHONPATH=/home/ritvik/Documents/MRT_ROS_WS/build/arm_control/prefix_override:/usr/lib/python3/dist-packages/colcon_core/task/python/colcon_distutils_commands:/home/ritvik/Documents/MRT_ROS_WS/install/arm_control/lib/python3.12/site-packages:${PYTHONPATH} /usr/bin/python3 -W ignore:setup.py install is deprecated -W ignore:easy_install command is deprecated setup.py egg_info --egg-base ../build/arm_control build --build-base /home/ritvik/Documents/MRT_ROS_WS/build/arm_control/build install --record /home/ritvik/Documents/MRT_ROS_WS/build/arm_control/install.log --single-version-externally-managed install_data
[3.440s] DEBUG:colcon.colcon_core.event_handler.log_command:Invoking command in '/home/ritvik/Documents/MRT_ROS_WS/src/can_controller': DEBUGINFOD_URLS=https://debuginfod.ubuntu.com PYTHONPATH=/home/ritvik/Documents/MRT_ROS_WS/build/can_controller/prefix_override:/usr/lib/python3/dist-packages/colcon_core/task/python/colcon_distutils_commands:/home/ritvik/Documents/MRT_ROS_WS/install/can_controller/lib/python3.12/site-packages:${PYTHONPATH} /usr/bin/python3 -W ignore:setup.py install is deprecated -W ignore:easy_install command is deprecated setup.py egg_info --egg-base ../../build/can_controller build --build-base /home/ritvik/Documents/MRT_ROS_WS/build/can_controller/build install --record /home/ritvik/Documents/MRT_ROS_WS/build/can_controller/install.log --single-version-externally-managed install_data
[3.480s] DEBUG:colcon.colcon_core.event_handler.log_command:Invoking command in '/home/ritvik/Documents/MRT_ROS_WS/src/drive_commands': DEBUGINFOD_URLS=https://debuginfod.ubuntu.com PYTHONPATH=/home/ritvik/Documents/MRT_ROS_WS/build/drive_commands/prefix_override:/usr/lib/python3/dist-packages/colcon_core/task/python/colcon_distutils_commands:/home/ritvik/Documents/MRT_ROS_WS/install/drive_commands/lib/python3.12/site-packages:${PYTHONPATH} /usr/bin/python3 -W ignore:setup.py install is deprecated -W ignore:easy_install command is deprecated setup.py egg_info --egg-base ../../build/drive_commands build --build-base /home/ritvik/Documents/MRT_ROS_WS/build/drive_commands/build install --record /home/ritvik/Documents/MRT_ROS_WS/build/drive_commands/install.log --single-version-externally-managed install_data
[4.524s] DEBUG:colcon.colcon_core.event_handler.log_command:Invoked command in '/home/ritvik/Documents/MRT_ROS_WS/arm_control' returned '0': DEBUGINFOD_URLS=https://debuginfod.ubuntu.com PYTHONPATH=/home/ritvik/Documents/MRT_ROS_WS/build/arm_control/prefix_override:/usr/lib/python3/dist-packages/colcon_core/task/python/colcon_distutils_commands:/home/ritvik/Documents/MRT_ROS_WS/install/arm_control/lib/python3.12/site-packages:${PYTHONPATH} /usr/bin/python3 -W ignore:setup.py install is deprecated -W ignore:easy_install command is deprecated setup.py egg_info --egg-base ../build/arm_control build --build-base /home/ritvik/Documents/MRT_ROS_WS/build/arm_control/build install --record /home/ritvik/Documents/MRT_ROS_WS/build/arm_control/install.log --single-version-externally-managed install_data
[4.531s] Level 1:colcon.colcon_core.environment:checking '/home/ritvik/Documents/MRT_ROS_WS/install/arm_control' for CMake module files
[4.531s] Level 1:colcon.colcon_core.environment:checking '/home/ritvik/Documents/MRT_ROS_WS/install/arm_control' for CMake config files
[4.532s] Level 1:colcon.colcon_core.environment:checking '/home/ritvik/Documents/MRT_ROS_WS/install/arm_control/lib'
[4.533s] Level 1:colcon.colcon_core.environment:checking '/home/ritvik/Documents/MRT_ROS_WS/install/arm_control/bin'
[4.533s] Level 1:colcon.colcon_core.environment:checking '/home/ritvik/Documents/MRT_ROS_WS/install/arm_control/lib/pkgconfig/arm_control.pc'
[4.533s] Level 1:colcon.colcon_core.environment:checking '/home/ritvik/Documents/MRT_ROS_WS/install/arm_control/lib/python3.12/site-packages'
[4.533s] Level 1:colcon.colcon_core.shell:create_environment_hook('arm_control', 'pythonpath')
[4.533s] INFO:colcon.colcon_core.shell:Creating environment hook '/home/ritvik/Documents/MRT_ROS_WS/install/arm_control/share/arm_control/hook/pythonpath.ps1'
[4.534s] INFO:colcon.colcon_core.shell:Creating environment descriptor '/home/ritvik/Documents/MRT_ROS_WS/install/arm_control/share/arm_control/hook/pythonpath.dsv'
[4.535s] INFO:colcon.colcon_core.shell:Creating environment hook '/home/ritvik/Documents/MRT_ROS_WS/install/arm_control/share/arm_control/hook/pythonpath.sh'
[4.536s] Level 1:colcon.colcon_core.environment:checking '/home/ritvik/Documents/MRT_ROS_WS/install/arm_control/bin'
[4.536s] Level 1:colcon.colcon_core.environment:create_environment_scripts_only(arm_control)
[4.537s] INFO:colcon.colcon_core.shell:Creating package script '/home/ritvik/Documents/MRT_ROS_WS/install/arm_control/share/arm_control/package.ps1'
[4.539s] INFO:colcon.colcon_core.shell:Creating package descriptor '/home/ritvik/Documents/MRT_ROS_WS/install/arm_control/share/arm_control/package.dsv'
[4.540s] INFO:colcon.colcon_core.shell:Creating package script '/home/ritvik/Documents/MRT_ROS_WS/install/arm_control/share/arm_control/package.sh'
[4.541s] INFO:colcon.colcon_core.shell:Creating package script '/home/ritvik/Documents/MRT_ROS_WS/install/arm_control/share/arm_control/package.bash'
[4.542s] INFO:colcon.colcon_core.shell:Creating package script '/home/ritvik/Documents/MRT_ROS_WS/install/arm_control/share/arm_control/package.zsh'
[4.543s] Level 1:colcon.colcon_core.environment:create_file_with_runtime_dependencies(/home/ritvik/Documents/MRT_ROS_WS/install/arm_control/share/colcon-core/packages/arm_control)
[4.556s] Level 1:colcon.colcon_core.environment:checking '/home/ritvik/Documents/MRT_ROS_WS/install/drive_commands' for CMake module files
[4.558s] DEBUG:colcon.colcon_core.event_handler.log_command:Invoked command in '/home/ritvik/Documents/MRT_ROS_WS/src/drive_commands' returned '0': DEBUGINFOD_URLS=https://debuginfod.ubuntu.com PYTHONPATH=/home/ritvik/Documents/MRT_ROS_WS/build/drive_commands/prefix_override:/usr/lib/python3/dist-packages/colcon_core/task/python/colcon_distutils_commands:/home/ritvik/Documents/MRT_ROS_WS/install/drive_commands/lib/python3.12/site-packages:${PYTHONPATH} /usr/bin/python3 -W ignore:setup.py install is deprecated -W ignore:easy_install command is deprecated setup.py egg_info --egg-base ../../build/drive_commands build --build-base /home/ritvik/Documents/MRT_ROS_WS/build/drive_commands/build install --record /home/ritvik/Documents/MRT_ROS_WS/build/drive_commands/install.log --single-version-externally-managed install_data
[4.559s] Level 1:colcon.colcon_core.environment:checking '/home/ritvik/Documents/MRT_ROS_WS/install/drive_commands' for CMake config files
[4.560s] Level 1:colcon.colcon_core.environment:checking '/home/ritvik/Documents/MRT_ROS_WS/install/drive_commands/lib'
[4.560s] Level 1:colcon.colcon_core.environment:checking '/home/ritvik/Documents/MRT_ROS_WS/install/drive_commands/bin'
[4.560s] Level 1:colcon.colcon_core.environment:checking '/home/ritvik/Documents/MRT_ROS_WS/install/drive_commands/lib/pkgconfig/drive_commands.pc'
[4.561s] Level 1:colcon.colcon_core.environment:checking '/home/ritvik/Documents/MRT_ROS_WS/install/drive_commands/lib/python3.12/site-packages'
[4.561s] Level 1:colcon.colcon_core.shell:create_environment_hook('drive_commands', 'pythonpath')
[4.561s] INFO:colcon.colcon_core.shell:Creating environment hook '/home/ritvik/Documents/MRT_ROS_WS/install/drive_commands/share/drive_commands/hook/pythonpath.ps1'
[4.562s] INFO:colcon.colcon_core.shell:Creating environment descriptor '/home/ritvik/Documents/MRT_ROS_WS/install/drive_commands/share/drive_commands/hook/pythonpath.dsv'
[4.563s] INFO:colcon.colcon_core.shell:Creating environment hook '/home/ritvik/Documents/MRT_ROS_WS/install/drive_commands/share/drive_commands/hook/pythonpath.sh'
[4.564s] Level 1:colcon.colcon_core.environment:checking '/home/ritvik/Documents/MRT_ROS_WS/install/drive_commands/bin'
[4.564s] Level 1:colcon.colcon_core.environment:create_environment_scripts_only(drive_commands)
[4.564s] INFO:colcon.colcon_core.shell:Creating package script '/home/ritvik/Documents/MRT_ROS_WS/install/drive_commands/share/drive_commands/package.ps1'
[4.565s] INFO:colcon.colcon_core.shell:Creating package descriptor '/home/ritvik/Documents/MRT_ROS_WS/install/drive_commands/share/drive_commands/package.dsv'
[4.566s] INFO:colcon.colcon_core.shell:Creating package script '/home/ritvik/Documents/MRT_ROS_WS/install/drive_commands/share/drive_commands/package.sh'
[4.566s] INFO:colcon.colcon_core.shell:Creating package script '/home/ritvik/Documents/MRT_ROS_WS/install/drive_commands/share/drive_commands/package.bash'
[4.567s] INFO:colcon.colcon_core.shell:Creating package script '/home/ritvik/Documents/MRT_ROS_WS/install/drive_commands/share/drive_commands/package.zsh'
[4.567s] Level 1:colcon.colcon_core.environment:create_file_with_runtime_dependencies(/home/ritvik/Documents/MRT_ROS_WS/install/drive_commands/share/colcon-core/packages/drive_commands)
[4.602s] Level 1:colcon.colcon_core.environment:checking '/home/ritvik/Documents/MRT_ROS_WS/install/can_controller' for CMake module files
[4.603s] DEBUG:colcon.colcon_core.event_handler.log_command:Invoked command in '/home/ritvik/Documents/MRT_ROS_WS/src/can_controller' returned '0': DEBUGINFOD_URLS=https://debuginfod.ubuntu.com PYTHONPATH=/home/ritvik/Documents/MRT_ROS_WS/build/can_controller/prefix_override:/usr/lib/python3/dist-packages/colcon_core/task/python/colcon_distutils_commands:/home/ritvik/Documents/MRT_ROS_WS/install/can_controller/lib/python3.12/site-packages:${PYTHONPATH} /usr/bin/python3 -W ignore:setup.py install is deprecated -W ignore:easy_install command is deprecated setup.py egg_info --egg-base ../../build/can_controller build --build-base /home/ritvik/Documents/MRT_ROS_WS/build/can_controller/build install --record /home/ritvik/Documents/MRT_ROS_WS/build/can_controller/install.log --single-version-externally-managed install_data
[4.604s] Level 1:colcon.colcon_core.environment:checking '/home/ritvik/Documents/MRT_ROS_WS/install/can_controller' for CMake config files
[4.605s] Level 1:colcon.colcon_core.environment:checking '/home/ritvik/Documents/MRT_ROS_WS/install/can_controller/lib'
[4.605s] Level 1:colcon.colcon_core.environment:checking '/home/ritvik/Documents/MRT_ROS_WS/install/can_controller/bin'
[4.605s] Level 1:colcon.colcon_core.environment:checking '/home/ritvik/Documents/MRT_ROS_WS/install/can_controller/lib/pkgconfig/can_controller.pc'
[4.606s] Level 1:colcon.colcon_core.environment:checking '/home/ritvik/Documents/MRT_ROS_WS/install/can_controller/lib/python3.12/site-packages'
[4.606s] Level 1:colcon.colcon_core.shell:create_environment_hook('can_controller', 'pythonpath')
[4.606s] INFO:colcon.colcon_core.shell:Creating environment hook '/home/ritvik/Documents/MRT_ROS_WS/install/can_controller/share/can_controller/hook/pythonpath.ps1'
[4.607s] INFO:colcon.colcon_core.shell:Creating environment descriptor '/home/ritvik/Documents/MRT_ROS_WS/install/can_controller/share/can_controller/hook/pythonpath.dsv'
[4.608s] INFO:colcon.colcon_core.shell:Creating environment hook '/home/ritvik/Documents/MRT_ROS_WS/install/can_controller/share/can_controller/hook/pythonpath.sh'
[4.609s] Level 1:colcon.colcon_core.environment:checking '/home/ritvik/Documents/MRT_ROS_WS/install/can_controller/bin'
[4.609s] Level 1:colcon.colcon_core.environment:create_environment_scripts_only(can_controller)
[4.609s] INFO:colcon.colcon_core.shell:Creating package script '/home/ritvik/Documents/MRT_ROS_WS/install/can_controller/share/can_controller/package.ps1'
[4.610s] INFO:colcon.colcon_core.shell:Creating package descriptor '/home/ritvik/Documents/MRT_ROS_WS/install/can_controller/share/can_controller/package.dsv'
[4.610s] INFO:colcon.colcon_core.shell:Creating package script '/home/ritvik/Documents/MRT_ROS_WS/install/can_controller/share/can_controller/package.sh'
[4.611s] INFO:colcon.colcon_core.shell:Creating package script '/home/ritvik/Documents/MRT_ROS_WS/install/can_controller/share/can_controller/package.bash'
[4.611s] INFO:colcon.colcon_core.shell:Creating package script '/home/ritvik/Documents/MRT_ROS_WS/install/can_controller/share/can_controller/package.zsh'
[4.612s] Level 1:colcon.colcon_core.environment:create_file_with_runtime_dependencies(/home/ritvik/Documents/MRT_ROS_WS/install/can_controller/share/colcon-core/packages/can_controller)
[9.347s] DEBUG:colcon.colcon_core.event_handler.log_command:Invoked command in '/home/ritvik/Documents/MRT_ROS_WS/build/can_interfaces' returned '0': CMAKE_PREFIX_PATH=${CMAKE_PREFIX_PATH}:/opt/ros/jazzy DEBUGINFOD_URLS=https://debuginfod.ubuntu.com /usr/bin/cmake --build /home/ritvik/Documents/MRT_ROS_WS/build/can_interfaces -- -j16 -l16
[9.361s] DEBUG:colcon.colcon_core.event_handler.log_command:Invoking command in '/home/ritvik/Documents/MRT_ROS_WS/build/can_interfaces': CMAKE_PREFIX_PATH=${CMAKE_PREFIX_PATH}:/opt/ros/jazzy DEBUGINFOD_URLS=https://debuginfod.ubuntu.com /usr/bin/cmake --install /home/ritvik/Documents/MRT_ROS_WS/build/can_interfaces
[9.472s] Level 1:colcon.colcon_core.environment:create_environment_scripts_only(can_interfaces)
[9.472s] Level 1:colcon.colcon_core.environment:checking '/home/ritvik/Documents/MRT_ROS_WS/install/can_interfaces' for CMake module files
[9.473s] DEBUG:colcon.colcon_core.event_handler.log_command:Invoked command in '/home/ritvik/Documents/MRT_ROS_WS/build/can_interfaces' returned '0': CMAKE_PREFIX_PATH=${CMAKE_PREFIX_PATH}:/opt/ros/jazzy DEBUGINFOD_URLS=https://debuginfod.ubuntu.com /usr/bin/cmake --install /home/ritvik/Documents/MRT_ROS_WS/build/can_interfaces
[9.474s] Level 1:colcon.colcon_core.environment:checking '/home/ritvik/Documents/MRT_ROS_WS/install/can_interfaces' for CMake config files
[9.475s] Level 1:colcon.colcon_core.shell:create_environment_hook('can_interfaces', 'cmake_prefix_path')
[9.475s] INFO:colcon.colcon_core.shell:Creating environment hook '/home/ritvik/Documents/MRT_ROS_WS/install/can_interfaces/share/can_interfaces/hook/cmake_prefix_path.ps1'
[9.477s] INFO:colcon.colcon_core.shell:Creating environment descriptor '/home/ritvik/Documents/MRT_ROS_WS/install/can_interfaces/share/can_interfaces/hook/cmake_prefix_path.dsv'
[9.479s] INFO:colcon.colcon_core.shell:Creating environment hook '/home/ritvik/Documents/MRT_ROS_WS/install/can_interfaces/share/can_interfaces/hook/cmake_prefix_path.sh'
[9.480s] Level 1:colcon.colcon_core.environment:checking '/home/ritvik/Documents/MRT_ROS_WS/install/can_interfaces/lib'
[9.480s] Level 1:colcon.colcon_core.shell:create_environment_hook('can_interfaces', 'ld_library_path_lib')
[9.480s] INFO:colcon.colcon_core.shell:Creating environment hook '/home/ritvik/Documents/MRT_ROS_WS/install/can_interfaces/share/can_interfaces/hook/ld_library_path_lib.ps1'
[9.480s] INFO:colcon.colcon_core.shell:Creating environment descriptor '/home/ritvik/Documents/MRT_ROS_WS/install/can_interfaces/share/can_interfaces/hook/ld_library_path_lib.dsv'
[9.481s] INFO:colcon.colcon_core.shell:Creating environment hook '/home/ritvik/Documents/MRT_ROS_WS/install/can_interfaces/share/can_interfaces/hook/ld_library_path_lib.sh'
[9.481s] Level 1:colcon.colcon_core.environment:checking '/home/ritvik/Documents/MRT_ROS_WS/install/can_interfaces/bin'
[9.481s] Level 1:colcon.colcon_core.environment:checking '/home/ritvik/Documents/MRT_ROS_WS/install/can_interfaces/lib/pkgconfig/can_interfaces.pc'
[9.482s] Level 1:colcon.colcon_core.environment:checking '/home/ritvik/Documents/MRT_ROS_WS/install/can_interfaces/lib/python3.12/site-packages'
[9.482s] Level 1:colcon.colcon_core.shell:create_environment_hook('can_interfaces', 'pythonpath')
[9.482s] INFO:colcon.colcon_core.shell:Creating environment hook '/home/ritvik/Documents/MRT_ROS_WS/install/can_interfaces/share/can_interfaces/hook/pythonpath.ps1'
[9.482s] INFO:colcon.colcon_core.shell:Creating environment descriptor '/home/ritvik/Documents/MRT_ROS_WS/install/can_interfaces/share/can_interfaces/hook/pythonpath.dsv'
[9.483s] INFO:colcon.colcon_core.shell:Creating environment hook '/home/ritvik/Documents/MRT_ROS_WS/install/can_interfaces/share/can_interfaces/hook/pythonpath.sh'
[9.483s] Level 1:colcon.colcon_core.environment:checking '/home/ritvik/Documents/MRT_ROS_WS/install/can_interfaces/bin'
[9.483s] INFO:colcon.colcon_core.shell:Creating package script '/home/ritvik/Documents/MRT_ROS_WS/install/can_interfaces/share/can_interfaces/package.ps1'
[9.484s] INFO:colcon.colcon_core.shell:Creating package descriptor '/home/ritvik/Documents/MRT_ROS_WS/install/can_interfaces/share/can_interfaces/package.dsv'
[9.484s] INFO:colcon.colcon_core.shell:Creating package script '/home/ritvik/Documents/MRT_ROS_WS/install/can_interfaces/share/can_interfaces/package.sh'
[9.485s] INFO:colcon.colcon_core.shell:Creating package script '/home/ritvik/Documents/MRT_ROS_WS/install/can_interfaces/share/can_interfaces/package.bash'
[9.485s] INFO:colcon.colcon_core.shell:Creating package script '/home/ritvik/Documents/MRT_ROS_WS/install/can_interfaces/share/can_interfaces/package.zsh'
[9.486s] Level 1:colcon.colcon_core.environment:create_file_with_runtime_dependencies(/home/ritvik/Documents/MRT_ROS_WS/install/can_interfaces/share/colcon-core/packages/can_interfaces)
[9.486s] Level 1:colcon.colcon_core.environment:create_environment_scripts_only(can_interfaces)
[9.486s] Level 1:colcon.colcon_core.environment:checking '/home/ritvik/Documents/MRT_ROS_WS/install/can_interfaces' for CMake module files
[9.487s] Level 1:colcon.colcon_core.environment:checking '/home/ritvik/Documents/MRT_ROS_WS/install/can_interfaces' for CMake config files
[9.487s] Level 1:colcon.colcon_core.shell:create_environment_hook('can_interfaces', 'cmake_prefix_path')
[9.487s] INFO:colcon.colcon_core.shell:Creating environment hook '/home/ritvik/Documents/MRT_ROS_WS/install/can_interfaces/share/can_interfaces/hook/cmake_prefix_path.ps1'
[9.488s] INFO:colcon.colcon_core.shell:Creating environment descriptor '/home/ritvik/Documents/MRT_ROS_WS/install/can_interfaces/share/can_interfaces/hook/cmake_prefix_path.dsv'
[9.488s] INFO:colcon.colcon_core.shell:Creating environment hook '/home/ritvik/Documents/MRT_ROS_WS/install/can_interfaces/share/can_interfaces/hook/cmake_prefix_path.sh'
[9.489s] Level 1:colcon.colcon_core.environment:checking '/home/ritvik/Documents/MRT_ROS_WS/install/can_interfaces/lib'
[9.489s] Level 1:colcon.colcon_core.shell:create_environment_hook('can_interfaces', 'ld_library_path_lib')
[9.489s] INFO:colcon.colcon_core.shell:Creating environment hook '/home/ritvik/Documents/MRT_ROS_WS/install/can_interfaces/share/can_interfaces/hook/ld_library_path_lib.ps1'
[9.489s] INFO:colcon.colcon_core.shell:Creating environment descriptor '/home/ritvik/Documents/MRT_ROS_WS/install/can_interfaces/share/can_interfaces/hook/ld_library_path_lib.dsv'
[9.490s] INFO:colcon.colcon_core.shell:Creating environment hook '/home/ritvik/Documents/MRT_ROS_WS/install/can_interfaces/share/can_interfaces/hook/ld_library_path_lib.sh'
[9.490s] Level 1:colcon.colcon_core.environment:checking '/home/ritvik/Documents/MRT_ROS_WS/install/can_interfaces/bin'
[9.490s] Level 1:colcon.colcon_core.environment:checking '/home/ritvik/Documents/MRT_ROS_WS/install/can_interfaces/lib/pkgconfig/can_interfaces.pc'
[9.490s] Level 1:colcon.colcon_core.environment:checking '/home/ritvik/Documents/MRT_ROS_WS/install/can_interfaces/lib/python3.12/site-packages'
[9.490s] Level 1:colcon.colcon_core.shell:create_environment_hook('can_interfaces', 'pythonpath')
[9.490s] INFO:colcon.colcon_core.shell:Creating environment hook '/home/ritvik/Documents/MRT_ROS_WS/install/can_interfaces/share/can_interfaces/hook/pythonpath.ps1'
[9.491s] INFO:colcon.colcon_core.shell:Creating environment descriptor '/home/ritvik/Documents/MRT_ROS_WS/install/can_interfaces/share/can_interfaces/hook/pythonpath.dsv'
[9.491s] INFO:colcon.colcon_core.shell:Creating environment hook '/home/ritvik/Documents/MRT_ROS_WS/install/can_interfaces/share/can_interfaces/hook/pythonpath.sh'
[9.492s] Level 1:colcon.colcon_core.environment:checking '/home/ritvik/Documents/MRT_ROS_WS/install/can_interfaces/bin'
[9.492s] INFO:colcon.colcon_core.shell:Creating package script '/home/ritvik/Documents/MRT_ROS_WS/install/can_interfaces/share/can_interfaces/package.ps1'
[9.492s] INFO:colcon.colcon_core.shell:Creating package descriptor '/home/ritvik/Documents/MRT_ROS_WS/install/can_interfaces/share/can_interfaces/package.dsv'
[9.493s] INFO:colcon.colcon_core.shell:Creating package script '/home/ritvik/Documents/MRT_ROS_WS/install/can_interfaces/share/can_interfaces/package.sh'
[9.494s] INFO:colcon.colcon_core.shell:Creating package script '/home/ritvik/Documents/MRT_ROS_WS/install/can_interfaces/share/can_interfaces/package.bash'
[9.494s] INFO:colcon.colcon_core.shell:Creating package script '/home/ritvik/Documents/MRT_ROS_WS/install/can_interfaces/share/can_interfaces/package.zsh'
[9.494s] Level 1:colcon.colcon_core.environment:create_file_with_runtime_dependencies(/home/ritvik/Documents/MRT_ROS_WS/install/can_interfaces/share/colcon-core/packages/can_interfaces)
[9.495s] DEBUG:colcon.colcon_parallel_executor.executor.parallel:closing loop
[9.495s] DEBUG:colcon.colcon_parallel_executor.executor.parallel:loop closed
[9.495s] DEBUG:colcon.colcon_parallel_executor.executor.parallel:run_until_complete finished with '0'
[9.495s] DEBUG:colcon.colcon_core.event_reactor:joining thread
[9.507s] INFO:colcon.colcon_core.plugin_system:Skipping extension 'colcon_notification.desktop_notification.terminal_notifier': Not used on non-Darwin systems
[9.508s] INFO:colcon.colcon_core.plugin_system:Skipping extension 'colcon_notification.desktop_notification.win32': Not used on non-Windows systems
[9.508s] INFO:colcon.colcon_notification.desktop_notification:Sending desktop notification using 'notify2'
[9.525s] DEBUG:colcon.colcon_core.event_reactor:joined thread
[9.525s] INFO:colcon.colcon_core.shell:Creating prefix script '/home/ritvik/Documents/MRT_ROS_WS/install/local_setup.ps1'
[9.527s] INFO:colcon.colcon_core.shell:Creating prefix util module '/home/ritvik/Documents/MRT_ROS_WS/install/_local_setup_util_ps1.py'
[9.528s] INFO:colcon.colcon_core.shell:Creating prefix chain script '/home/ritvik/Documents/MRT_ROS_WS/install/setup.ps1'
[9.530s] INFO:colcon.colcon_core.shell:Creating prefix script '/home/ritvik/Documents/MRT_ROS_WS/install/local_setup.sh'
[9.530s] INFO:colcon.colcon_core.shell:Creating prefix util module '/home/ritvik/Documents/MRT_ROS_WS/install/_local_setup_util_sh.py'
[9.531s] INFO:colcon.colcon_core.shell:Creating prefix chain script '/home/ritvik/Documents/MRT_ROS_WS/install/setup.sh'
[9.532s] INFO:colcon.colcon_core.shell:Creating prefix script '/home/ritvik/Documents/MRT_ROS_WS/install/local_setup.bash'
[9.533s] INFO:colcon.colcon_core.shell:Creating prefix chain script '/home/ritvik/Documents/MRT_ROS_WS/install/setup.bash'
[9.534s] INFO:colcon.colcon_core.shell:Creating prefix script '/home/ritvik/Documents/MRT_ROS_WS/install/local_setup.zsh'
[9.534s] INFO:colcon.colcon_core.shell:Creating prefix chain script '/home/ritvik/Documents/MRT_ROS_WS/install/setup.zsh'
