running egg_info
writing ../../build/can_controller/can_controller.egg-info/PKG-INFO
writing dependency_links to ../../build/can_controller/can_controller.egg-info/dependency_links.txt
writing entry points to ../../build/can_controller/can_controller.egg-info/entry_points.txt
writing requirements to ../../build/can_controller/can_controller.egg-info/requires.txt
writing top-level names to ../../build/can_controller/can_controller.egg-info/top_level.txt
reading manifest file '../../build/can_controller/can_controller.egg-info/SOURCES.txt'
writing manifest file '../../build/can_controller/can_controller.egg-info/SOURCES.txt'
running build
running build_py
copying can_controller/arbitration_id.py -> /home/ritvik/Documents/MRT_ROS_WS/build/can_controller/build/lib/can_controller
copying can_controller/can_controller.py -> /home/ritvik/Documents/MRT_ROS_WS/build/can_controller/build/lib/can_controller
running install
running install_lib
copying /home/ritvik/Documents/MRT_ROS_WS/build/can_controller/build/lib/can_controller/arbitration_id.py -> /home/ritvik/Documents/MRT_ROS_WS/install/can_controller/lib/python3.12/site-packages/can_controller
copying /home/ritvik/Documents/MRT_ROS_WS/build/can_controller/build/lib/can_controller/can_controller.py -> /home/ritvik/Documents/MRT_ROS_WS/install/can_controller/lib/python3.12/site-packages/can_controller
byte-compiling /home/ritvik/Documents/MRT_ROS_WS/install/can_controller/lib/python3.12/site-packages/can_controller/arbitration_id.py to arbitration_id.cpython-312.pyc
byte-compiling /home/ritvik/Documents/MRT_ROS_WS/install/can_controller/lib/python3.12/site-packages/can_controller/can_controller.py to can_controller.cpython-312.pyc
running install_data
running install_egg_info
removing '/home/ritvik/Documents/MRT_ROS_WS/install/can_controller/lib/python3.12/site-packages/can_controller-0.0.0-py3.12.egg-info' (and everything under it)
Copying ../../build/can_controller/can_controller.egg-info to /home/ritvik/Documents/MRT_ROS_WS/install/can_controller/lib/python3.12/site-packages/can_controller-0.0.0-py3.12.egg-info
running install_scripts
Installing can_controller script to /home/ritvik/Documents/MRT_ROS_WS/install/can_controller/lib/can_controller
writing list of installed files to '/home/ritvik/Documents/MRT_ROS_WS/build/can_controller/install.log'
