[0.547s] Invoking command in '/home/ritvik/Documents/MRT_ROS_WS/build/can_interfaces': CMAKE_PREFIX_PATH=${CMAKE_PREFIX_PATH}:/opt/ros/jazzy DEBUGINFOD_URLS=https://debuginfod.ubuntu.com /usr/bin/cmake --build /home/ritvik/Documents/MRT_ROS_WS/build/can_interfaces -- -j16 -l16
[0.620s] -- Found ament_cmake: 2.5.6 (/opt/ros/jazzy/share/ament_cmake/cmake)
[0.874s] -- Found rosidl_default_generators: 1.6.0 (/opt/ros/jazzy/share/rosidl_default_generators/cmake)
[0.879s] -- Using all available rosidl_typesupport_c: rosidl_typesupport_fastrtps_c;rosidl_typesupport_introspection_c
[0.961s] -- Using all available rosidl_typesupport_cpp: rosidl_typesupport_fastrtps_cpp;rosidl_typesupport_introspection_cpp
[1.036s] -- Found rosidl_adapter: 4.6.7 (/opt/ros/jazzy/share/rosidl_adapter/cmake)
[1.693s] -- Found ament_cmake_ros: 0.12.0 (/opt/ros/jazzy/share/ament_cmake_ros/cmake)
[1.895s] -- Using all available rosidl_typesupport_c: rosidl_typesupport_fastrtps_c;rosidl_typesupport_introspection_c
[2.149s] -- Using all available rosidl_typesupport_cpp: rosidl_typesupport_fastrtps_cpp;rosidl_typesupport_introspection_cpp
[2.153s] -- Found python_cmake_module: 0.11.1 (/opt/ros/jazzy/share/python_cmake_module/cmake)
[2.841s] -- Found Python3: /usr/bin/python3 (found version "3.12.3") found components: Interpreter Development NumPy Development.Module Development.Embed 
[2.928s] -- Found Python3: /usr/bin/python3 (found version "3.12.3") found components: Interpreter 
[3.173s] [31mCMake Error at /opt/ros/jazzy/share/rosidl_cmake/cmake/rosidl_generate_interfaces.cmake:207 (add_custom_target):
[3.174s]   add_custom_target cannot create target "can_interfaces" because another
[3.174s]   target with the same name already exists.  The existing target is a custom
[3.174s]   target created in source directory
[3.174s]   "/home/ritvik/Documents/MRT_ROS_WS/src/can_interfaces".  See documentation
[3.174s]   for policy CMP0002 for more details.
[3.174s] Call Stack (most recent call first):
[3.175s]   CMakeLists.txt:20 (rosidl_generate_interfaces)
[3.175s] 
[3.175s] [0m
[3.175s] -- Found ament_lint_auto: 0.17.5 (/opt/ros/jazzy/share/ament_lint_auto/cmake)
[3.213s] -- Added test 'lint_cmake' to check CMake code style
[3.215s] -- Added test 'xmllint' to check XML markup files
[3.218s] -- Configuring incomplete, errors occurred!
[3.231s] gmake: *** [Makefile:829: cmake_check_build_system] Error 1
[3.236s] Invoked command in '/home/ritvik/Documents/MRT_ROS_WS/build/can_interfaces' returned '2': CMAKE_PREFIX_PATH=${CMAKE_PREFIX_PATH}:/opt/ros/jazzy DEBUGINFOD_URLS=https://debuginfod.ubuntu.com /usr/bin/cmake --build /home/ritvik/Documents/MRT_ROS_WS/build/can_interfaces -- -j16 -l16
