[  4%] Built target can_interfaces__rs
[  4%] Built target can_interfaces__rosidl_generator_type_description
[  4%] Built target ament_cmake_python_copy_can_interfaces
[  6%] Built target can_interfaces__cpp
[ 24%] Built target can_interfaces__rosidl_generator_c
[ 60%] Built target can_interfaces__rosidl_typesupport_introspection_cpp
[ 60%] Built target can_interfaces__rosidl_typesupport_cpp
[ 60%] Built target can_interfaces__rosidl_typesupport_fastrtps_c
[ 60%] Built target can_interfaces__rosidl_typesupport_introspection_c
[ 68%] Built target can_interfaces__rosidl_typesupport_c
[ 77%] Built target can_interfaces__rosidl_typesupport_fastrtps_cpp
[ 77%] Built target can_interfaces
[ 80%] Built target can_interfaces__py
[ 86%] Built target can_interfaces__rosidl_generator_py
[100%] Built target can_interfaces_s__rosidl_typesupport_c
[100%] Built target can_interfaces_s__rosidl_typesupport_introspection_c
[100%] Built target can_interfaces_s__rosidl_typesupport_fastrtps_c
running egg_info
writing can_interfaces.egg-info/PKG-INFO
writing dependency_links to can_interfaces.egg-info/dependency_links.txt
writing top-level names to can_interfaces.egg-info/top_level.txt
reading manifest file 'can_interfaces.egg-info/SOURCES.txt'
writing manifest file 'can_interfaces.egg-info/SOURCES.txt'
[100%] Built target ament_cmake_python_build_can_interfaces_egg
-- Install configuration: ""
-- Up-to-date: /home/ritvik/Documents/MRT_ROS_WS/install/can_interfaces/share/ament_index/resource_index/rosidl_interfaces/can_interfaces
-- Up-to-date: /home/ritvik/Documents/MRT_ROS_WS/install/can_interfaces/share/can_interfaces/msg/DriveCommand.json
-- Up-to-date: /home/ritvik/Documents/MRT_ROS_WS/install/can_interfaces/share/can_interfaces/msg/CANQueue.json
-- Up-to-date: /home/ritvik/Documents/MRT_ROS_WS/install/can_interfaces/include/can_interfaces/can_interfaces
-- Up-to-date: /home/ritvik/Documents/MRT_ROS_WS/install/can_interfaces/include/can_interfaces/can_interfaces/msg
-- Up-to-date: /home/ritvik/Documents/MRT_ROS_WS/install/can_interfaces/include/can_interfaces/can_interfaces/msg/can_queue.h
-- Up-to-date: /home/ritvik/Documents/MRT_ROS_WS/install/can_interfaces/include/can_interfaces/can_interfaces/msg/detail
-- Up-to-date: /home/ritvik/Documents/MRT_ROS_WS/install/can_interfaces/include/can_interfaces/can_interfaces/msg/detail/can_queue__struct.h
-- Up-to-date: /home/ritvik/Documents/MRT_ROS_WS/install/can_interfaces/include/can_interfaces/can_interfaces/msg/detail/can_queue__functions.c
-- Up-to-date: /home/ritvik/Documents/MRT_ROS_WS/install/can_interfaces/include/can_interfaces/can_interfaces/msg/detail/drive_command__functions.c
-- Up-to-date: /home/ritvik/Documents/MRT_ROS_WS/install/can_interfaces/include/can_interfaces/can_interfaces/msg/detail/can_queue__type_support.c
-- Up-to-date: /home/ritvik/Documents/MRT_ROS_WS/install/can_interfaces/include/can_interfaces/can_interfaces/msg/detail/drive_command__struct.h
-- Up-to-date: /home/ritvik/Documents/MRT_ROS_WS/install/can_interfaces/include/can_interfaces/can_interfaces/msg/detail/can_queue__functions.h
-- Up-to-date: /home/ritvik/Documents/MRT_ROS_WS/install/can_interfaces/include/can_interfaces/can_interfaces/msg/detail/drive_command__description.c
-- Up-to-date: /home/ritvik/Documents/MRT_ROS_WS/install/can_interfaces/include/can_interfaces/can_interfaces/msg/detail/can_queue__description.c
-- Up-to-date: /home/ritvik/Documents/MRT_ROS_WS/install/can_interfaces/include/can_interfaces/can_interfaces/msg/detail/drive_command__type_support.h
-- Up-to-date: /home/ritvik/Documents/MRT_ROS_WS/install/can_interfaces/include/can_interfaces/can_interfaces/msg/detail/drive_command__functions.h
-- Up-to-date: /home/ritvik/Documents/MRT_ROS_WS/install/can_interfaces/include/can_interfaces/can_interfaces/msg/detail/drive_command__type_support.c
-- Up-to-date: /home/ritvik/Documents/MRT_ROS_WS/install/can_interfaces/include/can_interfaces/can_interfaces/msg/detail/can_queue__type_support.h
-- Up-to-date: /home/ritvik/Documents/MRT_ROS_WS/install/can_interfaces/include/can_interfaces/can_interfaces/msg/rosidl_generator_c__visibility_control.h
-- Up-to-date: /home/ritvik/Documents/MRT_ROS_WS/install/can_interfaces/include/can_interfaces/can_interfaces/msg/drive_command.h
-- Up-to-date: /home/ritvik/Documents/MRT_ROS_WS/install/can_interfaces/share/can_interfaces/environment/library_path.sh
-- Up-to-date: /home/ritvik/Documents/MRT_ROS_WS/install/can_interfaces/share/can_interfaces/environment/library_path.dsv
-- Up-to-date: /home/ritvik/Documents/MRT_ROS_WS/install/can_interfaces/lib/libcan_interfaces__rosidl_generator_c.so
-- Up-to-date: /home/ritvik/Documents/MRT_ROS_WS/install/can_interfaces/include/can_interfaces/can_interfaces
-- Up-to-date: /home/ritvik/Documents/MRT_ROS_WS/install/can_interfaces/include/can_interfaces/can_interfaces/msg
-- Up-to-date: /home/ritvik/Documents/MRT_ROS_WS/install/can_interfaces/include/can_interfaces/can_interfaces/msg/detail
-- Up-to-date: /home/ritvik/Documents/MRT_ROS_WS/install/can_interfaces/include/can_interfaces/can_interfaces/msg/detail/drive_command__rosidl_typesupport_fastrtps_c.h
-- Up-to-date: /home/ritvik/Documents/MRT_ROS_WS/install/can_interfaces/include/can_interfaces/can_interfaces/msg/detail/can_queue__rosidl_typesupport_fastrtps_c.h
-- Up-to-date: /home/ritvik/Documents/MRT_ROS_WS/install/can_interfaces/include/can_interfaces/can_interfaces/msg/rosidl_typesupport_fastrtps_c__visibility_control.h
-- Up-to-date: /home/ritvik/Documents/MRT_ROS_WS/install/can_interfaces/lib/libcan_interfaces__rosidl_typesupport_fastrtps_c.so
-- Up-to-date: /home/ritvik/Documents/MRT_ROS_WS/install/can_interfaces/include/can_interfaces/can_interfaces
-- Up-to-date: /home/ritvik/Documents/MRT_ROS_WS/install/can_interfaces/include/can_interfaces/can_interfaces/msg
-- Up-to-date: /home/ritvik/Documents/MRT_ROS_WS/install/can_interfaces/include/can_interfaces/can_interfaces/msg/detail
-- Up-to-date: /home/ritvik/Documents/MRT_ROS_WS/install/can_interfaces/include/can_interfaces/can_interfaces/msg/detail/can_queue__type_support.c
-- Up-to-date: /home/ritvik/Documents/MRT_ROS_WS/install/can_interfaces/include/can_interfaces/can_interfaces/msg/detail/can_queue__rosidl_typesupport_introspection_c.h
-- Up-to-date: /home/ritvik/Documents/MRT_ROS_WS/install/can_interfaces/include/can_interfaces/can_interfaces/msg/detail/drive_command__rosidl_typesupport_introspection_c.h
-- Up-to-date: /home/ritvik/Documents/MRT_ROS_WS/install/can_interfaces/include/can_interfaces/can_interfaces/msg/detail/drive_command__type_support.c
-- Up-to-date: /home/ritvik/Documents/MRT_ROS_WS/install/can_interfaces/include/can_interfaces/can_interfaces/msg/rosidl_typesupport_introspection_c__visibility_control.h
-- Up-to-date: /home/ritvik/Documents/MRT_ROS_WS/install/can_interfaces/lib/libcan_interfaces__rosidl_typesupport_introspection_c.so
-- Up-to-date: /home/ritvik/Documents/MRT_ROS_WS/install/can_interfaces/lib/libcan_interfaces__rosidl_typesupport_c.so
-- Up-to-date: /home/ritvik/Documents/MRT_ROS_WS/install/can_interfaces/include/can_interfaces/can_interfaces
-- Up-to-date: /home/ritvik/Documents/MRT_ROS_WS/install/can_interfaces/include/can_interfaces/can_interfaces/msg
-- Up-to-date: /home/ritvik/Documents/MRT_ROS_WS/install/can_interfaces/include/can_interfaces/can_interfaces/msg/detail
-- Up-to-date: /home/ritvik/Documents/MRT_ROS_WS/install/can_interfaces/include/can_interfaces/can_interfaces/msg/detail/can_queue__type_support.hpp
-- Up-to-date: /home/ritvik/Documents/MRT_ROS_WS/install/can_interfaces/include/can_interfaces/can_interfaces/msg/detail/drive_command__builder.hpp
-- Up-to-date: /home/ritvik/Documents/MRT_ROS_WS/install/can_interfaces/include/can_interfaces/can_interfaces/msg/detail/can_queue__traits.hpp
-- Up-to-date: /home/ritvik/Documents/MRT_ROS_WS/install/can_interfaces/include/can_interfaces/can_interfaces/msg/detail/drive_command__type_support.hpp
-- Up-to-date: /home/ritvik/Documents/MRT_ROS_WS/install/can_interfaces/include/can_interfaces/can_interfaces/msg/detail/drive_command__traits.hpp
-- Up-to-date: /home/ritvik/Documents/MRT_ROS_WS/install/can_interfaces/include/can_interfaces/can_interfaces/msg/detail/drive_command__struct.hpp
-- Up-to-date: /home/ritvik/Documents/MRT_ROS_WS/install/can_interfaces/include/can_interfaces/can_interfaces/msg/detail/can_queue__builder.hpp
-- Up-to-date: /home/ritvik/Documents/MRT_ROS_WS/install/can_interfaces/include/can_interfaces/can_interfaces/msg/detail/can_queue__struct.hpp
-- Up-to-date: /home/ritvik/Documents/MRT_ROS_WS/install/can_interfaces/include/can_interfaces/can_interfaces/msg/rosidl_generator_cpp__visibility_control.hpp
-- Up-to-date: /home/ritvik/Documents/MRT_ROS_WS/install/can_interfaces/include/can_interfaces/can_interfaces/msg/drive_command.hpp
-- Up-to-date: /home/ritvik/Documents/MRT_ROS_WS/install/can_interfaces/include/can_interfaces/can_interfaces/msg/can_queue.hpp
-- Up-to-date: /home/ritvik/Documents/MRT_ROS_WS/install/can_interfaces/include/can_interfaces/can_interfaces
-- Up-to-date: /home/ritvik/Documents/MRT_ROS_WS/install/can_interfaces/include/can_interfaces/can_interfaces/msg
-- Up-to-date: /home/ritvik/Documents/MRT_ROS_WS/install/can_interfaces/include/can_interfaces/can_interfaces/msg/detail
-- Up-to-date: /home/ritvik/Documents/MRT_ROS_WS/install/can_interfaces/include/can_interfaces/can_interfaces/msg/detail/dds_fastrtps
-- Up-to-date: /home/ritvik/Documents/MRT_ROS_WS/install/can_interfaces/include/can_interfaces/can_interfaces/msg/detail/can_queue__rosidl_typesupport_fastrtps_cpp.hpp
-- Up-to-date: /home/ritvik/Documents/MRT_ROS_WS/install/can_interfaces/include/can_interfaces/can_interfaces/msg/detail/drive_command__rosidl_typesupport_fastrtps_cpp.hpp
-- Up-to-date: /home/ritvik/Documents/MRT_ROS_WS/install/can_interfaces/include/can_interfaces/can_interfaces/msg/rosidl_typesupport_fastrtps_cpp__visibility_control.h
-- Up-to-date: /home/ritvik/Documents/MRT_ROS_WS/install/can_interfaces/lib/libcan_interfaces__rosidl_typesupport_fastrtps_cpp.so
-- Up-to-date: /home/ritvik/Documents/MRT_ROS_WS/install/can_interfaces/include/can_interfaces/can_interfaces
-- Up-to-date: /home/ritvik/Documents/MRT_ROS_WS/install/can_interfaces/include/can_interfaces/can_interfaces/msg
-- Up-to-date: /home/ritvik/Documents/MRT_ROS_WS/install/can_interfaces/include/can_interfaces/can_interfaces/msg/detail
-- Up-to-date: /home/ritvik/Documents/MRT_ROS_WS/install/can_interfaces/include/can_interfaces/can_interfaces/msg/detail/drive_command__rosidl_typesupport_introspection_cpp.hpp
-- Up-to-date: /home/ritvik/Documents/MRT_ROS_WS/install/can_interfaces/include/can_interfaces/can_interfaces/msg/detail/drive_command__type_support.cpp
-- Up-to-date: /home/ritvik/Documents/MRT_ROS_WS/install/can_interfaces/include/can_interfaces/can_interfaces/msg/detail/can_queue__rosidl_typesupport_introspection_cpp.hpp
-- Up-to-date: /home/ritvik/Documents/MRT_ROS_WS/install/can_interfaces/include/can_interfaces/can_interfaces/msg/detail/can_queue__type_support.cpp
-- Up-to-date: /home/ritvik/Documents/MRT_ROS_WS/install/can_interfaces/lib/libcan_interfaces__rosidl_typesupport_introspection_cpp.so
-- Up-to-date: /home/ritvik/Documents/MRT_ROS_WS/install/can_interfaces/lib/libcan_interfaces__rosidl_typesupport_cpp.so
-- Up-to-date: /home/ritvik/Documents/MRT_ROS_WS/install/can_interfaces/share/can_interfaces/environment/pythonpath.sh
-- Up-to-date: /home/ritvik/Documents/MRT_ROS_WS/install/can_interfaces/share/can_interfaces/environment/pythonpath.dsv
-- Up-to-date: /home/ritvik/Documents/MRT_ROS_WS/install/can_interfaces/lib/python3.12/site-packages/can_interfaces-0.0.0-py3.12.egg-info
-- Installing: /home/ritvik/Documents/MRT_ROS_WS/install/can_interfaces/lib/python3.12/site-packages/can_interfaces-0.0.0-py3.12.egg-info/dependency_links.txt
-- Installing: /home/ritvik/Documents/MRT_ROS_WS/install/can_interfaces/lib/python3.12/site-packages/can_interfaces-0.0.0-py3.12.egg-info/top_level.txt
-- Installing: /home/ritvik/Documents/MRT_ROS_WS/install/can_interfaces/lib/python3.12/site-packages/can_interfaces-0.0.0-py3.12.egg-info/PKG-INFO
-- Installing: /home/ritvik/Documents/MRT_ROS_WS/install/can_interfaces/lib/python3.12/site-packages/can_interfaces-0.0.0-py3.12.egg-info/SOURCES.txt
-- Up-to-date: /home/ritvik/Documents/MRT_ROS_WS/install/can_interfaces/lib/python3.12/site-packages/can_interfaces
-- Up-to-date: /home/ritvik/Documents/MRT_ROS_WS/install/can_interfaces/lib/python3.12/site-packages/can_interfaces/can_interfaces_s__rosidl_typesupport_introspection_c.so
-- Up-to-date: /home/ritvik/Documents/MRT_ROS_WS/install/can_interfaces/lib/python3.12/site-packages/can_interfaces/msg
-- Up-to-date: /home/ritvik/Documents/MRT_ROS_WS/install/can_interfaces/lib/python3.12/site-packages/can_interfaces/msg/_can_queue_s.c
-- Up-to-date: /home/ritvik/Documents/MRT_ROS_WS/install/can_interfaces/lib/python3.12/site-packages/can_interfaces/msg/__init__.py
-- Up-to-date: /home/ritvik/Documents/MRT_ROS_WS/install/can_interfaces/lib/python3.12/site-packages/can_interfaces/msg/_drive_command_s.c
-- Up-to-date: /home/ritvik/Documents/MRT_ROS_WS/install/can_interfaces/lib/python3.12/site-packages/can_interfaces/msg/_can_queue.py
-- Up-to-date: /home/ritvik/Documents/MRT_ROS_WS/install/can_interfaces/lib/python3.12/site-packages/can_interfaces/msg/_drive_command.py
-- Up-to-date: /home/ritvik/Documents/MRT_ROS_WS/install/can_interfaces/lib/python3.12/site-packages/can_interfaces/_can_interfaces_s.ep.rosidl_typesupport_c.c
-- Up-to-date: /home/ritvik/Documents/MRT_ROS_WS/install/can_interfaces/lib/python3.12/site-packages/can_interfaces/can_interfaces_s__rosidl_typesupport_fastrtps_c.so
-- Up-to-date: /home/ritvik/Documents/MRT_ROS_WS/install/can_interfaces/lib/python3.12/site-packages/can_interfaces/__init__.py
-- Up-to-date: /home/ritvik/Documents/MRT_ROS_WS/install/can_interfaces/lib/python3.12/site-packages/can_interfaces/_can_interfaces_s.ep.rosidl_typesupport_fastrtps_c.c
-- Up-to-date: /home/ritvik/Documents/MRT_ROS_WS/install/can_interfaces/lib/python3.12/site-packages/can_interfaces/_can_interfaces_s.ep.rosidl_typesupport_introspection_c.c
-- Up-to-date: /home/ritvik/Documents/MRT_ROS_WS/install/can_interfaces/lib/python3.12/site-packages/can_interfaces/can_interfaces_s__rosidl_typesupport_c.so
Listing '/home/ritvik/Documents/MRT_ROS_WS/install/can_interfaces/lib/python3.12/site-packages/can_interfaces'...
Listing '/home/ritvik/Documents/MRT_ROS_WS/install/can_interfaces/lib/python3.12/site-packages/can_interfaces/msg'...
-- Up-to-date: /home/ritvik/Documents/MRT_ROS_WS/install/can_interfaces/lib/python3.12/site-packages/can_interfaces/can_interfaces_s__rosidl_typesupport_fastrtps_c.so
-- Up-to-date: /home/ritvik/Documents/MRT_ROS_WS/install/can_interfaces/lib/python3.12/site-packages/can_interfaces/can_interfaces_s__rosidl_typesupport_introspection_c.so
-- Up-to-date: /home/ritvik/Documents/MRT_ROS_WS/install/can_interfaces/lib/python3.12/site-packages/can_interfaces/can_interfaces_s__rosidl_typesupport_c.so
-- Up-to-date: /home/ritvik/Documents/MRT_ROS_WS/install/can_interfaces/lib/libcan_interfaces__rosidl_generator_py.so
-- Up-to-date: /home/ritvik/Documents/MRT_ROS_WS/install/can_interfaces/share/ament_index/resource_index/rust_packages/can_interfaces
-- Up-to-date: /home/ritvik/Documents/MRT_ROS_WS/install/can_interfaces/share/can_interfaces/rust
-- Up-to-date: /home/ritvik/Documents/MRT_ROS_WS/install/can_interfaces/share/can_interfaces/rust/Cargo.toml
-- Up-to-date: /home/ritvik/Documents/MRT_ROS_WS/install/can_interfaces/share/can_interfaces/rust/build.rs
-- Up-to-date: /home/ritvik/Documents/MRT_ROS_WS/install/can_interfaces/share/can_interfaces/rust/src
-- Up-to-date: /home/ritvik/Documents/MRT_ROS_WS/install/can_interfaces/share/can_interfaces/rust/src/lib.rs
-- Up-to-date: /home/ritvik/Documents/MRT_ROS_WS/install/can_interfaces/share/can_interfaces/rust/src/msg
-- Up-to-date: /home/ritvik/Documents/MRT_ROS_WS/install/can_interfaces/share/can_interfaces/rust/src/msg/rmw.rs
-- Up-to-date: /home/ritvik/Documents/MRT_ROS_WS/install/can_interfaces/share/can_interfaces/rust/src/msg.rs
-- Up-to-date: /home/ritvik/Documents/MRT_ROS_WS/install/can_interfaces/share/can_interfaces/msg/DriveCommand.idl
-- Up-to-date: /home/ritvik/Documents/MRT_ROS_WS/install/can_interfaces/share/can_interfaces/msg/CANQueue.idl
-- Up-to-date: /home/ritvik/Documents/MRT_ROS_WS/install/can_interfaces/share/can_interfaces/msg/DriveCommand.msg
-- Up-to-date: /home/ritvik/Documents/MRT_ROS_WS/install/can_interfaces/share/can_interfaces/msg/CANQueue.msg
-- Up-to-date: /home/ritvik/Documents/MRT_ROS_WS/install/can_interfaces/share/ament_index/resource_index/package_run_dependencies/can_interfaces
-- Up-to-date: /home/ritvik/Documents/MRT_ROS_WS/install/can_interfaces/share/ament_index/resource_index/parent_prefix_path/can_interfaces
-- Up-to-date: /home/ritvik/Documents/MRT_ROS_WS/install/can_interfaces/share/can_interfaces/environment/ament_prefix_path.sh
-- Up-to-date: /home/ritvik/Documents/MRT_ROS_WS/install/can_interfaces/share/can_interfaces/environment/ament_prefix_path.dsv
-- Up-to-date: /home/ritvik/Documents/MRT_ROS_WS/install/can_interfaces/share/can_interfaces/environment/path.sh
-- Up-to-date: /home/ritvik/Documents/MRT_ROS_WS/install/can_interfaces/share/can_interfaces/environment/path.dsv
-- Up-to-date: /home/ritvik/Documents/MRT_ROS_WS/install/can_interfaces/share/can_interfaces/local_setup.bash
-- Up-to-date: /home/ritvik/Documents/MRT_ROS_WS/install/can_interfaces/share/can_interfaces/local_setup.sh
-- Up-to-date: /home/ritvik/Documents/MRT_ROS_WS/install/can_interfaces/share/can_interfaces/local_setup.zsh
-- Up-to-date: /home/ritvik/Documents/MRT_ROS_WS/install/can_interfaces/share/can_interfaces/local_setup.dsv
-- Installing: /home/ritvik/Documents/MRT_ROS_WS/install/can_interfaces/share/can_interfaces/package.dsv
-- Up-to-date: /home/ritvik/Documents/MRT_ROS_WS/install/can_interfaces/share/ament_index/resource_index/packages/can_interfaces
-- Up-to-date: /home/ritvik/Documents/MRT_ROS_WS/install/can_interfaces/share/can_interfaces/cmake/export_can_interfaces__rosidl_generator_cExport.cmake
-- Up-to-date: /home/ritvik/Documents/MRT_ROS_WS/install/can_interfaces/share/can_interfaces/cmake/export_can_interfaces__rosidl_generator_cExport-noconfig.cmake
-- Up-to-date: /home/ritvik/Documents/MRT_ROS_WS/install/can_interfaces/share/can_interfaces/cmake/export_can_interfaces__rosidl_typesupport_fastrtps_cExport.cmake
-- Up-to-date: /home/ritvik/Documents/MRT_ROS_WS/install/can_interfaces/share/can_interfaces/cmake/export_can_interfaces__rosidl_typesupport_fastrtps_cExport-noconfig.cmake
-- Up-to-date: /home/ritvik/Documents/MRT_ROS_WS/install/can_interfaces/share/can_interfaces/cmake/can_interfaces__rosidl_typesupport_introspection_cExport.cmake
-- Up-to-date: /home/ritvik/Documents/MRT_ROS_WS/install/can_interfaces/share/can_interfaces/cmake/can_interfaces__rosidl_typesupport_introspection_cExport-noconfig.cmake
-- Up-to-date: /home/ritvik/Documents/MRT_ROS_WS/install/can_interfaces/share/can_interfaces/cmake/can_interfaces__rosidl_typesupport_cExport.cmake
-- Up-to-date: /home/ritvik/Documents/MRT_ROS_WS/install/can_interfaces/share/can_interfaces/cmake/can_interfaces__rosidl_typesupport_cExport-noconfig.cmake
-- Up-to-date: /home/ritvik/Documents/MRT_ROS_WS/install/can_interfaces/share/can_interfaces/cmake/export_can_interfaces__rosidl_generator_cppExport.cmake
-- Up-to-date: /home/ritvik/Documents/MRT_ROS_WS/install/can_interfaces/share/can_interfaces/cmake/export_can_interfaces__rosidl_typesupport_fastrtps_cppExport.cmake
-- Up-to-date: /home/ritvik/Documents/MRT_ROS_WS/install/can_interfaces/share/can_interfaces/cmake/export_can_interfaces__rosidl_typesupport_fastrtps_cppExport-noconfig.cmake
-- Up-to-date: /home/ritvik/Documents/MRT_ROS_WS/install/can_interfaces/share/can_interfaces/cmake/can_interfaces__rosidl_typesupport_introspection_cppExport.cmake
-- Up-to-date: /home/ritvik/Documents/MRT_ROS_WS/install/can_interfaces/share/can_interfaces/cmake/can_interfaces__rosidl_typesupport_introspection_cppExport-noconfig.cmake
-- Up-to-date: /home/ritvik/Documents/MRT_ROS_WS/install/can_interfaces/share/can_interfaces/cmake/can_interfaces__rosidl_typesupport_cppExport.cmake
-- Up-to-date: /home/ritvik/Documents/MRT_ROS_WS/install/can_interfaces/share/can_interfaces/cmake/can_interfaces__rosidl_typesupport_cppExport-noconfig.cmake
-- Up-to-date: /home/ritvik/Documents/MRT_ROS_WS/install/can_interfaces/share/can_interfaces/cmake/export_can_interfaces__rosidl_generator_pyExport.cmake
-- Up-to-date: /home/ritvik/Documents/MRT_ROS_WS/install/can_interfaces/share/can_interfaces/cmake/export_can_interfaces__rosidl_generator_pyExport-noconfig.cmake
-- Up-to-date: /home/ritvik/Documents/MRT_ROS_WS/install/can_interfaces/share/can_interfaces/cmake/rosidl_cmake-extras.cmake
-- Up-to-date: /home/ritvik/Documents/MRT_ROS_WS/install/can_interfaces/share/can_interfaces/cmake/ament_cmake_export_include_directories-extras.cmake
-- Up-to-date: /home/ritvik/Documents/MRT_ROS_WS/install/can_interfaces/share/can_interfaces/cmake/ament_cmake_export_libraries-extras.cmake
-- Up-to-date: /home/ritvik/Documents/MRT_ROS_WS/install/can_interfaces/share/can_interfaces/cmake/ament_cmake_export_targets-extras.cmake
-- Up-to-date: /home/ritvik/Documents/MRT_ROS_WS/install/can_interfaces/share/can_interfaces/cmake/rosidl_cmake_export_typesupport_targets-extras.cmake
-- Up-to-date: /home/ritvik/Documents/MRT_ROS_WS/install/can_interfaces/share/can_interfaces/cmake/ament_cmake_export_dependencies-extras.cmake
-- Up-to-date: /home/ritvik/Documents/MRT_ROS_WS/install/can_interfaces/share/can_interfaces/cmake/rosidl_cmake_export_typesupport_libraries-extras.cmake
-- Up-to-date: /home/ritvik/Documents/MRT_ROS_WS/install/can_interfaces/share/can_interfaces/cmake/can_interfacesConfig.cmake
-- Up-to-date: /home/ritvik/Documents/MRT_ROS_WS/install/can_interfaces/share/can_interfaces/cmake/can_interfacesConfig-version.cmake
-- Up-to-date: /home/ritvik/Documents/MRT_ROS_WS/install/can_interfaces/share/can_interfaces/package.xml
