[0.135s] Invoking command in '/home/ritvik/Documents/MRT_ROS_WS/build/can_interfaces': CMAKE_PREFIX_PATH=${CMAKE_PREFIX_PATH}:/opt/ros/jazzy DEBUGINFOD_URLS=https://debuginfod.ubuntu.com /usr/bin/cmake --build /home/ritvik/Documents/MRT_ROS_WS/build/can_interfaces -- -j16 -l16
[0.178s] [  4%] Built target can_interfaces__rs
[0.178s] [  4%] Built target can_interfaces__rosidl_generator_type_description
[0.186s] [  4%] Built target ament_cmake_python_copy_can_interfaces
[0.194s] [  6%] Built target can_interfaces__cpp
[0.197s] [ 24%] Built target can_interfaces__rosidl_generator_c
[0.218s] [ 60%] Built target can_interfaces__rosidl_typesupport_introspection_cpp
[0.218s] [ 60%] Built target can_interfaces__rosidl_typesupport_cpp
[0.218s] [ 60%] Built target can_interfaces__rosidl_typesupport_fastrtps_c
[0.218s] [ 60%] Built target can_interfaces__rosidl_typesupport_introspection_c
[0.218s] [ 68%] Built target can_interfaces__rosidl_typesupport_c
[0.219s] [ 77%] Built target can_interfaces__rosidl_typesupport_fastrtps_cpp
[0.238s] [ 77%] Built target can_interfaces
[0.260s] [ 80%] Built target can_interfaces__py
[0.281s] [ 86%] Built target can_interfaces__rosidl_generator_py
[0.302s] [100%] Built target can_interfaces_s__rosidl_typesupport_c
[0.302s] [100%] Built target can_interfaces_s__rosidl_typesupport_introspection_c
[0.303s] [100%] Built target can_interfaces_s__rosidl_typesupport_fastrtps_c
[0.329s] running egg_info
[0.340s] writing can_interfaces.egg-info/PKG-INFO
[0.340s] writing dependency_links to can_interfaces.egg-info/dependency_links.txt
[0.340s] writing top-level names to can_interfaces.egg-info/top_level.txt
[0.373s] reading manifest file 'can_interfaces.egg-info/SOURCES.txt'
[0.374s] writing manifest file 'can_interfaces.egg-info/SOURCES.txt'
[0.401s] [100%] Built target ament_cmake_python_build_can_interfaces_egg
[0.414s] Invoked command in '/home/ritvik/Documents/MRT_ROS_WS/build/can_interfaces' returned '0': CMAKE_PREFIX_PATH=${CMAKE_PREFIX_PATH}:/opt/ros/jazzy DEBUGINFOD_URLS=https://debuginfod.ubuntu.com /usr/bin/cmake --build /home/ritvik/Documents/MRT_ROS_WS/build/can_interfaces -- -j16 -l16
[0.422s] Invoking command in '/home/ritvik/Documents/MRT_ROS_WS/build/can_interfaces': CMAKE_PREFIX_PATH=${CMAKE_PREFIX_PATH}:/opt/ros/jazzy DEBUGINFOD_URLS=https://debuginfod.ubuntu.com /usr/bin/cmake --install /home/ritvik/Documents/MRT_ROS_WS/build/can_interfaces
[0.429s] -- Install configuration: ""
[0.429s] -- Up-to-date: /home/ritvik/Documents/MRT_ROS_WS/install/can_interfaces/share/ament_index/resource_index/rosidl_interfaces/can_interfaces
[0.429s] -- Up-to-date: /home/ritvik/Documents/MRT_ROS_WS/install/can_interfaces/share/can_interfaces/msg/DriveCommand.json
[0.429s] -- Up-to-date: /home/ritvik/Documents/MRT_ROS_WS/install/can_interfaces/share/can_interfaces/msg/CANQueue.json
[0.429s] -- Up-to-date: /home/ritvik/Documents/MRT_ROS_WS/install/can_interfaces/include/can_interfaces/can_interfaces
[0.429s] -- Up-to-date: /home/ritvik/Documents/MRT_ROS_WS/install/can_interfaces/include/can_interfaces/can_interfaces/msg
[0.429s] -- Up-to-date: /home/ritvik/Documents/MRT_ROS_WS/install/can_interfaces/include/can_interfaces/can_interfaces/msg/can_queue.h
[0.429s] -- Up-to-date: /home/ritvik/Documents/MRT_ROS_WS/install/can_interfaces/include/can_interfaces/can_interfaces/msg/detail
[0.429s] -- Up-to-date: /home/ritvik/Documents/MRT_ROS_WS/install/can_interfaces/include/can_interfaces/can_interfaces/msg/detail/can_queue__struct.h
[0.429s] -- Up-to-date: /home/ritvik/Documents/MRT_ROS_WS/install/can_interfaces/include/can_interfaces/can_interfaces/msg/detail/can_queue__functions.c
[0.430s] -- Up-to-date: /home/ritvik/Documents/MRT_ROS_WS/install/can_interfaces/include/can_interfaces/can_interfaces/msg/detail/drive_command__functions.c
[0.430s] -- Up-to-date: /home/ritvik/Documents/MRT_ROS_WS/install/can_interfaces/include/can_interfaces/can_interfaces/msg/detail/can_queue__type_support.c
[0.430s] -- Up-to-date: /home/ritvik/Documents/MRT_ROS_WS/install/can_interfaces/include/can_interfaces/can_interfaces/msg/detail/drive_command__struct.h
[0.430s] -- Up-to-date: /home/ritvik/Documents/MRT_ROS_WS/install/can_interfaces/include/can_interfaces/can_interfaces/msg/detail/can_queue__functions.h
[0.430s] -- Up-to-date: /home/ritvik/Documents/MRT_ROS_WS/install/can_interfaces/include/can_interfaces/can_interfaces/msg/detail/drive_command__description.c
[0.430s] -- Up-to-date: /home/ritvik/Documents/MRT_ROS_WS/install/can_interfaces/include/can_interfaces/can_interfaces/msg/detail/can_queue__description.c
[0.430s] -- Up-to-date: /home/ritvik/Documents/MRT_ROS_WS/install/can_interfaces/include/can_interfaces/can_interfaces/msg/detail/drive_command__type_support.h
[0.430s] -- Up-to-date: /home/ritvik/Documents/MRT_ROS_WS/install/can_interfaces/include/can_interfaces/can_interfaces/msg/detail/drive_command__functions.h
[0.430s] -- Up-to-date: /home/ritvik/Documents/MRT_ROS_WS/install/can_interfaces/include/can_interfaces/can_interfaces/msg/detail/drive_command__type_support.c
[0.430s] -- Up-to-date: /home/ritvik/Documents/MRT_ROS_WS/install/can_interfaces/include/can_interfaces/can_interfaces/msg/detail/can_queue__type_support.h
[0.430s] -- Up-to-date: /home/ritvik/Documents/MRT_ROS_WS/install/can_interfaces/include/can_interfaces/can_interfaces/msg/rosidl_generator_c__visibility_control.h
[0.430s] -- Up-to-date: /home/ritvik/Documents/MRT_ROS_WS/install/can_interfaces/include/can_interfaces/can_interfaces/msg/drive_command.h
[0.430s] -- Up-to-date: /home/ritvik/Documents/MRT_ROS_WS/install/can_interfaces/share/can_interfaces/environment/library_path.sh
[0.431s] -- Up-to-date: /home/ritvik/Documents/MRT_ROS_WS/install/can_interfaces/share/can_interfaces/environment/library_path.dsv
[0.431s] -- Up-to-date: /home/ritvik/Documents/MRT_ROS_WS/install/can_interfaces/lib/libcan_interfaces__rosidl_generator_c.so
[0.431s] -- Up-to-date: /home/ritvik/Documents/MRT_ROS_WS/install/can_interfaces/include/can_interfaces/can_interfaces
[0.431s] -- Up-to-date: /home/ritvik/Documents/MRT_ROS_WS/install/can_interfaces/include/can_interfaces/can_interfaces/msg
[0.431s] -- Up-to-date: /home/ritvik/Documents/MRT_ROS_WS/install/can_interfaces/include/can_interfaces/can_interfaces/msg/detail
[0.431s] -- Up-to-date: /home/ritvik/Documents/MRT_ROS_WS/install/can_interfaces/include/can_interfaces/can_interfaces/msg/detail/drive_command__rosidl_typesupport_fastrtps_c.h
[0.431s] -- Up-to-date: /home/ritvik/Documents/MRT_ROS_WS/install/can_interfaces/include/can_interfaces/can_interfaces/msg/detail/can_queue__rosidl_typesupport_fastrtps_c.h
[0.431s] -- Up-to-date: /home/ritvik/Documents/MRT_ROS_WS/install/can_interfaces/include/can_interfaces/can_interfaces/msg/rosidl_typesupport_fastrtps_c__visibility_control.h
[0.431s] -- Up-to-date: /home/ritvik/Documents/MRT_ROS_WS/install/can_interfaces/lib/libcan_interfaces__rosidl_typesupport_fastrtps_c.so
[0.431s] -- Up-to-date: /home/ritvik/Documents/MRT_ROS_WS/install/can_interfaces/include/can_interfaces/can_interfaces
[0.431s] -- Up-to-date: /home/ritvik/Documents/MRT_ROS_WS/install/can_interfaces/include/can_interfaces/can_interfaces/msg
[0.431s] -- Up-to-date: /home/ritvik/Documents/MRT_ROS_WS/install/can_interfaces/include/can_interfaces/can_interfaces/msg/detail
[0.431s] -- Up-to-date: /home/ritvik/Documents/MRT_ROS_WS/install/can_interfaces/include/can_interfaces/can_interfaces/msg/detail/can_queue__type_support.c
[0.432s] -- Up-to-date: /home/ritvik/Documents/MRT_ROS_WS/install/can_interfaces/include/can_interfaces/can_interfaces/msg/detail/can_queue__rosidl_typesupport_introspection_c.h
[0.432s] -- Up-to-date: /home/ritvik/Documents/MRT_ROS_WS/install/can_interfaces/include/can_interfaces/can_interfaces/msg/detail/drive_command__rosidl_typesupport_introspection_c.h
[0.432s] -- Up-to-date: /home/ritvik/Documents/MRT_ROS_WS/install/can_interfaces/include/can_interfaces/can_interfaces/msg/detail/drive_command__type_support.c
[0.432s] -- Up-to-date: /home/ritvik/Documents/MRT_ROS_WS/install/can_interfaces/include/can_interfaces/can_interfaces/msg/rosidl_typesupport_introspection_c__visibility_control.h
[0.432s] -- Up-to-date: /home/ritvik/Documents/MRT_ROS_WS/install/can_interfaces/lib/libcan_interfaces__rosidl_typesupport_introspection_c.so
[0.432s] -- Up-to-date: /home/ritvik/Documents/MRT_ROS_WS/install/can_interfaces/lib/libcan_interfaces__rosidl_typesupport_c.so
[0.432s] -- Up-to-date: /home/ritvik/Documents/MRT_ROS_WS/install/can_interfaces/include/can_interfaces/can_interfaces
[0.432s] -- Up-to-date: /home/ritvik/Documents/MRT_ROS_WS/install/can_interfaces/include/can_interfaces/can_interfaces/msg
[0.432s] -- Up-to-date: /home/ritvik/Documents/MRT_ROS_WS/install/can_interfaces/include/can_interfaces/can_interfaces/msg/detail
[0.432s] -- Up-to-date: /home/ritvik/Documents/MRT_ROS_WS/install/can_interfaces/include/can_interfaces/can_interfaces/msg/detail/can_queue__type_support.hpp
[0.432s] -- Up-to-date: /home/ritvik/Documents/MRT_ROS_WS/install/can_interfaces/include/can_interfaces/can_interfaces/msg/detail/drive_command__builder.hpp
[0.432s] -- Up-to-date: /home/ritvik/Documents/MRT_ROS_WS/install/can_interfaces/include/can_interfaces/can_interfaces/msg/detail/can_queue__traits.hpp
[0.432s] -- Up-to-date: /home/ritvik/Documents/MRT_ROS_WS/install/can_interfaces/include/can_interfaces/can_interfaces/msg/detail/drive_command__type_support.hpp
[0.432s] -- Up-to-date: /home/ritvik/Documents/MRT_ROS_WS/install/can_interfaces/include/can_interfaces/can_interfaces/msg/detail/drive_command__traits.hpp
[0.432s] -- Up-to-date: /home/ritvik/Documents/MRT_ROS_WS/install/can_interfaces/include/can_interfaces/can_interfaces/msg/detail/drive_command__struct.hpp
[0.433s] -- Up-to-date: /home/ritvik/Documents/MRT_ROS_WS/install/can_interfaces/include/can_interfaces/can_interfaces/msg/detail/can_queue__builder.hpp
[0.433s] -- Up-to-date: /home/ritvik/Documents/MRT_ROS_WS/install/can_interfaces/include/can_interfaces/can_interfaces/msg/detail/can_queue__struct.hpp
[0.433s] -- Up-to-date: /home/ritvik/Documents/MRT_ROS_WS/install/can_interfaces/include/can_interfaces/can_interfaces/msg/rosidl_generator_cpp__visibility_control.hpp
[0.433s] -- Up-to-date: /home/ritvik/Documents/MRT_ROS_WS/install/can_interfaces/include/can_interfaces/can_interfaces/msg/drive_command.hpp
[0.433s] -- Up-to-date: /home/ritvik/Documents/MRT_ROS_WS/install/can_interfaces/include/can_interfaces/can_interfaces/msg/can_queue.hpp
[0.433s] -- Up-to-date: /home/ritvik/Documents/MRT_ROS_WS/install/can_interfaces/include/can_interfaces/can_interfaces
[0.433s] -- Up-to-date: /home/ritvik/Documents/MRT_ROS_WS/install/can_interfaces/include/can_interfaces/can_interfaces/msg
[0.433s] -- Up-to-date: /home/ritvik/Documents/MRT_ROS_WS/install/can_interfaces/include/can_interfaces/can_interfaces/msg/detail
[0.433s] -- Up-to-date: /home/ritvik/Documents/MRT_ROS_WS/install/can_interfaces/include/can_interfaces/can_interfaces/msg/detail/dds_fastrtps
[0.433s] -- Up-to-date: /home/ritvik/Documents/MRT_ROS_WS/install/can_interfaces/include/can_interfaces/can_interfaces/msg/detail/can_queue__rosidl_typesupport_fastrtps_cpp.hpp
[0.433s] -- Up-to-date: /home/ritvik/Documents/MRT_ROS_WS/install/can_interfaces/include/can_interfaces/can_interfaces/msg/detail/drive_command__rosidl_typesupport_fastrtps_cpp.hpp
[0.433s] -- Up-to-date: /home/ritvik/Documents/MRT_ROS_WS/install/can_interfaces/include/can_interfaces/can_interfaces/msg/rosidl_typesupport_fastrtps_cpp__visibility_control.h
[0.433s] -- Up-to-date: /home/ritvik/Documents/MRT_ROS_WS/install/can_interfaces/lib/libcan_interfaces__rosidl_typesupport_fastrtps_cpp.so
[0.433s] -- Up-to-date: /home/ritvik/Documents/MRT_ROS_WS/install/can_interfaces/include/can_interfaces/can_interfaces
[0.434s] -- Up-to-date: /home/ritvik/Documents/MRT_ROS_WS/install/can_interfaces/include/can_interfaces/can_interfaces/msg
[0.434s] -- Up-to-date: /home/ritvik/Documents/MRT_ROS_WS/install/can_interfaces/include/can_interfaces/can_interfaces/msg/detail
[0.434s] -- Up-to-date: /home/ritvik/Documents/MRT_ROS_WS/install/can_interfaces/include/can_interfaces/can_interfaces/msg/detail/drive_command__rosidl_typesupport_introspection_cpp.hpp
[0.434s] -- Up-to-date: /home/ritvik/Documents/MRT_ROS_WS/install/can_interfaces/include/can_interfaces/can_interfaces/msg/detail/drive_command__type_support.cpp
[0.434s] -- Up-to-date: /home/ritvik/Documents/MRT_ROS_WS/install/can_interfaces/include/can_interfaces/can_interfaces/msg/detail/can_queue__rosidl_typesupport_introspection_cpp.hpp
[0.434s] -- Up-to-date: /home/ritvik/Documents/MRT_ROS_WS/install/can_interfaces/include/can_interfaces/can_interfaces/msg/detail/can_queue__type_support.cpp
[0.434s] -- Up-to-date: /home/ritvik/Documents/MRT_ROS_WS/install/can_interfaces/lib/libcan_interfaces__rosidl_typesupport_introspection_cpp.so
[0.434s] -- Up-to-date: /home/ritvik/Documents/MRT_ROS_WS/install/can_interfaces/lib/libcan_interfaces__rosidl_typesupport_cpp.so
[0.434s] -- Up-to-date: /home/ritvik/Documents/MRT_ROS_WS/install/can_interfaces/share/can_interfaces/environment/pythonpath.sh
[0.434s] -- Up-to-date: /home/ritvik/Documents/MRT_ROS_WS/install/can_interfaces/share/can_interfaces/environment/pythonpath.dsv
[0.434s] -- Up-to-date: /home/ritvik/Documents/MRT_ROS_WS/install/can_interfaces/lib/python3.12/site-packages/can_interfaces-0.0.0-py3.12.egg-info
[0.434s] -- Installing: /home/ritvik/Documents/MRT_ROS_WS/install/can_interfaces/lib/python3.12/site-packages/can_interfaces-0.0.0-py3.12.egg-info/dependency_links.txt
[0.434s] -- Installing: /home/ritvik/Documents/MRT_ROS_WS/install/can_interfaces/lib/python3.12/site-packages/can_interfaces-0.0.0-py3.12.egg-info/top_level.txt
[0.434s] -- Installing: /home/ritvik/Documents/MRT_ROS_WS/install/can_interfaces/lib/python3.12/site-packages/can_interfaces-0.0.0-py3.12.egg-info/PKG-INFO
[0.434s] -- Installing: /home/ritvik/Documents/MRT_ROS_WS/install/can_interfaces/lib/python3.12/site-packages/can_interfaces-0.0.0-py3.12.egg-info/SOURCES.txt
[0.434s] -- Up-to-date: /home/ritvik/Documents/MRT_ROS_WS/install/can_interfaces/lib/python3.12/site-packages/can_interfaces
[0.435s] -- Up-to-date: /home/ritvik/Documents/MRT_ROS_WS/install/can_interfaces/lib/python3.12/site-packages/can_interfaces/can_interfaces_s__rosidl_typesupport_introspection_c.so
[0.435s] -- Up-to-date: /home/ritvik/Documents/MRT_ROS_WS/install/can_interfaces/lib/python3.12/site-packages/can_interfaces/msg
[0.435s] -- Up-to-date: /home/ritvik/Documents/MRT_ROS_WS/install/can_interfaces/lib/python3.12/site-packages/can_interfaces/msg/_can_queue_s.c
[0.435s] -- Up-to-date: /home/ritvik/Documents/MRT_ROS_WS/install/can_interfaces/lib/python3.12/site-packages/can_interfaces/msg/__init__.py
[0.435s] -- Up-to-date: /home/ritvik/Documents/MRT_ROS_WS/install/can_interfaces/lib/python3.12/site-packages/can_interfaces/msg/_drive_command_s.c
[0.435s] -- Up-to-date: /home/ritvik/Documents/MRT_ROS_WS/install/can_interfaces/lib/python3.12/site-packages/can_interfaces/msg/_can_queue.py
[0.435s] -- Up-to-date: /home/ritvik/Documents/MRT_ROS_WS/install/can_interfaces/lib/python3.12/site-packages/can_interfaces/msg/_drive_command.py
[0.435s] -- Up-to-date: /home/ritvik/Documents/MRT_ROS_WS/install/can_interfaces/lib/python3.12/site-packages/can_interfaces/_can_interfaces_s.ep.rosidl_typesupport_c.c
[0.435s] -- Up-to-date: /home/ritvik/Documents/MRT_ROS_WS/install/can_interfaces/lib/python3.12/site-packages/can_interfaces/can_interfaces_s__rosidl_typesupport_fastrtps_c.so
[0.435s] -- Up-to-date: /home/ritvik/Documents/MRT_ROS_WS/install/can_interfaces/lib/python3.12/site-packages/can_interfaces/__init__.py
[0.435s] -- Up-to-date: /home/ritvik/Documents/MRT_ROS_WS/install/can_interfaces/lib/python3.12/site-packages/can_interfaces/_can_interfaces_s.ep.rosidl_typesupport_fastrtps_c.c
[0.435s] -- Up-to-date: /home/ritvik/Documents/MRT_ROS_WS/install/can_interfaces/lib/python3.12/site-packages/can_interfaces/_can_interfaces_s.ep.rosidl_typesupport_introspection_c.c
[0.435s] -- Up-to-date: /home/ritvik/Documents/MRT_ROS_WS/install/can_interfaces/lib/python3.12/site-packages/can_interfaces/can_interfaces_s__rosidl_typesupport_c.so
[0.459s] Listing '/home/ritvik/Documents/MRT_ROS_WS/install/can_interfaces/lib/python3.12/site-packages/can_interfaces'...
[0.459s] Listing '/home/ritvik/Documents/MRT_ROS_WS/install/can_interfaces/lib/python3.12/site-packages/can_interfaces/msg'...
[0.463s] -- Up-to-date: /home/ritvik/Documents/MRT_ROS_WS/install/can_interfaces/lib/python3.12/site-packages/can_interfaces/can_interfaces_s__rosidl_typesupport_fastrtps_c.so
[0.463s] -- Up-to-date: /home/ritvik/Documents/MRT_ROS_WS/install/can_interfaces/lib/python3.12/site-packages/can_interfaces/can_interfaces_s__rosidl_typesupport_introspection_c.so
[0.463s] -- Up-to-date: /home/ritvik/Documents/MRT_ROS_WS/install/can_interfaces/lib/python3.12/site-packages/can_interfaces/can_interfaces_s__rosidl_typesupport_c.so
[0.463s] -- Up-to-date: /home/ritvik/Documents/MRT_ROS_WS/install/can_interfaces/lib/libcan_interfaces__rosidl_generator_py.so
[0.464s] -- Up-to-date: /home/ritvik/Documents/MRT_ROS_WS/install/can_interfaces/share/ament_index/resource_index/rust_packages/can_interfaces
[0.464s] -- Up-to-date: /home/ritvik/Documents/MRT_ROS_WS/install/can_interfaces/share/can_interfaces/rust
[0.464s] -- Up-to-date: /home/ritvik/Documents/MRT_ROS_WS/install/can_interfaces/share/can_interfaces/rust/Cargo.toml
[0.464s] -- Up-to-date: /home/ritvik/Documents/MRT_ROS_WS/install/can_interfaces/share/can_interfaces/rust/build.rs
[0.464s] -- Up-to-date: /home/ritvik/Documents/MRT_ROS_WS/install/can_interfaces/share/can_interfaces/rust/src
[0.464s] -- Up-to-date: /home/ritvik/Documents/MRT_ROS_WS/install/can_interfaces/share/can_interfaces/rust/src/lib.rs
[0.464s] -- Up-to-date: /home/ritvik/Documents/MRT_ROS_WS/install/can_interfaces/share/can_interfaces/rust/src/msg
[0.464s] -- Up-to-date: /home/ritvik/Documents/MRT_ROS_WS/install/can_interfaces/share/can_interfaces/rust/src/msg/rmw.rs
[0.464s] -- Up-to-date: /home/ritvik/Documents/MRT_ROS_WS/install/can_interfaces/share/can_interfaces/rust/src/msg.rs
[0.464s] -- Up-to-date: /home/ritvik/Documents/MRT_ROS_WS/install/can_interfaces/share/can_interfaces/msg/DriveCommand.idl
[0.464s] -- Up-to-date: /home/ritvik/Documents/MRT_ROS_WS/install/can_interfaces/share/can_interfaces/msg/CANQueue.idl
[0.464s] -- Up-to-date: /home/ritvik/Documents/MRT_ROS_WS/install/can_interfaces/share/can_interfaces/msg/DriveCommand.msg
[0.464s] -- Up-to-date: /home/ritvik/Documents/MRT_ROS_WS/install/can_interfaces/share/can_interfaces/msg/CANQueue.msg
[0.465s] -- Up-to-date: /home/ritvik/Documents/MRT_ROS_WS/install/can_interfaces/share/ament_index/resource_index/package_run_dependencies/can_interfaces
[0.465s] -- Up-to-date: /home/ritvik/Documents/MRT_ROS_WS/install/can_interfaces/share/ament_index/resource_index/parent_prefix_path/can_interfaces
[0.465s] -- Up-to-date: /home/ritvik/Documents/MRT_ROS_WS/install/can_interfaces/share/can_interfaces/environment/ament_prefix_path.sh
[0.465s] -- Up-to-date: /home/ritvik/Documents/MRT_ROS_WS/install/can_interfaces/share/can_interfaces/environment/ament_prefix_path.dsv
[0.465s] -- Up-to-date: /home/ritvik/Documents/MRT_ROS_WS/install/can_interfaces/share/can_interfaces/environment/path.sh
[0.465s] -- Up-to-date: /home/ritvik/Documents/MRT_ROS_WS/install/can_interfaces/share/can_interfaces/environment/path.dsv
[0.465s] -- Up-to-date: /home/ritvik/Documents/MRT_ROS_WS/install/can_interfaces/share/can_interfaces/local_setup.bash
[0.465s] -- Up-to-date: /home/ritvik/Documents/MRT_ROS_WS/install/can_interfaces/share/can_interfaces/local_setup.sh
[0.465s] -- Up-to-date: /home/ritvik/Documents/MRT_ROS_WS/install/can_interfaces/share/can_interfaces/local_setup.zsh
[0.465s] -- Up-to-date: /home/ritvik/Documents/MRT_ROS_WS/install/can_interfaces/share/can_interfaces/local_setup.dsv
[0.465s] -- Installing: /home/ritvik/Documents/MRT_ROS_WS/install/can_interfaces/share/can_interfaces/package.dsv
[0.465s] -- Up-to-date: /home/ritvik/Documents/MRT_ROS_WS/install/can_interfaces/share/ament_index/resource_index/packages/can_interfaces
[0.465s] -- Up-to-date: /home/ritvik/Documents/MRT_ROS_WS/install/can_interfaces/share/can_interfaces/cmake/export_can_interfaces__rosidl_generator_cExport.cmake
[0.465s] -- Up-to-date: /home/ritvik/Documents/MRT_ROS_WS/install/can_interfaces/share/can_interfaces/cmake/export_can_interfaces__rosidl_generator_cExport-noconfig.cmake
[0.466s] -- Up-to-date: /home/ritvik/Documents/MRT_ROS_WS/install/can_interfaces/share/can_interfaces/cmake/export_can_interfaces__rosidl_typesupport_fastrtps_cExport.cmake
[0.466s] -- Up-to-date: /home/ritvik/Documents/MRT_ROS_WS/install/can_interfaces/share/can_interfaces/cmake/export_can_interfaces__rosidl_typesupport_fastrtps_cExport-noconfig.cmake
[0.466s] -- Up-to-date: /home/ritvik/Documents/MRT_ROS_WS/install/can_interfaces/share/can_interfaces/cmake/can_interfaces__rosidl_typesupport_introspection_cExport.cmake
[0.466s] -- Up-to-date: /home/ritvik/Documents/MRT_ROS_WS/install/can_interfaces/share/can_interfaces/cmake/can_interfaces__rosidl_typesupport_introspection_cExport-noconfig.cmake
[0.466s] -- Up-to-date: /home/ritvik/Documents/MRT_ROS_WS/install/can_interfaces/share/can_interfaces/cmake/can_interfaces__rosidl_typesupport_cExport.cmake
[0.466s] -- Up-to-date: /home/ritvik/Documents/MRT_ROS_WS/install/can_interfaces/share/can_interfaces/cmake/can_interfaces__rosidl_typesupport_cExport-noconfig.cmake
[0.466s] -- Up-to-date: /home/ritvik/Documents/MRT_ROS_WS/install/can_interfaces/share/can_interfaces/cmake/export_can_interfaces__rosidl_generator_cppExport.cmake
[0.466s] -- Up-to-date: /home/ritvik/Documents/MRT_ROS_WS/install/can_interfaces/share/can_interfaces/cmake/export_can_interfaces__rosidl_typesupport_fastrtps_cppExport.cmake
[0.466s] -- Up-to-date: /home/ritvik/Documents/MRT_ROS_WS/install/can_interfaces/share/can_interfaces/cmake/export_can_interfaces__rosidl_typesupport_fastrtps_cppExport-noconfig.cmake
[0.466s] -- Up-to-date: /home/ritvik/Documents/MRT_ROS_WS/install/can_interfaces/share/can_interfaces/cmake/can_interfaces__rosidl_typesupport_introspection_cppExport.cmake
[0.466s] -- Up-to-date: /home/ritvik/Documents/MRT_ROS_WS/install/can_interfaces/share/can_interfaces/cmake/can_interfaces__rosidl_typesupport_introspection_cppExport-noconfig.cmake
[0.466s] -- Up-to-date: /home/ritvik/Documents/MRT_ROS_WS/install/can_interfaces/share/can_interfaces/cmake/can_interfaces__rosidl_typesupport_cppExport.cmake
[0.466s] -- Up-to-date: /home/ritvik/Documents/MRT_ROS_WS/install/can_interfaces/share/can_interfaces/cmake/can_interfaces__rosidl_typesupport_cppExport-noconfig.cmake
[0.466s] -- Up-to-date: /home/ritvik/Documents/MRT_ROS_WS/install/can_interfaces/share/can_interfaces/cmake/export_can_interfaces__rosidl_generator_pyExport.cmake
[0.466s] -- Up-to-date: /home/ritvik/Documents/MRT_ROS_WS/install/can_interfaces/share/can_interfaces/cmake/export_can_interfaces__rosidl_generator_pyExport-noconfig.cmake
[0.466s] -- Up-to-date: /home/ritvik/Documents/MRT_ROS_WS/install/can_interfaces/share/can_interfaces/cmake/rosidl_cmake-extras.cmake
[0.466s] -- Up-to-date: /home/ritvik/Documents/MRT_ROS_WS/install/can_interfaces/share/can_interfaces/cmake/ament_cmake_export_include_directories-extras.cmake
[0.466s] -- Up-to-date: /home/ritvik/Documents/MRT_ROS_WS/install/can_interfaces/share/can_interfaces/cmake/ament_cmake_export_libraries-extras.cmake
[0.467s] -- Up-to-date: /home/ritvik/Documents/MRT_ROS_WS/install/can_interfaces/share/can_interfaces/cmake/ament_cmake_export_targets-extras.cmake
[0.467s] -- Up-to-date: /home/ritvik/Documents/MRT_ROS_WS/install/can_interfaces/share/can_interfaces/cmake/rosidl_cmake_export_typesupport_targets-extras.cmake
[0.467s] -- Up-to-date: /home/ritvik/Documents/MRT_ROS_WS/install/can_interfaces/share/can_interfaces/cmake/ament_cmake_export_dependencies-extras.cmake
[0.467s] -- Up-to-date: /home/ritvik/Documents/MRT_ROS_WS/install/can_interfaces/share/can_interfaces/cmake/rosidl_cmake_export_typesupport_libraries-extras.cmake
[0.467s] -- Up-to-date: /home/ritvik/Documents/MRT_ROS_WS/install/can_interfaces/share/can_interfaces/cmake/can_interfacesConfig.cmake
[0.467s] -- Up-to-date: /home/ritvik/Documents/MRT_ROS_WS/install/can_interfaces/share/can_interfaces/cmake/can_interfacesConfig-version.cmake
[0.467s] -- Up-to-date: /home/ritvik/Documents/MRT_ROS_WS/install/can_interfaces/share/can_interfaces/package.xml
[0.468s] Invoked command in '/home/ritvik/Documents/MRT_ROS_WS/build/can_interfaces' returned '0': CMAKE_PREFIX_PATH=${CMAKE_PREFIX_PATH}:/opt/ros/jazzy DEBUGINFOD_URLS=https://debuginfod.ubuntu.com /usr/bin/cmake --install /home/ritvik/Documents/MRT_ROS_WS/build/can_interfaces
